🛑 Останавливаем сервис синхронизации (PID=3623560) и его группу...
✅ Группа процессов сервиса синхронизации (PID=3623560) остановлена
🧹 Чистим порт 8007...
8007/tcp:            3623560 3623563
✅ Порт 8007 свободен
🚀 Запускаем uvicorn для сервиса синхронизации...
✅ Сервис синхронизации запущен на порту 8007 (PID=3624843)
2025-07-30 15:03:58,325 - uvicorn.error - INFO - Will watch for changes in these directories: ['/root/asterisk-webhook']
2025-07-30 15:03:58,325 - uvicorn.error - INFO - Uvicorn running on http://0.0.0.0:8007 (Press CTRL+C to quit)
2025-07-30 15:03:58,325 - uvicorn.error - INFO - Started reloader process [3624843] using StatReload
2025-07-30 15:03:58,427 - asyncio - DEBUG - Using selector: EpollSelector
2025-07-30 15:03:58,838 - uvicorn.error - INFO - Started server process [3624847]
2025-07-30 15:03:58,838 - uvicorn.error - INFO - Waiting for application startup.
2025-07-30 15:03:58,838 - download - INFO - Запуск сервиса загрузки, автосинхронизация каждые 5 минут
2025-07-30 15:03:58,839 - download - INFO - Запуск автоматической синхронизации live событий
2025-07-30 15:03:58,848 - download - INFO - Начинаю синхронизацию live событий для предприятия 0100
2025-07-30 15:04:00,343 - download - INFO - Найдено 0 неуспешных событий hangup для 0100
2025-07-30 15:04:00,343 - download - INFO - Синхронизация live событий для 0100 завершена: 0 новых событий
2025-07-30 15:04:00,344 - download - INFO - Начинаю синхронизацию live событий для предприятия 0103
2025-07-30 15:04:01,434 - download - INFO - Найдено 2 неуспешных событий hangup для 0103
2025-07-30 15:04:01,444 - download - INFO - Обрабатываю событие 1753858720.24
2025-07-30 15:04:01,446 - download - INFO - Событие 1753858720.24 уже есть в БД
2025-07-30 15:04:01,446 - download - INFO - Обрабатываю событие 1753885807.95
2025-07-30 15:04:01,446 - download - INFO - Событие 1753885807.95 уже есть в БД
2025-07-30 15:04:01,458 - download - INFO - Синхронизация live событий для 0103 завершена: 0 новых событий
2025-07-30 15:04:01,459 - download - INFO - Начинаю синхронизацию live событий для предприятия 0104
2025-07-30 15:04:02,953 - download - INFO - Найдено 0 неуспешных событий hangup для 0104
2025-07-30 15:04:02,953 - download - INFO - Синхронизация live событий для 0104 завершена: 0 новых событий
2025-07-30 15:04:02,953 - download - INFO - Начинаю синхронизацию live событий для предприятия 0106
2025-07-30 15:04:04,505 - download - INFO - Найдено 0 неуспешных событий hangup для 0106
2025-07-30 15:04:04,505 - download - INFO - Синхронизация live событий для 0106 завершена: 0 новых событий
2025-07-30 15:04:04,505 - download - INFO - Начинаю синхронизацию live событий для предприятия 0107
2025-07-30 15:04:05,587 - download - INFO - Найдено 8 неуспешных событий hangup для 0107
2025-07-30 15:04:05,598 - download - INFO - Обрабатываю событие 1753860963.124
2025-07-30 15:04:05,599 - download - INFO - Событие 1753860963.124 уже есть в БД
2025-07-30 15:04:05,599 - download - INFO - Обрабатываю событие 1753860963.124
2025-07-30 15:04:05,599 - download - INFO - Событие 1753860963.124 уже есть в БД
2025-07-30 15:04:05,600 - download - INFO - Обрабатываю событие 1753870766.265
2025-07-30 15:04:05,600 - download - INFO - Событие 1753870766.265 уже есть в БД
2025-07-30 15:04:05,600 - download - INFO - Обрабатываю событие 1753870766.265
2025-07-30 15:04:05,600 - download - INFO - Событие 1753870766.265 уже есть в БД
2025-07-30 15:04:05,601 - download - INFO - Обрабатываю событие 1753874485.295
2025-07-30 15:04:05,601 - download - INFO - Событие 1753874485.295 уже есть в БД
2025-07-30 15:04:05,601 - download - INFO - Обрабатываю событие 1753874485.295
2025-07-30 15:04:05,601 - download - INFO - Событие 1753874485.295 уже есть в БД
2025-07-30 15:04:05,601 - download - INFO - Обрабатываю событие 1753878572.374
2025-07-30 15:04:05,602 - download - INFO - Событие 1753878572.374 уже есть в БД
2025-07-30 15:04:05,602 - download - INFO - Обрабатываю событие 1753878572.374
2025-07-30 15:04:05,602 - download - INFO - Событие 1753878572.374 уже есть в БД
2025-07-30 15:04:05,615 - download - INFO - Синхронизация live событий для 0107 завершена: 0 новых событий
2025-07-30 15:04:05,616 - download - INFO - Начинаю синхронизацию live событий для предприятия 0110
2025-07-30 15:04:06,835 - download - INFO - Найдено 0 неуспешных событий hangup для 0110
2025-07-30 15:04:06,836 - download - INFO - Синхронизация live событий для 0110 завершена: 0 новых событий
2025-07-30 15:04:06,836 - download - INFO - Начинаю синхронизацию live событий для предприятия 0111
2025-07-30 15:04:08,082 - download - INFO - Найдено 2 неуспешных событий hangup для 0111
2025-07-30 15:04:08,091 - download - INFO - Обрабатываю событие 1753873455.20
2025-07-30 15:04:08,093 - download - INFO - Событие 1753873455.20 уже есть в БД
2025-07-30 15:04:08,093 - download - INFO - Обрабатываю событие 1753873455.20
2025-07-30 15:04:08,094 - download - INFO - Событие 1753873455.20 уже есть в БД
2025-07-30 15:04:08,104 - download - INFO - Синхронизация live событий для 0111 завершена: 0 новых событий
2025-07-30 15:04:08,104 - download - INFO - Начинаю синхронизацию live событий для предприятия 0113
2025-07-30 15:04:09,511 - download - INFO - Найдено 54 неуспешных событий hangup для 0113
2025-07-30 15:04:09,517 - download - INFO - Обрабатываю событие 1753861862.522
2025-07-30 15:04:09,518 - download - INFO - Событие 1753861862.522 уже есть в БД
2025-07-30 15:04:09,519 - download - INFO - Обрабатываю событие 1753861862.522
2025-07-30 15:04:09,519 - download - INFO - Событие 1753861862.522 уже есть в БД
2025-07-30 15:04:09,519 - download - INFO - Обрабатываю событие 1753863781.600
2025-07-30 15:04:09,519 - download - INFO - Событие 1753863781.600 уже есть в БД
2025-07-30 15:04:09,519 - download - INFO - Обрабатываю событие 1753863781.600
2025-07-30 15:04:09,520 - download - INFO - Событие 1753863781.600 уже есть в БД
2025-07-30 15:04:09,520 - download - INFO - Обрабатываю событие 1753870649.1264
2025-07-30 15:04:09,520 - download - INFO - Событие 1753870649.1264 уже есть в БД
2025-07-30 15:04:09,520 - download - INFO - Обрабатываю событие 1753870649.1264
2025-07-30 15:04:09,520 - download - INFO - Событие 1753870649.1264 уже есть в БД
2025-07-30 15:04:09,520 - download - INFO - Обрабатываю событие 1753870574.1262
2025-07-30 15:04:09,520 - download - INFO - Событие 1753870574.1262 уже есть в БД
2025-07-30 15:04:09,520 - download - INFO - Обрабатываю событие 1753870574.1262
2025-07-30 15:04:09,522 - download - INFO - Событие 1753870574.1262 уже есть в БД
2025-07-30 15:04:09,523 - download - INFO - Обрабатываю событие 1753870685.1272
2025-07-30 15:04:09,523 - download - INFO - Событие 1753870685.1272 уже есть в БД
2025-07-30 15:04:09,523 - download - INFO - Обрабатываю событие 1753870685.1272
2025-07-30 15:04:09,523 - download - INFO - Событие 1753870685.1272 уже есть в БД
2025-07-30 15:04:09,523 - download - INFO - Обрабатываю событие 1753870827.1281
2025-07-30 15:04:09,523 - download - INFO - Событие 1753870827.1281 уже есть в БД
2025-07-30 15:04:09,523 - download - INFO - Обрабатываю событие 1753870827.1281
2025-07-30 15:04:09,524 - download - INFO - Событие 1753870827.1281 уже есть в БД
2025-07-30 15:04:09,524 - download - INFO - Обрабатываю событие 1753871652.1322
2025-07-30 15:04:09,527 - download - INFO - Событие 1753871652.1322 уже есть в БД
2025-07-30 15:04:09,527 - download - INFO - Обрабатываю событие 1753871652.1322
2025-07-30 15:04:09,527 - download - INFO - Событие 1753871652.1322 уже есть в БД
2025-07-30 15:04:09,527 - download - INFO - Обрабатываю событие 1753871837.1347
2025-07-30 15:04:09,527 - download - INFO - Событие 1753871837.1347 уже есть в БД
2025-07-30 15:04:09,527 - download - INFO - Обрабатываю событие 1753871837.1347
2025-07-30 15:04:09,528 - download - INFO - Событие 1753871837.1347 уже есть в БД
2025-07-30 15:04:09,528 - download - INFO - Обрабатываю событие 1753871850.1351
2025-07-30 15:04:09,528 - download - INFO - Событие 1753871850.1351 уже есть в БД
2025-07-30 15:04:09,528 - download - INFO - Обрабатываю событие 1753871850.1351
2025-07-30 15:04:09,528 - download - INFO - Событие 1753871850.1351 уже есть в БД
2025-07-30 15:04:09,528 - download - INFO - Обрабатываю событие 1753876896.1562
2025-07-30 15:04:09,529 - download - INFO - Событие 1753876896.1562 уже есть в БД
2025-07-30 15:04:09,529 - download - INFO - Обрабатываю событие 1753876896.1562
2025-07-30 15:04:09,530 - download - INFO - Событие 1753876896.1562 уже есть в БД
2025-07-30 15:04:09,531 - download - INFO - Обрабатываю событие 1753876951.1566
2025-07-30 15:04:09,531 - download - INFO - Событие 1753876951.1566 уже есть в БД
2025-07-30 15:04:09,531 - download - INFO - Обрабатываю событие 1753876951.1566
2025-07-30 15:04:09,531 - download - INFO - Событие 1753876951.1566 уже есть в БД
2025-07-30 15:04:09,531 - download - INFO - Обрабатываю событие 1753876994.1574
2025-07-30 15:04:09,531 - download - INFO - Событие 1753876994.1574 уже есть в БД
2025-07-30 15:04:09,531 - download - INFO - Обрабатываю событие 1753876994.1574
2025-07-30 15:04:09,543 - download - INFO - Событие 1753876994.1574 уже есть в БД
2025-07-30 15:04:09,543 - download - INFO - Обрабатываю событие 1753878531.1747
2025-07-30 15:04:09,543 - download - INFO - Событие 1753878531.1747 уже есть в БД
2025-07-30 15:04:09,543 - download - INFO - Обрабатываю событие 1753878531.1747
2025-07-30 15:04:09,543 - download - INFO - Событие 1753878531.1747 уже есть в БД
2025-07-30 15:04:09,543 - download - INFO - Обрабатываю событие 1753883008.1947
2025-07-30 15:04:09,544 - download - INFO - Событие 1753883008.1947 уже есть в БД
2025-07-30 15:04:09,544 - download - INFO - Обрабатываю событие 1753883008.1947
2025-07-30 15:04:09,544 - download - INFO - Событие 1753883008.1947 уже есть в БД
2025-07-30 15:04:09,544 - download - INFO - Обрабатываю событие 1753883050.1950
2025-07-30 15:04:09,544 - download - INFO - Событие 1753883050.1950 уже есть в БД
2025-07-30 15:04:09,544 - download - INFO - Обрабатываю событие 1753883050.1950
2025-07-30 15:04:09,544 - download - INFO - Событие 1753883050.1950 уже есть в БД
2025-07-30 15:04:09,544 - download - INFO - Обрабатываю событие 1753883114.1957
2025-07-30 15:04:09,545 - download - INFO - Событие 1753883114.1957 уже есть в БД
2025-07-30 15:04:09,545 - download - INFO - Обрабатываю событие 1753883114.1957
2025-07-30 15:04:09,545 - download - INFO - Событие 1753883114.1957 уже есть в БД
2025-07-30 15:04:09,545 - download - INFO - Обрабатываю событие 1753883099.1952
2025-07-30 15:04:09,545 - download - INFO - Событие 1753883099.1952 уже есть в БД
2025-07-30 15:04:09,545 - download - INFO - Обрабатываю событие 1753883099.1952
2025-07-30 15:04:09,546 - download - INFO - Событие 1753883099.1952 уже есть в БД
2025-07-30 15:04:09,546 - download - INFO - Обрабатываю событие 1753883178.1960
2025-07-30 15:04:09,546 - download - INFO - Событие 1753883178.1960 уже есть в БД
2025-07-30 15:04:09,546 - download - INFO - Обрабатываю событие 1753883178.1960
2025-07-30 15:04:09,546 - download - INFO - Событие 1753883178.1960 уже есть в БД
2025-07-30 15:04:09,546 - download - INFO - Обрабатываю событие 1753883269.1970
2025-07-30 15:04:09,546 - download - INFO - Событие 1753883269.1970 уже есть в БД
2025-07-30 15:04:09,547 - download - INFO - Обрабатываю событие 1753883269.1970
2025-07-30 15:04:09,547 - download - INFO - Событие 1753883269.1970 уже есть в БД
2025-07-30 15:04:09,547 - download - INFO - Обрабатываю событие 1753883303.1977
2025-07-30 15:04:09,547 - download - INFO - Событие 1753883303.1977 уже есть в БД
2025-07-30 15:04:09,547 - download - INFO - Обрабатываю событие 1753883303.1977
2025-07-30 15:04:09,547 - download - INFO - Событие 1753883303.1977 уже есть в БД
2025-07-30 15:04:09,547 - download - INFO - Обрабатываю событие 1753883348.1983
2025-07-30 15:04:09,548 - download - INFO - Событие 1753883348.1983 уже есть в БД
2025-07-30 15:04:09,548 - download - INFO - Обрабатываю событие 1753883348.1983
2025-07-30 15:04:09,548 - download - INFO - Событие 1753883348.1983 уже есть в БД
2025-07-30 15:04:09,548 - download - INFO - Обрабатываю событие 1753883356.1985
2025-07-30 15:04:09,548 - download - INFO - Событие 1753883356.1985 уже есть в БД
2025-07-30 15:04:09,548 - download - INFO - Обрабатываю событие 1753883356.1985
2025-07-30 15:04:09,548 - download - INFO - Событие 1753883356.1985 уже есть в БД
2025-07-30 15:04:09,548 - download - INFO - Обрабатываю событие 1753883381.1990
2025-07-30 15:04:09,549 - download - INFO - Событие 1753883381.1990 уже есть в БД
2025-07-30 15:04:09,549 - download - INFO - Обрабатываю событие 1753883381.1990
2025-07-30 15:04:09,549 - download - INFO - Событие 1753883381.1990 уже есть в БД
2025-07-30 15:04:09,549 - download - INFO - Обрабатываю событие 1753883965.2042
2025-07-30 15:04:09,549 - download - INFO - Событие 1753883965.2042 уже есть в БД
2025-07-30 15:04:09,549 - download - INFO - Обрабатываю событие 1753883965.2042
2025-07-30 15:04:09,550 - download - INFO - Событие 1753883965.2042 уже есть в БД
2025-07-30 15:04:09,550 - download - INFO - Обрабатываю событие 1753885202.2078
2025-07-30 15:04:09,550 - download - INFO - Событие 1753885202.2078 уже есть в БД
2025-07-30 15:04:09,550 - download - INFO - Обрабатываю событие 1753885202.2078
2025-07-30 15:04:09,550 - download - INFO - Событие 1753885202.2078 уже есть в БД
2025-07-30 15:04:09,550 - download - INFO - Обрабатываю событие 1753887529.2139
2025-07-30 15:04:09,550 - download - INFO - Событие 1753887529.2139 уже есть в БД
2025-07-30 15:04:09,550 - download - INFO - Обрабатываю событие 1753887529.2139
2025-07-30 15:04:09,551 - download - INFO - Событие 1753887529.2139 уже есть в БД
2025-07-30 15:04:09,551 - download - INFO - Обрабатываю событие 1753887584.2146
2025-07-30 15:04:09,552 - download - INFO - Событие 1753887584.2146 уже есть в БД
2025-07-30 15:04:09,552 - download - INFO - Обрабатываю событие 1753887584.2146
2025-07-30 15:04:09,552 - download - INFO - Событие 1753887584.2146 уже есть в БД
2025-07-30 15:04:09,570 - download - INFO - Синхронизация live событий для 0113 завершена: 0 новых событий
2025-07-30 15:04:09,570 - download - INFO - Начинаю синхронизацию live событий для предприятия 0114
2025-07-30 15:04:11,074 - download - INFO - Найдено 0 неуспешных событий hangup для 0114
2025-07-30 15:04:11,074 - download - INFO - Синхронизация live событий для 0114 завершена: 0 новых событий
2025-07-30 15:04:11,075 - download - INFO - Начинаю синхронизацию live событий для предприятия 0115
2025-07-30 15:04:12,222 - download - INFO - Найдено 0 неуспешных событий hangup для 0115
2025-07-30 15:04:12,223 - download - INFO - Синхронизация live событий для 0115 завершена: 0 новых событий
2025-07-30 15:04:12,223 - download - INFO - Начинаю синхронизацию live событий для предприятия 0116
2025-07-30 15:04:13,501 - download - INFO - Найдено 5 неуспешных событий hangup для 0116
2025-07-30 15:04:13,510 - download - INFO - Обрабатываю событие 1753882617.266
2025-07-30 15:04:13,512 - download - INFO - Событие 1753882617.266 уже есть в БД
2025-07-30 15:04:13,512 - download - INFO - Обрабатываю событие 1753884019.269
2025-07-30 15:04:13,513 - download - INFO - Событие 1753884019.269 уже есть в БД
2025-07-30 15:04:13,514 - download - INFO - Обрабатываю событие 1753884019.269
2025-07-30 15:04:13,514 - download - INFO - Событие 1753884019.269 уже есть в БД
2025-07-30 15:04:13,515 - download - INFO - Обрабатываю событие 1753885964.272
2025-07-30 15:04:13,515 - download - INFO - Событие 1753885964.272 уже есть в БД
2025-07-30 15:04:13,515 - download - INFO - Обрабатываю событие 1753885964.272
2025-07-30 15:04:13,515 - download - INFO - Событие 1753885964.272 уже есть в БД
2025-07-30 15:04:13,527 - download - INFO - Синхронизация live событий для 0116 завершена: 0 новых событий
2025-07-30 15:04:13,528 - download - INFO - Начинаю синхронизацию live событий для предприятия 0117
2025-07-30 15:04:14,925 - download - INFO - Найдено 14 неуспешных событий hangup для 0117
2025-07-30 15:04:14,932 - download - INFO - Обрабатываю событие 1753873372.840
2025-07-30 15:04:14,933 - download - INFO - Событие 1753873372.840 уже есть в БД
2025-07-30 15:04:14,933 - download - INFO - Обрабатываю событие 1753873372.840
2025-07-30 15:04:14,933 - download - INFO - Событие 1753873372.840 уже есть в БД
2025-07-30 15:04:14,933 - download - INFO - Обрабатываю событие 1753878598.1032
2025-07-30 15:04:14,933 - download - INFO - Событие 1753878598.1032 уже есть в БД
2025-07-30 15:04:14,934 - download - INFO - Обрабатываю событие 1753878598.1032
2025-07-30 15:04:14,934 - download - INFO - Событие 1753878598.1032 уже есть в БД
2025-07-30 15:04:14,934 - download - INFO - Обрабатываю событие 1753883098.1161
2025-07-30 15:04:14,934 - download - INFO - Событие 1753883098.1161 уже есть в БД
2025-07-30 15:04:14,934 - download - INFO - Обрабатываю событие 1753883098.1161
2025-07-30 15:04:14,934 - download - INFO - Событие 1753883098.1161 уже есть в БД
2025-07-30 15:04:14,934 - download - INFO - Обрабатываю событие 1753887133.1319
2025-07-30 15:04:14,935 - download - INFO - Событие 1753887133.1319 уже есть в БД
2025-07-30 15:04:14,935 - download - INFO - Обрабатываю событие 1753887133.1319
2025-07-30 15:04:14,935 - download - INFO - Событие 1753887133.1319 уже есть в БД
2025-07-30 15:04:14,935 - download - INFO - Обрабатываю событие 1753887282.1322
2025-07-30 15:04:14,935 - download - INFO - Событие 1753887282.1322 уже есть в БД
2025-07-30 15:04:14,935 - download - INFO - Обрабатываю событие 1753887282.1322
2025-07-30 15:04:14,936 - download - INFO - Событие 1753887282.1322 уже есть в БД
2025-07-30 15:04:14,936 - download - INFO - Обрабатываю событие 1753887286.1325
2025-07-30 15:04:14,936 - download - INFO - Событие 1753887286.1325 уже есть в БД
2025-07-30 15:04:14,936 - download - INFO - Обрабатываю событие 1753887286.1325
2025-07-30 15:04:14,936 - download - INFO - Событие 1753887286.1325 уже есть в БД
2025-07-30 15:04:14,936 - download - INFO - Обрабатываю событие 1753887365.1332
2025-07-30 15:04:14,936 - download - INFO - Событие 1753887365.1332 уже есть в БД
2025-07-30 15:04:14,936 - download - INFO - Обрабатываю событие 1753887365.1332
2025-07-30 15:04:14,937 - download - INFO - Событие 1753887365.1332 уже есть в БД
2025-07-30 15:04:14,947 - download - INFO - Синхронизация live событий для 0117 завершена: 0 новых событий
2025-07-30 15:04:14,948 - download - INFO - Начинаю синхронизацию live событий для предприятия 0200
2025-07-30 15:04:16,442 - download - INFO - Найдено 0 неуспешных событий hangup для 0200
2025-07-30 15:04:16,442 - download - INFO - Синхронизация live событий для 0200 завершена: 0 новых событий
2025-07-30 15:04:16,442 - download - INFO - Начинаю синхронизацию live событий для предприятия 0201
2025-07-30 15:04:17,958 - download - INFO - Найдено 2 неуспешных событий hangup для 0201
2025-07-30 15:04:17,965 - download - INFO - Обрабатываю событие 1753883028.52
2025-07-30 15:04:17,969 - download - INFO - Событие 1753883028.52 уже есть в БД
2025-07-30 15:04:17,970 - download - INFO - Обрабатываю событие 1753883028.52
2025-07-30 15:04:17,970 - download - INFO - Событие 1753883028.52 уже есть в БД
2025-07-30 15:04:17,980 - download - INFO - Синхронизация live событий для 0201 завершена: 0 новых событий
2025-07-30 15:04:17,980 - download - INFO - Начинаю синхронизацию live событий для предприятия 0206
2025-07-30 15:04:19,135 - download - INFO - Найдено 8 неуспешных событий hangup для 0206
2025-07-30 15:04:19,143 - download - INFO - Обрабатываю событие 1753877040.29
2025-07-30 15:04:19,144 - download - INFO - Событие 1753877040.29 уже есть в БД
2025-07-30 15:04:19,144 - download - INFO - Обрабатываю событие 1753877040.29
2025-07-30 15:04:19,145 - download - INFO - Событие 1753877040.29 уже есть в БД
2025-07-30 15:04:19,145 - download - INFO - Обрабатываю событие 1753884000.55
2025-07-30 15:04:19,145 - download - INFO - Событие 1753884000.55 уже есть в БД
2025-07-30 15:04:19,145 - download - INFO - Обрабатываю событие 1753884000.55
2025-07-30 15:04:19,145 - download - INFO - Событие 1753884000.55 уже есть в БД
2025-07-30 15:04:19,146 - download - INFO - Обрабатываю событие 1753885678.68
2025-07-30 15:04:19,146 - download - INFO - Событие 1753885678.68 уже есть в БД
2025-07-30 15:04:19,146 - download - INFO - Обрабатываю событие 1753885672.65
2025-07-30 15:04:19,146 - download - INFO - Событие 1753885672.65 уже есть в БД
2025-07-30 15:04:19,146 - download - INFO - Обрабатываю событие 1753885884.74
2025-07-30 15:04:19,147 - download - INFO - Событие 1753885884.74 уже есть в БД
2025-07-30 15:04:19,147 - download - INFO - Обрабатываю событие 1753885884.74
2025-07-30 15:04:19,147 - download - INFO - Событие 1753885884.74 уже есть в БД
2025-07-30 15:04:19,157 - download - INFO - Синхронизация live событий для 0206 завершена: 0 новых событий
2025-07-30 15:04:19,157 - download - INFO - Начинаю синхронизацию live событий для предприятия 0223
2025-07-30 15:04:20,199 - download - INFO - Найдено 0 неуспешных событий hangup для 0223
2025-07-30 15:04:20,199 - download - INFO - Синхронизация live событий для 0223 завершена: 0 новых событий
2025-07-30 15:04:20,199 - download - INFO - Начинаю синхронизацию live событий для предприятия 0226
2025-07-30 15:04:21,680 - download - INFO - Найдено 0 неуспешных событий hangup для 0226
2025-07-30 15:04:21,680 - download - INFO - Синхронизация live событий для 0226 завершена: 0 новых событий
2025-07-30 15:04:21,680 - download - INFO - Начинаю синхронизацию live событий для предприятия 0230
2025-07-30 15:04:22,991 - download - INFO - Найдено 17 неуспешных событий hangup для 0230
2025-07-30 15:04:22,999 - download - INFO - Обрабатываю событие 1753861901.112
2025-07-30 15:04:23,000 - download - INFO - Событие 1753861901.112 уже есть в БД
2025-07-30 15:04:23,000 - download - INFO - Обрабатываю событие 1753861901.112
2025-07-30 15:04:23,001 - download - INFO - Событие 1753861901.112 уже есть в БД
2025-07-30 15:04:23,001 - download - INFO - Обрабатываю событие 1753871863.793
2025-07-30 15:04:23,001 - download - INFO - Событие 1753871863.793 уже есть в БД
2025-07-30 15:04:23,001 - download - INFO - Обрабатываю событие 1753871863.793
2025-07-30 15:04:23,001 - download - INFO - Событие 1753871863.793 уже есть в БД
2025-07-30 15:04:23,001 - download - INFO - Обрабатываю событие 1753872479.856
2025-07-30 15:04:23,001 - download - INFO - Событие 1753872479.856 уже есть в БД
2025-07-30 15:04:23,001 - download - INFO - Обрабатываю событие 1753872479.856
2025-07-30 15:04:23,002 - download - INFO - Событие 1753872479.856 уже есть в БД
2025-07-30 15:04:23,002 - download - INFO - Обрабатываю событие 1753878590.1129
2025-07-30 15:04:23,002 - download - INFO - Событие 1753878590.1129 уже есть в БД
2025-07-30 15:04:23,002 - download - INFO - Обрабатываю событие 1753878590.1129
2025-07-30 15:04:23,002 - download - INFO - Событие 1753878590.1129 уже есть в БД
2025-07-30 15:04:23,002 - download - INFO - Обрабатываю событие 1753878669.1131
2025-07-30 15:04:23,002 - download - INFO - Событие 1753878669.1131 уже есть в БД
2025-07-30 15:04:23,003 - download - INFO - Обрабатываю событие 1753878669.1131
2025-07-30 15:04:23,003 - download - INFO - Событие 1753878669.1131 уже есть в БД
2025-07-30 15:04:23,003 - download - INFO - Обрабатываю событие 1753882970.1330
2025-07-30 15:04:23,003 - download - INFO - Событие 1753882970.1330 уже есть в БД
2025-07-30 15:04:23,003 - download - INFO - Обрабатываю событие 1753882970.1330
2025-07-30 15:04:23,003 - download - INFO - Событие 1753882970.1330 уже есть в БД
2025-07-30 15:04:23,003 - download - INFO - Обрабатываю событие 1753884609.1368
2025-07-30 15:04:23,003 - download - INFO - Событие 1753884609.1368 уже есть в БД
2025-07-30 15:04:23,004 - download - INFO - Обрабатываю событие 1753884609.1368
2025-07-30 15:04:23,004 - download - INFO - Событие 1753884609.1368 уже есть в БД
2025-07-30 15:04:23,004 - download - INFO - Обрабатываю событие 1753885516.0
2025-07-30 15:04:23,004 - download - INFO - Событие 1753885516.0 уже есть в БД
2025-07-30 15:04:23,004 - download - INFO - Обрабатываю событие 1753885731.15
2025-07-30 15:04:23,004 - download - INFO - Событие 1753885731.15 уже есть в БД
2025-07-30 15:04:23,004 - download - INFO - Обрабатываю событие 1753887475.70
2025-07-30 15:04:23,005 - download - INFO - Событие 1753887475.70 уже есть в БД
2025-07-30 15:04:23,014 - download - INFO - Синхронизация live событий для 0230 завершена: 0 новых событий
2025-07-30 15:04:23,014 - download - INFO - Начинаю синхронизацию live событий для предприятия 0233
2025-07-30 15:04:24,348 - download - INFO - Найдено 93 неуспешных событий hangup для 0233
2025-07-30 15:04:24,357 - download - INFO - Обрабатываю событие 1753870428.6501
2025-07-30 15:04:24,358 - download - INFO - Событие 1753870428.6501 уже есть в БД
2025-07-30 15:04:24,359 - download - INFO - Обрабатываю событие 1753870428.6501
2025-07-30 15:04:24,360 - download - INFO - Событие 1753870428.6501 уже есть в БД
2025-07-30 15:04:24,360 - download - INFO - Обрабатываю событие 1753870430.6504
2025-07-30 15:04:24,360 - download - INFO - Событие 1753870430.6504 уже есть в БД
2025-07-30 15:04:24,360 - download - INFO - Обрабатываю событие 1753870430.6504
2025-07-30 15:04:24,361 - download - INFO - Событие 1753870430.6504 уже есть в БД
2025-07-30 15:04:24,361 - download - INFO - Обрабатываю событие 1753870570.6563
2025-07-30 15:04:24,361 - download - INFO - Событие 1753870570.6563 уже есть в БД
2025-07-30 15:04:24,361 - download - INFO - Обрабатываю событие 1753870570.6563
2025-07-30 15:04:24,362 - download - INFO - Событие 1753870570.6563 уже есть в БД
2025-07-30 15:04:24,362 - download - INFO - Обрабатываю событие 1753870731.6616
2025-07-30 15:04:24,362 - download - INFO - Событие 1753870731.6616 уже есть в БД
2025-07-30 15:04:24,362 - download - INFO - Обрабатываю событие 1753870731.6616
2025-07-30 15:04:24,363 - download - INFO - Событие 1753870731.6616 уже есть в БД
2025-07-30 15:04:24,363 - download - INFO - Обрабатываю событие 1753870714.6614
2025-07-30 15:04:24,363 - download - INFO - Событие 1753870714.6614 уже есть в БД
2025-07-30 15:04:24,363 - download - INFO - Обрабатываю событие 1753870714.6614
2025-07-30 15:04:24,364 - download - INFO - Событие 1753870714.6614 уже есть в БД
2025-07-30 15:04:24,364 - download - INFO - Обрабатываю событие 1753870689.6605
2025-07-30 15:04:24,364 - download - INFO - Событие 1753870689.6605 уже есть в БД
2025-07-30 15:04:24,364 - download - INFO - Обрабатываю событие 1753870689.6605
2025-07-30 15:04:24,365 - download - INFO - Событие 1753870689.6605 уже есть в БД
2025-07-30 15:04:24,365 - download - INFO - Обрабатываю событие 1753870814.6679
2025-07-30 15:04:24,365 - download - INFO - Событие 1753870814.6679 уже есть в БД
2025-07-30 15:04:24,365 - download - INFO - Обрабатываю событие 1753870814.6679
2025-07-30 15:04:24,366 - download - INFO - Событие 1753870814.6679 уже есть в БД
2025-07-30 15:04:24,366 - download - INFO - Обрабатываю событие 1753871840.7376
2025-07-30 15:04:24,366 - download - INFO - Событие 1753871840.7376 уже есть в БД
2025-07-30 15:04:24,366 - download - INFO - Обрабатываю событие 1753871840.7376
2025-07-30 15:04:24,366 - download - INFO - Событие 1753871840.7376 уже есть в БД
2025-07-30 15:04:24,368 - download - INFO - Обрабатываю событие 1753871843.7383
2025-07-30 15:04:24,368 - download - INFO - Событие 1753871843.7383 уже есть в БД
2025-07-30 15:04:24,369 - download - INFO - Обрабатываю событие 1753871843.7383
2025-07-30 15:04:24,369 - download - INFO - Событие 1753871843.7383 уже есть в БД
2025-07-30 15:04:24,369 - download - INFO - Обрабатываю событие 1753871832.7358
2025-07-30 15:04:24,370 - download - INFO - Событие 1753871832.7358 уже есть в БД
2025-07-30 15:04:24,370 - download - INFO - Обрабатываю событие 1753871832.7358
2025-07-30 15:04:24,370 - download - INFO - Событие 1753871832.7358 уже есть в БД
2025-07-30 15:04:24,370 - download - INFO - Обрабатываю событие 1753872455.7608
2025-07-30 15:04:24,376 - download - INFO - Событие 1753872455.7608 уже есть в БД
2025-07-30 15:04:24,376 - download - INFO - Обрабатываю событие 1753872455.7608
2025-07-30 15:04:24,376 - download - INFO - Событие 1753872455.7608 уже есть в БД
2025-07-30 15:04:24,377 - download - INFO - Обрабатываю событие 1753873371.8018
2025-07-30 15:04:24,377 - download - INFO - Событие 1753873371.8018 уже есть в БД
2025-07-30 15:04:24,377 - download - INFO - Обрабатываю событие 1753873371.8018
2025-07-30 15:04:24,377 - download - INFO - Событие 1753873371.8018 уже есть в БД
2025-07-30 15:04:24,377 - download - INFO - Обрабатываю событие 1753873367.8015
2025-07-30 15:04:24,378 - download - INFO - Событие 1753873367.8015 уже есть в БД
2025-07-30 15:04:24,378 - download - INFO - Обрабатываю событие 1753873367.8015
2025-07-30 15:04:24,378 - download - INFO - Событие 1753873367.8015 уже есть в БД
2025-07-30 15:04:24,378 - download - INFO - Обрабатываю событие 1753873447.8064
2025-07-30 15:04:24,379 - download - INFO - Событие 1753873447.8064 уже есть в БД
2025-07-30 15:04:24,379 - download - INFO - Обрабатываю событие 1753873447.8064
2025-07-30 15:04:24,379 - download - INFO - Событие 1753873447.8064 уже есть в БД
2025-07-30 15:04:24,379 - download - INFO - Обрабатываю событие 1753873269.7995
2025-07-30 15:04:24,379 - download - INFO - Событие 1753873269.7995 уже есть в БД
2025-07-30 15:04:24,379 - download - INFO - Обрабатываю событие 1753873269.7995
2025-07-30 15:04:24,380 - download - INFO - Событие 1753873269.7995 уже есть в БД
2025-07-30 15:04:24,380 - download - INFO - Обрабатываю событие 1753874626.8778
2025-07-30 15:04:24,380 - download - INFO - Событие 1753874626.8778 уже есть в БД
2025-07-30 15:04:24,380 - download - INFO - Обрабатываю событие 1753874626.8778
2025-07-30 15:04:24,381 - download - INFO - Событие 1753874626.8778 уже есть в БД
2025-07-30 15:04:24,381 - download - INFO - Обрабатываю событие 1753874663.8802
2025-07-30 15:04:24,381 - download - INFO - Событие 1753874663.8802 уже есть в БД
2025-07-30 15:04:24,381 - download - INFO - Обрабатываю событие 1753874663.8802
2025-07-30 15:04:24,381 - download - INFO - Событие 1753874663.8802 уже есть в БД
2025-07-30 15:04:24,382 - download - INFO - Обрабатываю событие 1753874663.8803
2025-07-30 15:04:24,382 - download - INFO - Событие 1753874663.8803 уже есть в БД
2025-07-30 15:04:24,382 - download - INFO - Обрабатываю событие 1753874663.8803
2025-07-30 15:04:24,382 - download - INFO - Событие 1753874663.8803 уже есть в БД
2025-07-30 15:04:24,382 - download - INFO - Обрабатываю событие 1753876743.9530
2025-07-30 15:04:24,383 - download - INFO - Событие 1753876743.9530 уже есть в БД
2025-07-30 15:04:24,383 - download - INFO - Обрабатываю событие 1753876743.9530
2025-07-30 15:04:24,383 - download - INFO - Событие 1753876743.9530 уже есть в БД
2025-07-30 15:04:24,383 - download - INFO - Обрабатываю событие 1753876957.9583
2025-07-30 15:04:24,384 - download - INFO - Событие 1753876957.9583 уже есть в БД
2025-07-30 15:04:24,384 - download - INFO - Обрабатываю событие 1753876957.9583
2025-07-30 15:04:24,384 - download - INFO - Событие 1753876957.9583 уже есть в БД
2025-07-30 15:04:24,384 - download - INFO - Обрабатываю событие 1753878490.10038
2025-07-30 15:04:24,384 - download - INFO - Событие 1753878490.10038 уже есть в БД
2025-07-30 15:04:24,385 - download - INFO - Обрабатываю событие 1753878492.10041
2025-07-30 15:04:24,385 - download - INFO - Событие 1753878492.10041 уже есть в БД
2025-07-30 15:04:24,386 - download - INFO - Обрабатываю событие 1753878570.10079
2025-07-30 15:04:24,386 - download - INFO - Событие 1753878570.10079 уже есть в БД
2025-07-30 15:04:24,391 - download - INFO - Обрабатываю событие 1753878570.10079
2025-07-30 15:04:24,391 - download - INFO - Событие 1753878570.10079 уже есть в БД
2025-07-30 15:04:24,391 - download - INFO - Обрабатываю событие 1753878572.10082
2025-07-30 15:04:24,391 - download - INFO - Событие 1753878572.10082 уже есть в БД
2025-07-30 15:04:24,392 - download - INFO - Обрабатываю событие 1753878572.10082
2025-07-30 15:04:24,392 - download - INFO - Событие 1753878572.10082 уже есть в БД
2025-07-30 15:04:24,392 - download - INFO - Обрабатываю событие 1753878637.10091
2025-07-30 15:04:24,392 - download - INFO - Событие 1753878637.10091 уже есть в БД
2025-07-30 15:04:24,392 - download - INFO - Обрабатываю событие 1753878637.10091
2025-07-30 15:04:24,393 - download - INFO - Событие 1753878637.10091 уже есть в БД
2025-07-30 15:04:24,393 - download - INFO - Обрабатываю событие 1753878640.10094
2025-07-30 15:04:24,393 - download - INFO - Событие 1753878640.10094 уже есть в БД
2025-07-30 15:04:24,393 - download - INFO - Обрабатываю событие 1753878640.10094
2025-07-30 15:04:24,394 - download - INFO - Событие 1753878640.10094 уже есть в БД
2025-07-30 15:04:24,394 - download - INFO - Обрабатываю событие 1753882973.11257
2025-07-30 15:04:24,394 - download - INFO - Событие 1753882973.11257 уже есть в БД
2025-07-30 15:04:24,394 - download - INFO - Обрабатываю событие 1753882973.11257
2025-07-30 15:04:24,395 - download - INFO - Событие 1753882973.11257 уже есть в БД
2025-07-30 15:04:24,395 - download - INFO - Обрабатываю событие 1753882976.11260
2025-07-30 15:04:24,395 - download - INFO - Событие 1753882976.11260 уже есть в БД
2025-07-30 15:04:24,395 - download - INFO - Обрабатываю событие 1753882976.11260
2025-07-30 15:04:24,395 - download - INFO - Событие 1753882976.11260 уже есть в БД
2025-07-30 15:04:24,396 - download - INFO - Обрабатываю событие 1753883159.11277
2025-07-30 15:04:24,396 - download - INFO - Событие 1753883159.11277 уже есть в БД
2025-07-30 15:04:24,396 - download - INFO - Обрабатываю событие 1753883159.11277
2025-07-30 15:04:24,396 - download - INFO - Событие 1753883159.11277 уже есть в БД
2025-07-30 15:04:24,396 - download - INFO - Обрабатываю событие 1753883161.11280
2025-07-30 15:04:24,397 - download - INFO - Событие 1753883161.11280 уже есть в БД
2025-07-30 15:04:24,397 - download - INFO - Обрабатываю событие 1753883161.11280
2025-07-30 15:04:24,397 - download - INFO - Событие 1753883161.11280 уже есть в БД
2025-07-30 15:04:24,397 - download - INFO - Обрабатываю событие 1753883196.11293
2025-07-30 15:04:24,398 - download - INFO - Событие 1753883196.11293 уже есть в БД
2025-07-30 15:04:24,398 - download - INFO - Обрабатываю событие 1753883193.11290
2025-07-30 15:04:24,398 - download - INFO - Событие 1753883193.11290 уже есть в БД
2025-07-30 15:04:24,398 - download - INFO - Обрабатываю событие 1753883189.11283
2025-07-30 15:04:24,399 - download - INFO - Событие 1753883189.11283 уже есть в БД
2025-07-30 15:04:24,401 - download - INFO - Обрабатываю событие 1753883189.11283
2025-07-30 15:04:24,402 - download - INFO - Событие 1753883189.11283 уже есть в БД
2025-07-30 15:04:24,403 - download - INFO - Обрабатываю событие 1753883191.11286
2025-07-30 15:04:24,403 - download - INFO - Событие 1753883191.11286 уже есть в БД
2025-07-30 15:04:24,403 - download - INFO - Обрабатываю событие 1753883191.11286
2025-07-30 15:04:24,403 - download - INFO - Событие 1753883191.11286 уже есть в БД
2025-07-30 15:04:24,403 - download - INFO - Обрабатываю событие 1753883402.11312
2025-07-30 15:04:24,404 - download - INFO - Событие 1753883402.11312 уже есть в БД
2025-07-30 15:04:24,404 - download - INFO - Обрабатываю событие 1753885215.11895
2025-07-30 15:04:24,404 - download - INFO - Событие 1753885215.11895 уже есть в БД
2025-07-30 15:04:24,404 - download - INFO - Обрабатываю событие 1753885673.12031
2025-07-30 15:04:24,405 - download - INFO - Событие 1753885673.12031 уже есть в БД
2025-07-30 15:04:24,405 - download - INFO - Обрабатываю событие 1753885670.12028
2025-07-30 15:04:24,405 - download - INFO - Событие 1753885670.12028 уже есть в БД
2025-07-30 15:04:24,405 - download - INFO - Обрабатываю событие 1753885821.12067
2025-07-30 15:04:24,406 - download - INFO - Событие 1753885821.12067 уже есть в БД
2025-07-30 15:04:24,406 - download - INFO - Обрабатываю событие 1753885826.12070
2025-07-30 15:04:24,406 - download - INFO - Событие 1753885826.12070 уже есть в БД
2025-07-30 15:04:24,406 - download - INFO - Обрабатываю событие 1753885713.12033
2025-07-30 15:04:24,407 - download - INFO - Событие 1753885713.12033 уже есть в БД
2025-07-30 15:04:24,408 - download - INFO - Обрабатываю событие 1753885981.12131
2025-07-30 15:04:24,408 - download - INFO - Событие 1753885981.12131 уже есть в БД
2025-07-30 15:04:24,409 - download - INFO - Обрабатываю событие 1753885981.12131
2025-07-30 15:04:24,409 - download - INFO - Событие 1753885981.12131 уже есть в БД
2025-07-30 15:04:24,409 - download - INFO - Обрабатываю событие 1753885984.12135
2025-07-30 15:04:24,409 - download - INFO - Событие 1753885984.12135 уже есть в БД
2025-07-30 15:04:24,410 - download - INFO - Обрабатываю событие 1753885984.12135
2025-07-30 15:04:24,410 - download - INFO - Событие 1753885984.12135 уже есть в БД
2025-07-30 15:04:24,410 - download - INFO - Обрабатываю событие 1753886073.12170
2025-07-30 15:04:24,411 - download - INFO - Событие 1753886073.12170 уже есть в БД
2025-07-30 15:04:24,411 - download - INFO - Обрабатываю событие 1753886073.12170
2025-07-30 15:04:24,411 - download - INFO - Событие 1753886073.12170 уже есть в БД
2025-07-30 15:04:24,412 - download - INFO - Обрабатываю событие 1753886074.12173
2025-07-30 15:04:24,412 - download - INFO - Событие 1753886074.12173 уже есть в БД
2025-07-30 15:04:24,412 - download - INFO - Обрабатываю событие 1753886074.12173
2025-07-30 15:04:24,419 - download - INFO - Событие 1753886074.12173 уже есть в БД
2025-07-30 15:04:24,419 - download - INFO - Обрабатываю событие 1753885944.12104
2025-07-30 15:04:24,420 - download - INFO - Событие 1753885944.12104 уже есть в БД
2025-07-30 15:04:24,420 - download - INFO - Обрабатываю событие 1753885944.12104
2025-07-30 15:04:24,420 - download - INFO - Событие 1753885944.12104 уже есть в БД
2025-07-30 15:04:24,420 - download - INFO - Обрабатываю событие 1753886422.12296
2025-07-30 15:04:24,421 - download - INFO - Событие 1753886422.12296 уже есть в БД
2025-07-30 15:04:24,421 - download - INFO - Обрабатываю событие 1753886422.12296
2025-07-30 15:04:24,421 - download - INFO - Событие 1753886422.12296 уже есть в БД
2025-07-30 15:04:24,421 - download - INFO - Обрабатываю событие 1753887105.12638
2025-07-30 15:04:24,422 - download - INFO - Событие 1753887105.12638 уже есть в БД
2025-07-30 15:04:24,422 - download - INFO - Обрабатываю событие 1753887105.12638
2025-07-30 15:04:24,422 - download - INFO - Событие 1753887105.12638 уже есть в БД
2025-07-30 15:04:24,422 - download - INFO - Обрабатываю событие 1753887394.12779
2025-07-30 15:04:24,423 - download - INFO - Событие 1753887394.12779 уже есть в БД
2025-07-30 15:04:24,423 - download - INFO - Обрабатываю событие 1753887394.12779
2025-07-30 15:04:24,423 - download - INFO - Событие 1753887394.12779 уже есть в БД
2025-07-30 15:04:24,423 - download - INFO - Обрабатываю событие 1753887396.12782
2025-07-30 15:04:24,424 - download - INFO - Событие 1753887396.12782 уже есть в БД
2025-07-30 15:04:24,424 - download - INFO - Обрабатываю событие 1753887396.12782
2025-07-30 15:04:24,424 - download - INFO - Событие 1753887396.12782 уже есть в БД
2025-07-30 15:04:24,424 - download - INFO - Обрабатываю событие 1753887434.12786
2025-07-30 15:04:24,425 - download - INFO - Событие 1753887434.12786 уже есть в БД
2025-07-30 15:04:24,425 - download - INFO - Обрабатываю событие 1753887434.12786
2025-07-30 15:04:24,425 - download - INFO - Событие 1753887434.12786 уже есть в БД
2025-07-30 15:04:24,425 - download - INFO - Обрабатываю событие 1753887588.12800
2025-07-30 15:04:24,426 - download - INFO - Событие 1753887588.12800 уже есть в БД
2025-07-30 15:04:24,426 - download - INFO - Обрабатываю событие 1753887588.12800
2025-07-30 15:04:24,426 - download - INFO - Событие 1753887588.12800 уже есть в БД
2025-07-30 15:04:24,443 - download - INFO - Синхронизация live событий для 0233 завершена: 0 новых событий
2025-07-30 15:04:24,444 - download - INFO - Начинаю синхронизацию live событий для предприятия 0245
2025-07-30 15:04:25,651 - download - INFO - Найдено 1 неуспешных событий hangup для 0245
2025-07-30 15:04:25,657 - download - INFO - Обрабатываю событие 1753873667.63
2025-07-30 15:04:25,659 - download - INFO - Событие 1753873667.63 уже есть в БД
2025-07-30 15:04:25,668 - download - INFO - Синхронизация live событий для 0245 завершена: 0 новых событий
2025-07-30 15:04:25,669 - download - INFO - Начинаю синхронизацию live событий для предприятия 0246
2025-07-30 15:04:27,126 - download - INFO - Найдено 19 неуспешных событий hangup для 0246
2025-07-30 15:04:27,134 - download - INFO - Обрабатываю событие 1753870716.248
2025-07-30 15:04:27,135 - download - INFO - Событие 1753870716.248 уже есть в БД
2025-07-30 15:04:27,135 - download - INFO - Обрабатываю событие 1753870716.248
2025-07-30 15:04:27,136 - download - INFO - Событие 1753870716.248 уже есть в БД
2025-07-30 15:04:27,136 - download - INFO - Обрабатываю событие 1753870804.253
2025-07-30 15:04:27,136 - download - INFO - Событие 1753870804.253 уже есть в БД
2025-07-30 15:04:27,136 - download - INFO - Обрабатываю событие 1753870804.253
2025-07-30 15:04:27,136 - download - INFO - Событие 1753870804.253 уже есть в БД
2025-07-30 15:04:27,136 - download - INFO - Обрабатываю событие 1753871529.276
2025-07-30 15:04:27,137 - download - INFO - Событие 1753871529.276 уже есть в БД
2025-07-30 15:04:27,137 - download - INFO - Обрабатываю событие 1753871529.276
2025-07-30 15:04:27,137 - download - INFO - Событие 1753871529.276 уже есть в БД
2025-07-30 15:04:27,137 - download - INFO - Обрабатываю событие 1753878532.451
2025-07-30 15:04:27,137 - download - INFO - Событие 1753878532.451 уже есть в БД
2025-07-30 15:04:27,137 - download - INFO - Обрабатываю событие 1753878532.451
2025-07-30 15:04:27,138 - download - INFO - Событие 1753878532.451 уже есть в БД
2025-07-30 15:04:27,138 - download - INFO - Обрабатываю событие 1753883328.505
2025-07-30 15:04:27,138 - download - INFO - Событие 1753883328.505 уже есть в БД
2025-07-30 15:04:27,138 - download - INFO - Обрабатываю событие 1753883328.505
2025-07-30 15:04:27,138 - download - INFO - Событие 1753883328.505 уже есть в БД
2025-07-30 15:04:27,138 - download - INFO - Обрабатываю событие 1753885635.525
2025-07-30 15:04:27,138 - download - INFO - Событие 1753885635.525 уже есть в БД
2025-07-30 15:04:27,138 - download - INFO - Обрабатываю событие 1753887099.556
2025-07-30 15:04:27,139 - download - INFO - Событие 1753887099.556 уже есть в БД
2025-07-30 15:04:27,139 - download - INFO - Обрабатываю событие 1753887099.556
2025-07-30 15:04:27,139 - download - INFO - Событие 1753887099.556 уже есть в БД
2025-07-30 15:04:27,139 - download - INFO - Обрабатываю событие 1753887474.561
2025-07-30 15:04:27,139 - download - INFO - Событие 1753887474.561 уже есть в БД
2025-07-30 15:04:27,139 - download - INFO - Обрабатываю событие 1753887474.561
2025-07-30 15:04:27,139 - download - INFO - Событие 1753887474.561 уже есть в БД
2025-07-30 15:04:27,140 - download - INFO - Обрабатываю событие 1753887571.567
2025-07-30 15:04:27,141 - download - INFO - Событие 1753887571.567 уже есть в БД
2025-07-30 15:04:27,141 - download - INFO - Обрабатываю событие 1753887571.567
2025-07-30 15:04:27,141 - download - INFO - Событие 1753887571.567 уже есть в БД
2025-07-30 15:04:27,141 - download - INFO - Обрабатываю событие 1753887522.565
2025-07-30 15:04:27,142 - download - INFO - Событие 1753887522.565 уже есть в БД
2025-07-30 15:04:27,142 - download - INFO - Обрабатываю событие 1753887522.565
2025-07-30 15:04:27,145 - download - INFO - Событие 1753887522.565 уже есть в БД
2025-07-30 15:04:27,155 - download - INFO - Синхронизация live событий для 0246 завершена: 0 новых событий
2025-07-30 15:04:27,155 - download - INFO - Начинаю синхронизацию live событий для предприятия 0252
2025-07-30 15:04:28,339 - download - INFO - Найдено 0 неуспешных событий hangup для 0252
2025-07-30 15:04:28,339 - download - INFO - Синхронизация live событий для 0252 завершена: 0 новых событий
2025-07-30 15:04:28,339 - download - INFO - Начинаю синхронизацию live событий для предприятия 0262
2025-07-30 15:04:29,933 - download - INFO - Найдено 83 неуспешных событий hangup для 0262
2025-07-30 15:04:29,941 - download - INFO - Обрабатываю событие 1753861744.2295
2025-07-30 15:04:29,943 - download - INFO - Событие 1753861744.2295 уже есть в БД
2025-07-30 15:04:29,943 - download - INFO - Обрабатываю событие 1753861744.2295
2025-07-30 15:04:29,943 - download - INFO - Событие 1753861744.2295 уже есть в БД
2025-07-30 15:04:29,943 - download - INFO - Обрабатываю событие 1753861919.2313
2025-07-30 15:04:29,944 - download - INFO - Событие 1753861919.2313 уже есть в БД
2025-07-30 15:04:29,944 - download - INFO - Обрабатываю событие 1753861919.2313
2025-07-30 15:04:29,944 - download - INFO - Событие 1753861919.2313 уже есть в БД
2025-07-30 15:04:29,944 - download - INFO - Обрабатываю событие 1753861931.2323
2025-07-30 15:04:29,944 - download - INFO - Событие 1753861931.2323 уже есть в БД
2025-07-30 15:04:29,944 - download - INFO - Обрабатываю событие 1753861931.2323
2025-07-30 15:04:29,945 - download - INFO - Событие 1753861931.2323 уже есть в БД
2025-07-30 15:04:29,945 - download - INFO - Обрабатываю событие 1753862109.2347
2025-07-30 15:04:29,945 - download - INFO - Событие 1753862109.2347 уже есть в БД
2025-07-30 15:04:29,945 - download - INFO - Обрабатываю событие 1753862169.2350
2025-07-30 15:04:29,945 - download - INFO - Событие 1753862169.2350 уже есть в БД
2025-07-30 15:04:29,946 - download - INFO - Обрабатываю событие 1753863788.2851
2025-07-30 15:04:29,946 - download - INFO - Событие 1753863788.2851 уже есть в БД
2025-07-30 15:04:29,946 - download - INFO - Обрабатываю событие 1753863788.2851
2025-07-30 15:04:29,946 - download - INFO - Событие 1753863788.2851 уже есть в БД
2025-07-30 15:04:29,946 - download - INFO - Обрабатываю событие 1753863829.2863
2025-07-30 15:04:29,947 - download - INFO - Событие 1753863829.2863 уже есть в БД
2025-07-30 15:04:29,947 - download - INFO - Обрабатываю событие 1753863829.2863
2025-07-30 15:04:29,947 - download - INFO - Событие 1753863829.2863 уже есть в БД
2025-07-30 15:04:29,947 - download - INFO - Обрабатываю событие 1753865141.3390
2025-07-30 15:04:29,948 - download - INFO - Событие 1753865141.3390 уже есть в БД
2025-07-30 15:04:29,948 - download - INFO - Обрабатываю событие 1753865100.3362
2025-07-30 15:04:29,948 - download - INFO - Событие 1753865100.3362 уже есть в БД
2025-07-30 15:04:29,948 - download - INFO - Обрабатываю событие 1753865097.3361
2025-07-30 15:04:29,948 - download - INFO - Событие 1753865097.3361 уже есть в БД
2025-07-30 15:04:29,948 - download - INFO - Обрабатываю событие 1753865040.3337
2025-07-30 15:04:29,949 - download - INFO - Событие 1753865040.3337 уже есть в БД
2025-07-30 15:04:29,949 - download - INFO - Обрабатываю событие 1753865169.3395
2025-07-30 15:04:29,949 - download - INFO - Событие 1753865169.3395 уже есть в БД
2025-07-30 15:04:29,949 - download - INFO - Обрабатываю событие 1753869650.4726
2025-07-30 15:04:29,950 - download - INFO - Событие 1753869650.4726 уже есть в БД
2025-07-30 15:04:29,950 - download - INFO - Обрабатываю событие 1753869670.4734
2025-07-30 15:04:29,950 - download - INFO - Событие 1753869670.4734 уже есть в БД
2025-07-30 15:04:29,950 - download - INFO - Обрабатываю событие 1753870638.4936
2025-07-30 15:04:29,950 - download - INFO - Событие 1753870638.4936 уже есть в БД
2025-07-30 15:04:29,950 - download - INFO - Обрабатываю событие 1753870638.4936
2025-07-30 15:04:29,951 - download - INFO - Событие 1753870638.4936 уже есть в БД
2025-07-30 15:04:29,951 - download - INFO - Обрабатываю событие 1753870578.4912
2025-07-30 15:04:29,951 - download - INFO - Событие 1753870578.4912 уже есть в БД
2025-07-30 15:04:29,951 - download - INFO - Обрабатываю событие 1753870578.4912
2025-07-30 15:04:29,952 - download - INFO - Событие 1753870578.4912 уже есть в БД
2025-07-30 15:04:29,952 - download - INFO - Обрабатываю событие 1753870549.4903
2025-07-30 15:04:29,952 - download - INFO - Событие 1753870549.4903 уже есть в БД
2025-07-30 15:04:29,952 - download - INFO - Обрабатываю событие 1753870549.4903
2025-07-30 15:04:29,953 - download - INFO - Событие 1753870549.4903 уже есть в БД
2025-07-30 15:04:29,953 - download - INFO - Обрабатываю событие 1753871815.5165
2025-07-30 15:04:29,954 - download - INFO - Событие 1753871815.5165 уже есть в БД
2025-07-30 15:04:29,954 - download - INFO - Обрабатываю событие 1753871815.5165
2025-07-30 15:04:29,954 - download - INFO - Событие 1753871815.5165 уже есть в БД
2025-07-30 15:04:29,954 - download - INFO - Обрабатываю событие 1753871809.5163
2025-07-30 15:04:29,955 - download - INFO - Событие 1753871809.5163 уже есть в БД
2025-07-30 15:04:29,955 - download - INFO - Обрабатываю событие 1753871809.5163
2025-07-30 15:04:29,955 - download - INFO - Событие 1753871809.5163 уже есть в БД
2025-07-30 15:04:29,955 - download - INFO - Обрабатываю событие 1753871827.5178
2025-07-30 15:04:29,956 - download - INFO - Событие 1753871827.5178 уже есть в БД
2025-07-30 15:04:29,956 - download - INFO - Обрабатываю событие 1753871827.5178
2025-07-30 15:04:29,956 - download - INFO - Событие 1753871827.5178 уже есть в БД
2025-07-30 15:04:29,957 - download - INFO - Обрабатываю событие 1753872382.5466
2025-07-30 15:04:29,957 - download - INFO - Событие 1753872382.5466 уже есть в БД
2025-07-30 15:04:29,957 - download - INFO - Обрабатываю событие 1753872382.5466
2025-07-30 15:04:29,958 - download - INFO - Событие 1753872382.5466 уже есть в БД
2025-07-30 15:04:29,958 - download - INFO - Обрабатываю событие 1753872246.5405
2025-07-30 15:04:29,958 - download - INFO - Событие 1753872246.5405 уже есть в БД
2025-07-30 15:04:29,958 - download - INFO - Обрабатываю событие 1753872246.5405
2025-07-30 15:04:29,959 - download - INFO - Событие 1753872246.5405 уже есть в БД
2025-07-30 15:04:29,959 - download - INFO - Обрабатываю событие 1753872441.5486
2025-07-30 15:04:29,959 - download - INFO - Событие 1753872441.5486 уже есть в БД
2025-07-30 15:04:29,960 - download - INFO - Обрабатываю событие 1753872441.5486
2025-07-30 15:04:29,960 - download - INFO - Событие 1753872441.5486 уже есть в БД
2025-07-30 15:04:29,960 - download - INFO - Обрабатываю событие 1753873468.5600
2025-07-30 15:04:29,961 - download - INFO - Событие 1753873468.5600 уже есть в БД
2025-07-30 15:04:29,961 - download - INFO - Обрабатываю событие 1753873468.5600
2025-07-30 15:04:29,961 - download - INFO - Событие 1753873468.5600 уже есть в БД
2025-07-30 15:04:29,962 - download - INFO - Обрабатываю событие 1753873487.5604
2025-07-30 15:04:29,962 - download - INFO - Событие 1753873487.5604 уже есть в БД
2025-07-30 15:04:29,962 - download - INFO - Обрабатываю событие 1753873487.5604
2025-07-30 15:04:29,963 - download - INFO - Событие 1753873487.5604 уже есть в БД
2025-07-30 15:04:29,963 - download - INFO - Обрабатываю событие 1753873312.5576
2025-07-30 15:04:29,963 - download - INFO - Событие 1753873312.5576 уже есть в БД
2025-07-30 15:04:29,963 - download - INFO - Обрабатываю событие 1753873312.5576
2025-07-30 15:04:29,964 - download - INFO - Событие 1753873312.5576 уже есть в БД
2025-07-30 15:04:29,964 - download - INFO - Обрабатываю событие 1753873764.5658
2025-07-30 15:04:29,964 - download - INFO - Событие 1753873764.5658 уже есть в БД
2025-07-30 15:04:29,965 - download - INFO - Обрабатываю событие 1753873761.5657
2025-07-30 15:04:29,965 - download - INFO - Событие 1753873761.5657 уже есть в БД
2025-07-30 15:04:29,965 - download - INFO - Обрабатываю событие 1753874634.5814
2025-07-30 15:04:29,966 - download - INFO - Событие 1753874634.5814 уже есть в БД
2025-07-30 15:04:29,966 - download - INFO - Обрабатываю событие 1753874634.5814
2025-07-30 15:04:29,966 - download - INFO - Событие 1753874634.5814 уже есть в БД
2025-07-30 15:04:29,966 - download - INFO - Обрабатываю событие 1753874536.5787
2025-07-30 15:04:29,967 - download - INFO - Событие 1753874536.5787 уже есть в БД
2025-07-30 15:04:29,967 - download - INFO - Обрабатываю событие 1753874536.5787
2025-07-30 15:04:29,967 - download - INFO - Событие 1753874536.5787 уже есть в БД
2025-07-30 15:04:29,968 - download - INFO - Обрабатываю событие 1753874594.5805
2025-07-30 15:04:29,968 - download - INFO - Событие 1753874594.5805 уже есть в БД
2025-07-30 15:04:29,968 - download - INFO - Обрабатываю событие 1753874594.5805
2025-07-30 15:04:29,969 - download - INFO - Событие 1753874594.5805 уже есть в БД
2025-07-30 15:04:29,969 - download - INFO - Обрабатываю событие 1753881716.6936
2025-07-30 15:04:29,970 - download - INFO - Событие 1753881716.6936 уже есть в БД
2025-07-30 15:04:29,970 - download - INFO - Обрабатываю событие 1753881686.6928
2025-07-30 15:04:29,970 - download - INFO - Событие 1753881686.6928 уже есть в БД
2025-07-30 15:04:29,970 - download - INFO - Обрабатываю событие 1753882970.7188
2025-07-30 15:04:29,971 - download - INFO - Событие 1753882970.7188 уже есть в БД
2025-07-30 15:04:29,971 - download - INFO - Обрабатываю событие 1753882970.7188
2025-07-30 15:04:29,971 - download - INFO - Событие 1753882970.7188 уже есть в БД
2025-07-30 15:04:29,972 - download - INFO - Обрабатываю событие 1753882923.7178
2025-07-30 15:04:29,972 - download - INFO - Событие 1753882923.7178 уже есть в БД
2025-07-30 15:04:29,972 - download - INFO - Обрабатываю событие 1753882923.7178
2025-07-30 15:04:29,972 - download - INFO - Событие 1753882923.7178 уже есть в БД
2025-07-30 15:04:29,973 - download - INFO - Обрабатываю событие 1753883060.7199
2025-07-30 15:04:29,973 - download - INFO - Событие 1753883060.7199 уже есть в БД
2025-07-30 15:04:29,973 - download - INFO - Обрабатываю событие 1753883060.7199
2025-07-30 15:04:29,974 - download - INFO - Событие 1753883060.7199 уже есть в БД
2025-07-30 15:04:29,974 - download - INFO - Обрабатываю событие 1753883242.7215
2025-07-30 15:04:29,974 - download - INFO - Событие 1753883242.7215 уже есть в БД
2025-07-30 15:04:29,974 - download - INFO - Обрабатываю событие 1753883242.7215
2025-07-30 15:04:29,975 - download - INFO - Событие 1753883242.7215 уже есть в БД
2025-07-30 15:04:29,975 - download - INFO - Обрабатываю событие 1753883445.7231
2025-07-30 15:04:29,975 - download - INFO - Событие 1753883445.7231 уже есть в БД
2025-07-30 15:04:29,975 - download - INFO - Обрабатываю событие 1753883445.7231
2025-07-30 15:04:29,976 - download - INFO - Событие 1753883445.7231 уже есть в БД
2025-07-30 15:04:29,976 - download - INFO - Обрабатываю событие 1753883988.7341
2025-07-30 15:04:29,976 - download - INFO - Событие 1753883988.7341 уже есть в БД
2025-07-30 15:04:29,977 - download - INFO - Обрабатываю событие 1753883988.7341
2025-07-30 15:04:29,977 - download - INFO - Событие 1753883988.7341 уже есть в БД
2025-07-30 15:04:29,977 - download - INFO - Обрабатываю событие 1753884598.7432
2025-07-30 15:04:29,977 - download - INFO - Событие 1753884598.7432 уже есть в БД
2025-07-30 15:04:29,978 - download - INFO - Обрабатываю событие 1753884598.7432
2025-07-30 15:04:29,978 - download - INFO - Событие 1753884598.7432 уже есть в БД
2025-07-30 15:04:29,978 - download - INFO - Обрабатываю событие 1753884642.7434
2025-07-30 15:04:29,979 - download - INFO - Событие 1753884642.7434 уже есть в БД
2025-07-30 15:04:29,979 - download - INFO - Обрабатываю событие 1753884642.7434
2025-07-30 15:04:29,979 - download - INFO - Событие 1753884642.7434 уже есть в БД
2025-07-30 15:04:29,979 - download - INFO - Обрабатываю событие 1753885731.3
2025-07-30 15:04:29,980 - download - INFO - Событие 1753885731.3 уже есть в БД
2025-07-30 15:04:29,980 - download - INFO - Обрабатываю событие 1753885814.6
2025-07-30 15:04:29,980 - download - INFO - Событие 1753885814.6 уже есть в БД
2025-07-30 15:04:29,981 - download - INFO - Обрабатываю событие 1753885865.9
2025-07-30 15:04:29,981 - download - INFO - Событие 1753885865.9 уже есть в БД
2025-07-30 15:04:29,981 - download - INFO - Обрабатываю событие 1753885878.12
2025-07-30 15:04:29,981 - download - INFO - Событие 1753885878.12 уже есть в БД
2025-07-30 15:04:29,981 - download - INFO - Обрабатываю событие 1753885967.18
2025-07-30 15:04:29,982 - download - INFO - Событие 1753885967.18 уже есть в БД
2025-07-30 15:04:29,982 - download - INFO - Обрабатываю событие 1753885967.18
2025-07-30 15:04:29,982 - download - INFO - Событие 1753885967.18 уже есть в БД
2025-07-30 15:04:29,982 - download - INFO - Обрабатываю событие 1753886348.46
2025-07-30 15:04:29,983 - download - INFO - Событие 1753886348.46 уже есть в БД
2025-07-30 15:04:29,983 - download - INFO - Обрабатываю событие 1753886348.46
2025-07-30 15:04:29,983 - download - INFO - Событие 1753886348.46 уже есть в БД
2025-07-30 15:04:29,983 - download - INFO - Обрабатываю событие 1753887149.115
2025-07-30 15:04:29,983 - download - INFO - Событие 1753887149.115 уже есть в БД
2025-07-30 15:04:29,984 - download - INFO - Обрабатываю событие 1753887149.115
2025-07-30 15:04:29,984 - download - INFO - Событие 1753887149.115 уже есть в БД
2025-07-30 15:04:29,984 - download - INFO - Обрабатываю событие 1753887460.125
2025-07-30 15:04:29,984 - download - INFO - Событие 1753887460.125 уже есть в БД
2025-07-30 15:04:29,984 - download - INFO - Обрабатываю событие 1753887460.125
2025-07-30 15:04:29,985 - download - INFO - Событие 1753887460.125 уже есть в БД
2025-07-30 15:04:29,985 - download - INFO - Обрабатываю событие 1753887646.141
2025-07-30 15:04:29,986 - download - INFO - Событие 1753887646.141 уже есть в БД
2025-07-30 15:04:29,986 - download - INFO - Обрабатываю событие 1753887646.141
2025-07-30 15:04:29,986 - download - INFO - Событие 1753887646.141 уже есть в БД
2025-07-30 15:04:29,996 - download - INFO - Синхронизация live событий для 0262 завершена: 0 новых событий
2025-07-30 15:04:29,996 - download - INFO - Начинаю синхронизацию live событий для предприятия 0263
2025-07-30 15:04:31,248 - download - INFO - Найдено 12 неуспешных событий hangup для 0263
2025-07-30 15:04:31,256 - download - INFO - Обрабатываю событие 1753861588.226
2025-07-30 15:04:31,257 - download - INFO - Событие 1753861588.226 уже есть в БД
2025-07-30 15:04:31,257 - download - INFO - Обрабатываю событие 1753861588.226
2025-07-30 15:04:31,258 - download - INFO - Событие 1753861588.226 уже есть в БД
2025-07-30 15:04:31,258 - download - INFO - Обрабатываю событие 1753871850.715
2025-07-30 15:04:31,258 - download - INFO - Событие 1753871850.715 уже есть в БД
2025-07-30 15:04:31,258 - download - INFO - Обрабатываю событие 1753871850.715
2025-07-30 15:04:31,259 - download - INFO - Событие 1753871850.715 уже есть в БД
2025-07-30 15:04:31,259 - download - INFO - Обрабатываю событие 1753883259.1087
2025-07-30 15:04:31,259 - download - INFO - Событие 1753883259.1087 уже есть в БД
2025-07-30 15:04:31,259 - download - INFO - Обрабатываю событие 1753883280.1102
2025-07-30 15:04:31,260 - download - INFO - Событие 1753883280.1102 уже есть в БД
2025-07-30 15:04:31,260 - download - INFO - Обрабатываю событие 1753883280.1102
2025-07-30 15:04:31,260 - download - INFO - Событие 1753883280.1102 уже есть в БД
2025-07-30 15:04:31,260 - download - INFO - Обрабатываю событие 1753885925.1186
2025-07-30 15:04:31,261 - download - INFO - Событие 1753885925.1186 уже есть в БД
2025-07-30 15:04:31,261 - download - INFO - Обрабатываю событие 1753887223.1231
2025-07-30 15:04:31,261 - download - INFO - Событие 1753887223.1231 уже есть в БД
2025-07-30 15:04:31,261 - download - INFO - Обрабатываю событие 1753887223.1231
2025-07-30 15:04:31,261 - download - INFO - Событие 1753887223.1231 уже есть в БД
2025-07-30 15:04:31,262 - download - INFO - Обрабатываю событие 1753887243.1246
2025-07-30 15:04:31,262 - download - INFO - Событие 1753887243.1246 уже есть в БД
2025-07-30 15:04:31,262 - download - INFO - Обрабатываю событие 1753887243.1246
2025-07-30 15:04:31,262 - download - INFO - Событие 1753887243.1246 уже есть в БД
2025-07-30 15:04:31,272 - download - INFO - Синхронизация live событий для 0263 завершена: 0 новых событий
2025-07-30 15:04:31,272 - download - INFO - Начинаю синхронизацию live событий для предприятия 0270
2025-07-30 15:04:32,501 - download - INFO - Найдено 0 неуспешных событий hangup для 0270
2025-07-30 15:04:32,501 - download - INFO - Синхронизация live событий для 0270 завершена: 0 новых событий
2025-07-30 15:04:32,501 - download - INFO - Начинаю синхронизацию live событий для предприятия 0271
2025-07-30 15:04:33,920 - download - INFO - Найдено 4 неуспешных событий hangup для 0271
2025-07-30 15:04:33,930 - download - INFO - Обрабатываю событие 1753873412.206
2025-07-30 15:04:33,932 - download - INFO - Событие 1753873412.206 уже есть в БД
2025-07-30 15:04:33,932 - download - INFO - Обрабатываю событие 1753873412.206
2025-07-30 15:04:33,932 - download - INFO - Событие 1753873412.206 уже есть в БД
2025-07-30 15:04:33,932 - download - INFO - Обрабатываю событие 1753883060.277
2025-07-30 15:04:33,933 - download - INFO - Событие 1753883060.277 уже есть в БД
2025-07-30 15:04:33,933 - download - INFO - Обрабатываю событие 1753883060.277
2025-07-30 15:04:33,933 - download - INFO - Событие 1753883060.277 уже есть в БД
2025-07-30 15:04:33,959 - download - INFO - Синхронизация live событий для 0271 завершена: 0 новых событий
2025-07-30 15:04:33,959 - download - INFO - Начинаю синхронизацию live событий для предприятия 0275
2025-07-30 15:04:35,249 - download - INFO - Найдено 14 неуспешных событий hangup для 0275
2025-07-30 15:04:35,257 - download - INFO - Обрабатываю событие 1753861140.86
2025-07-30 15:04:35,267 - download - INFO - Событие 1753861140.86 уже есть в БД
2025-07-30 15:04:35,267 - download - INFO - Обрабатываю событие 1753861140.86
2025-07-30 15:04:35,268 - download - INFO - Событие 1753861140.86 уже есть в БД
2025-07-30 15:04:35,269 - download - INFO - Обрабатываю событие 1753861137.83
2025-07-30 15:04:35,269 - download - INFO - Событие 1753861137.83 уже есть в БД
2025-07-30 15:04:35,269 - download - INFO - Обрабатываю событие 1753861137.83
2025-07-30 15:04:35,272 - download - INFO - Событие 1753861137.83 уже есть в БД
2025-07-30 15:04:35,272 - download - INFO - Обрабатываю событие 1753873437.314
2025-07-30 15:04:35,274 - download - INFO - Событие 1753873437.314 уже есть в БД
2025-07-30 15:04:35,275 - download - INFO - Обрабатываю событие 1753873437.314
2025-07-30 15:04:35,275 - download - INFO - Событие 1753873437.314 уже есть в БД
2025-07-30 15:04:35,275 - download - INFO - Обрабатываю событие 1753873414.306
2025-07-30 15:04:35,275 - download - INFO - Событие 1753873414.306 уже есть в БД
2025-07-30 15:04:35,275 - download - INFO - Обрабатываю событие 1753873414.306
2025-07-30 15:04:35,275 - download - INFO - Событие 1753873414.306 уже есть в БД
2025-07-30 15:04:35,275 - download - INFO - Обрабатываю событие 1753882929.505
2025-07-30 15:04:35,276 - download - INFO - Событие 1753882929.505 уже есть в БД
2025-07-30 15:04:35,276 - download - INFO - Обрабатываю событие 1753882929.505
2025-07-30 15:04:35,276 - download - INFO - Событие 1753882929.505 уже есть в БД
2025-07-30 15:04:35,276 - download - INFO - Обрабатываю событие 1753883342.516
2025-07-30 15:04:35,276 - download - INFO - Событие 1753883342.516 уже есть в БД
2025-07-30 15:04:35,276 - download - INFO - Обрабатываю событие 1753883342.516
2025-07-30 15:04:35,276 - download - INFO - Событие 1753883342.516 уже есть в БД
2025-07-30 15:04:35,277 - download - INFO - Обрабатываю событие 1753885758.578
2025-07-30 15:04:35,277 - download - INFO - Событие 1753885758.578 уже есть в БД
2025-07-30 15:04:35,277 - download - INFO - Обрабатываю событие 1753885736.570
2025-07-30 15:04:35,277 - download - INFO - Событие 1753885736.570 уже есть в БД
2025-07-30 15:04:35,291 - download - INFO - Синхронизация live событий для 0275 завершена: 0 новых событий
2025-07-30 15:04:35,291 - download - INFO - Начинаю синхронизацию live событий для предприятия 0280
2025-07-30 15:04:36,427 - download - INFO - Найдено 6 неуспешных событий hangup для 0280
2025-07-30 15:04:36,435 - download - INFO - Обрабатываю событие 1753862762.187
2025-07-30 15:04:36,437 - download - INFO - Событие 1753862762.187 уже есть в БД
2025-07-30 15:04:36,437 - download - INFO - Обрабатываю событие 1753887173.674
2025-07-30 15:04:36,437 - download - INFO - Событие 1753887173.674 уже есть в БД
2025-07-30 15:04:36,437 - download - INFO - Обрабатываю событие 1753887173.674
2025-07-30 15:04:36,437 - download - INFO - Событие 1753887173.674 уже есть в БД
2025-07-30 15:04:36,439 - download - INFO - Обрабатываю событие 1753887551.677
2025-07-30 15:04:36,439 - download - INFO - Событие 1753887551.677 уже есть в БД
2025-07-30 15:04:36,440 - download - INFO - Обрабатываю событие 1753887672.680
2025-07-30 15:04:36,450 - download - INFO - ✅ Создана recovery запись call_id=218747 для 1753887672.680
2025-07-30 15:04:36,450 - download - INFO - 🔗 UUID ссылка: https://bot.vochi.by/recordings/file/1d64331f-172d-4333-82b8-1b0f8ebfe486
2025-07-30 15:04:36,463 - telegram.Bot - DEBUG - Set Bot API URL: https://api.telegram.org/bot7635670067:AAF-fM0qtFN2huri2PsiuwqeB-I5Jjs4nmA
2025-07-30 15:04:36,467 - telegram.Bot - DEBUG - Set Bot API File URL: https://api.telegram.org/file/bot7635670067:AAF-fM0qtFN2huri2PsiuwqeB-I5Jjs4nmA
2025-07-30 15:04:36,646 - telegram.Bot - DEBUG - Calling Bot API endpoint `sendMessage` with parameters `{'chat_id': '7055556176', 'text': '🔄 Восстановленный входящий звонок\n💰+375447525765\n☎️154\nЛиния: 0001367\n⏰Начало звонка 18:01\n⌛ Длительность: 01:19\n🔉<a href="https://bot.vochi.by/recordings/file/1d64331f-172d-4333-82b8-1b0f8ebfe486">Запись разговора</a>', 'parse_mode': 'HTML'}`
2025-07-30 15:04:36,651 - uvicorn.error - INFO - Application startup complete.
2025-07-30 15:04:36,651 - httpcore.connection - DEBUG - connect_tcp.started host='api.telegram.org' port=443 local_address=None timeout=5.0 socket_options=None
2025-07-30 15:04:36,673 - httpcore.connection - DEBUG - connect_tcp.complete return_value=<httpcore._backends.anyio.AnyIOStream object at 0x7fbe70272a10>
2025-07-30 15:04:36,673 - httpcore.connection - DEBUG - start_tls.started ssl_context=<ssl.SSLContext object at 0x7fbe70284240> server_hostname='api.telegram.org' timeout=5.0
2025-07-30 15:04:36,688 - httpcore.connection - DEBUG - start_tls.complete return_value=<httpcore._backends.anyio.AnyIOStream object at 0x7fbe70272890>
2025-07-30 15:04:36,689 - httpcore.http11 - DEBUG - send_request_headers.started request=<Request [b'POST']>
2025-07-30 15:04:36,689 - httpcore.http11 - DEBUG - send_request_headers.complete
2025-07-30 15:04:36,689 - httpcore.http11 - DEBUG - send_request_body.started request=<Request [b'POST']>
2025-07-30 15:04:36,690 - httpcore.http11 - DEBUG - send_request_body.complete
2025-07-30 15:04:36,690 - httpcore.http11 - DEBUG - receive_response_headers.started request=<Request [b'POST']>
2025-07-30 15:04:36,786 - httpcore.http11 - DEBUG - receive_response_headers.complete return_value=(b'HTTP/1.1', 200, b'OK', [(b'Server', b'nginx/1.18.0'), (b'Date', b'Wed, 30 Jul 2025 15:04:36 GMT'), (b'Content-Type', b'application/json'), (b'Content-Length', b'1100'), (b'Connection', b'keep-alive'), (b'Strict-Transport-Security', b'max-age=31536000; includeSubDomains; preload'), (b'Access-Control-Allow-Origin', b'*'), (b'Access-Control-Allow-Methods', b'GET, POST, OPTIONS'), (b'Access-Control-Expose-Headers', b'Content-Length,Content-Type,Date,Server,Connection')])
2025-07-30 15:04:36,787 - httpx - INFO - HTTP Request: POST https://api.telegram.org/bot7635670067:AAF-fM0qtFN2huri2PsiuwqeB-I5Jjs4nmA/sendMessage "HTTP/1.1 200 OK"
2025-07-30 15:04:36,787 - httpcore.http11 - DEBUG - receive_response_body.started request=<Request [b'POST']>
2025-07-30 15:04:36,787 - httpcore.http11 - DEBUG - receive_response_body.complete
2025-07-30 15:04:36,787 - httpcore.http11 - DEBUG - response_closed.started
2025-07-30 15:04:36,787 - httpcore.http11 - DEBUG - response_closed.complete
2025-07-30 15:04:36,787 - telegram.Bot - DEBUG - Call to Bot API endpoint `sendMessage` finished with return value `{'message_id': 7069, 'from': {'id': 7635670067, 'is_bot': True, 'first_name': '0280-AquaExpert-bot', 'username': 'aquaexpert_vochi_bot'}, 'chat': {'id': 7055556176, 'first_name': 'VochiBotServer#1', 'type': 'private'}, 'date': 1753887876, 'text': '🔄 Восстановленный входящий звонок\n💰+375447525765\n☎️154\nЛиния: 0001367\n⏰Начало звонка 18:01\n⌛ Длительность: 01:19\n🔉Запись разговора', 'entities': [{'offset': 37, 'length': 13, 'type': 'phone_number'}, {'offset': 117, 'length': 16, 'type': 'text_link', 'url': 'https://bot.vochi.by/recordings/file/1d64331f-172d-4333-82b8-1b0f8ebfe486'}], 'link_preview_options': {'url': 'https://bot.vochi.by/recordings/file/1d64331f-172d-4333-82b8-1b0f8ebfe486'}}`
2025-07-30 15:04:36,788 - download - INFO - ✅ Отправлено Telegram сообщение для 1753887672.680 в чат 7055556176
2025-07-30 15:04:36,789 - download - INFO - 📱 Telegram уведомление отправлено для 1753887672.680
2025-07-30 15:04:36,790 - download - INFO - Обрабатываю событие 1753887672.680
2025-07-30 15:04:36,790 - download - INFO - Событие 1753887672.680 уже есть в БД
2025-07-30 15:04:36,803 - download - INFO - Синхронизация live событий для 0280 завершена: 1 новых событий
2025-07-30 15:04:36,803 - download - INFO - Начинаю синхронизацию live событий для предприятия 0281
2025-07-30 15:04:38,142 - download - INFO - Найдено 24 неуспешных событий hangup для 0281
2025-07-30 15:04:38,157 - download - INFO - Обрабатываю событие 1753861900.338
2025-07-30 15:04:38,159 - download - INFO - Событие 1753861900.338 уже есть в БД
2025-07-30 15:04:38,159 - download - INFO - Обрабатываю событие 1753861900.338
2025-07-30 15:04:38,160 - download - INFO - Событие 1753861900.338 уже есть в БД
2025-07-30 15:04:38,160 - download - INFO - Обрабатываю событие 1753861921.341
2025-07-30 15:04:38,160 - download - INFO - Событие 1753861921.341 уже есть в БД
2025-07-30 15:04:38,161 - download - INFO - Обрабатываю событие 1753861921.341
2025-07-30 15:04:38,161 - download - INFO - Событие 1753861921.341 уже есть в БД
2025-07-30 15:04:38,161 - download - INFO - Обрабатываю событие 1753872489.679
2025-07-30 15:04:38,162 - download - INFO - Событие 1753872489.679 уже есть в БД
2025-07-30 15:04:38,162 - download - INFO - Обрабатываю событие 1753872489.679
2025-07-30 15:04:38,163 - download - INFO - Событие 1753872489.679 уже есть в БД
2025-07-30 15:04:38,163 - download - INFO - Обрабатываю событие 1753873422.689
2025-07-30 15:04:38,163 - download - INFO - Событие 1753873422.689 уже есть в БД
2025-07-30 15:04:38,164 - download - INFO - Обрабатываю событие 1753873422.689
2025-07-30 15:04:38,164 - download - INFO - Событие 1753873422.689 уже есть в БД
2025-07-30 15:04:38,164 - download - INFO - Обрабатываю событие 1753874589.727
2025-07-30 15:04:38,165 - download - INFO - Событие 1753874589.727 уже есть в БД
2025-07-30 15:04:38,165 - download - INFO - Обрабатываю событие 1753874589.727
2025-07-30 15:04:38,165 - download - INFO - Событие 1753874589.727 уже есть в БД
2025-07-30 15:04:38,166 - download - INFO - Обрабатываю событие 1753878600.875
2025-07-30 15:04:38,166 - download - INFO - Событие 1753878600.875 уже есть в БД
2025-07-30 15:04:38,166 - download - INFO - Обрабатываю событие 1753878600.875
2025-07-30 15:04:38,167 - download - INFO - Событие 1753878600.875 уже есть в БД
2025-07-30 15:04:38,167 - download - INFO - Обрабатываю событие 1753878603.878
2025-07-30 15:04:38,167 - download - INFO - Событие 1753878603.878 уже есть в БД
2025-07-30 15:04:38,168 - download - INFO - Обрабатываю событие 1753878603.878
2025-07-30 15:04:38,169 - download - INFO - Событие 1753878603.878 уже есть в БД
2025-07-30 15:04:38,169 - download - INFO - Обрабатываю событие 1753878646.884
2025-07-30 15:04:38,170 - download - INFO - Событие 1753878646.884 уже есть в БД
2025-07-30 15:04:38,170 - download - INFO - Обрабатываю событие 1753878646.884
2025-07-30 15:04:38,170 - download - INFO - Событие 1753878646.884 уже есть в БД
2025-07-30 15:04:38,171 - download - INFO - Обрабатываю событие 1753878699.887
2025-07-30 15:04:38,171 - download - INFO - Событие 1753878699.887 уже есть в БД
2025-07-30 15:04:38,172 - download - INFO - Обрабатываю событие 1753878699.887
2025-07-30 15:04:38,172 - download - INFO - Событие 1753878699.887 уже есть в БД
2025-07-30 15:04:38,172 - download - INFO - Обрабатываю событие 1753883113.1168
2025-07-30 15:04:38,173 - download - INFO - Событие 1753883113.1168 уже есть в БД
2025-07-30 15:04:38,173 - download - INFO - Обрабатываю событие 1753883113.1168
2025-07-30 15:04:38,173 - download - INFO - Событие 1753883113.1168 уже есть в БД
2025-07-30 15:04:38,173 - download - INFO - Обрабатываю событие 1753883332.1172
2025-07-30 15:04:38,174 - download - INFO - Событие 1753883332.1172 уже есть в БД
2025-07-30 15:04:38,174 - download - INFO - Обрабатываю событие 1753883332.1172
2025-07-30 15:04:38,174 - download - INFO - Событие 1753883332.1172 уже есть в БД
2025-07-30 15:04:38,174 - download - INFO - Обрабатываю событие 1753883334.1175
2025-07-30 15:04:38,175 - download - INFO - Событие 1753883334.1175 уже есть в БД
2025-07-30 15:04:38,175 - download - INFO - Обрабатываю событие 1753883334.1175
2025-07-30 15:04:38,175 - download - INFO - Событие 1753883334.1175 уже есть в БД
2025-07-30 15:04:38,184 - download - INFO - Синхронизация live событий для 0281 завершена: 0 новых событий
2025-07-30 15:04:38,184 - download - INFO - Начинаю синхронизацию live событий для предприятия 0283
2025-07-30 15:04:39,629 - download - INFO - Найдено 2 неуспешных событий hangup для 0283
2025-07-30 15:04:39,637 - download - INFO - Обрабатываю событие 1753884512.379
2025-07-30 15:04:39,638 - download - INFO - Событие 1753884512.379 уже есть в БД
2025-07-30 15:04:39,639 - download - INFO - Обрабатываю событие 1753884512.379
2025-07-30 15:04:39,639 - download - INFO - Событие 1753884512.379 уже есть в БД
2025-07-30 15:04:39,648 - download - INFO - Синхронизация live событий для 0283 завершена: 0 новых событий
2025-07-30 15:04:39,648 - download - INFO - Начинаю синхронизацию live событий для предприятия 0286
2025-07-30 15:04:40,867 - download - INFO - Найдено 16 неуспешных событий hangup для 0286
2025-07-30 15:04:40,877 - download - INFO - Обрабатываю событие 1753861895.284
2025-07-30 15:04:40,878 - download - INFO - Событие 1753861895.284 уже есть в БД
2025-07-30 15:04:40,878 - download - INFO - Обрабатываю событие 1753861895.284
2025-07-30 15:04:40,879 - download - INFO - Событие 1753861895.284 уже есть в БД
2025-07-30 15:04:40,879 - download - INFO - Обрабатываю событие 1753861898.287
2025-07-30 15:04:40,879 - download - INFO - Событие 1753861898.287 уже есть в БД
2025-07-30 15:04:40,879 - download - INFO - Обрабатываю событие 1753861898.287
2025-07-30 15:04:40,880 - download - INFO - Событие 1753861898.287 уже есть в БД
2025-07-30 15:04:40,880 - download - INFO - Обрабатываю событие 1753873483.757
2025-07-30 15:04:40,880 - download - INFO - Событие 1753873483.757 уже есть в БД
2025-07-30 15:04:40,880 - download - INFO - Обрабатываю событие 1753873483.757
2025-07-30 15:04:40,881 - download - INFO - Событие 1753873483.757 уже есть в БД
2025-07-30 15:04:40,881 - download - INFO - Обрабатываю событие 1753876926.881
2025-07-30 15:04:40,881 - download - INFO - Событие 1753876926.881 уже есть в БД
2025-07-30 15:04:40,881 - download - INFO - Обрабатываю событие 1753876926.881
2025-07-30 15:04:40,882 - download - INFO - Событие 1753876926.881 уже есть в БД
2025-07-30 15:04:40,882 - download - INFO - Обрабатываю событие 1753876995.896
2025-07-30 15:04:40,882 - download - INFO - Событие 1753876995.896 уже есть в БД
2025-07-30 15:04:40,882 - download - INFO - Обрабатываю событие 1753876995.896
2025-07-30 15:04:40,882 - download - INFO - Событие 1753876995.896 уже есть в БД
2025-07-30 15:04:40,883 - download - INFO - Обрабатываю событие 1753876993.893
2025-07-30 15:04:40,883 - download - INFO - Событие 1753876993.893 уже есть в БД
2025-07-30 15:04:40,883 - download - INFO - Обрабатываю событие 1753876993.893
2025-07-30 15:04:40,883 - download - INFO - Событие 1753876993.893 уже есть в БД
2025-07-30 15:04:40,883 - download - INFO - Обрабатываю событие 1753883020.1082
2025-07-30 15:04:40,884 - download - INFO - Событие 1753883020.1082 уже есть в БД
2025-07-30 15:04:40,884 - download - INFO - Обрабатываю событие 1753883020.1082
2025-07-30 15:04:40,884 - download - INFO - Событие 1753883020.1082 уже есть в БД
2025-07-30 15:04:40,884 - download - INFO - Обрабатываю событие 1753883018.1079
2025-07-30 15:04:40,885 - download - INFO - Событие 1753883018.1079 уже есть в БД
2025-07-30 15:04:40,885 - download - INFO - Обрабатываю событие 1753883018.1079
2025-07-30 15:04:40,885 - download - INFO - Событие 1753883018.1079 уже есть в БД
2025-07-30 15:04:40,910 - download - INFO - Синхронизация live событий для 0286 завершена: 0 новых событий
2025-07-30 15:04:40,910 - download - INFO - Начинаю синхронизацию live событий для предприятия 0288
2025-07-30 15:04:42,006 - download - INFO - Найдено 2 неуспешных событий hangup для 0288
2025-07-30 15:04:42,015 - download - INFO - Обрабатываю событие 1753874643.34
2025-07-30 15:04:42,017 - download - INFO - Событие 1753874643.34 уже есть в БД
2025-07-30 15:04:42,017 - download - INFO - Обрабатываю событие 1753874643.34
2025-07-30 15:04:42,017 - download - INFO - Событие 1753874643.34 уже есть в БД
2025-07-30 15:04:42,029 - download - INFO - Синхронизация live событий для 0288 завершена: 0 новых событий
2025-07-30 15:04:42,029 - download - INFO - Начинаю синхронизацию live событий для предприятия 0291
2025-07-30 15:04:43,283 - download - INFO - Найдено 2 неуспешных событий hangup для 0291
2025-07-30 15:04:43,294 - download - INFO - Обрабатываю событие 1753883374.203
2025-07-30 15:04:43,296 - download - INFO - Событие 1753883374.203 уже есть в БД
2025-07-30 15:04:43,296 - download - INFO - Обрабатываю событие 1753883374.203
2025-07-30 15:04:43,297 - download - INFO - Событие 1753883374.203 уже есть в БД
2025-07-30 15:04:43,309 - download - INFO - Синхронизация live событий для 0291 завершена: 0 новых событий
2025-07-30 15:04:43,309 - download - INFO - Начинаю синхронизацию live событий для предприятия 0292
2025-07-30 15:04:44,585 - download - INFO - Найдено 0 неуспешных событий hangup для 0292
2025-07-30 15:04:44,585 - download - INFO - Синхронизация live событий для 0292 завершена: 0 новых событий
2025-07-30 15:04:44,585 - download - INFO - Начинаю синхронизацию live событий для предприятия 0294
2025-07-30 15:04:45,827 - download - INFO - Найдено 2 неуспешных событий hangup для 0294
2025-07-30 15:04:45,835 - download - INFO - Обрабатываю событие 1753887046.48
2025-07-30 15:04:45,837 - download - INFO - Событие 1753887046.48 уже есть в БД
2025-07-30 15:04:45,837 - download - INFO - Обрабатываю событие 1753887046.48
2025-07-30 15:04:45,837 - download - INFO - Событие 1753887046.48 уже есть в БД
2025-07-30 15:04:45,849 - download - INFO - Синхронизация live событий для 0294 завершена: 0 новых событий
2025-07-30 15:04:45,850 - download - INFO - Начинаю синхронизацию live событий для предприятия 0295
2025-07-30 15:04:47,034 - download - INFO - Найдено 6 неуспешных событий hangup для 0295
2025-07-30 15:04:47,045 - download - INFO - Обрабатываю событие 1753874522.93
2025-07-30 15:04:47,046 - download - INFO - Событие 1753874522.93 уже есть в БД
2025-07-30 15:04:47,047 - download - INFO - Обрабатываю событие 1753874522.93
2025-07-30 15:04:47,050 - download - INFO - Событие 1753874522.93 уже есть в БД
2025-07-30 15:04:47,050 - download - INFO - Обрабатываю событие 1753878521.167
2025-07-30 15:04:47,053 - download - INFO - Событие 1753878521.167 уже есть в БД
2025-07-30 15:04:47,053 - download - INFO - Обрабатываю событие 1753878521.167
2025-07-30 15:04:47,054 - download - INFO - Событие 1753878521.167 уже есть в БД
2025-07-30 15:04:47,054 - download - INFO - Обрабатываю событие 1753883027.219
2025-07-30 15:04:47,054 - download - INFO - Событие 1753883027.219 уже есть в БД
2025-07-30 15:04:47,054 - download - INFO - Обрабатываю событие 1753883027.219
2025-07-30 15:04:47,055 - download - INFO - Событие 1753883027.219 уже есть в БД
2025-07-30 15:04:47,067 - download - INFO - Синхронизация live событий для 0295 завершена: 0 новых событий
2025-07-30 15:04:47,067 - download - INFO - Начинаю синхронизацию live событий для предприятия 0298
2025-07-30 15:04:48,240 - download - INFO - Найдено 4 неуспешных событий hangup для 0298
2025-07-30 15:04:48,247 - download - INFO - Обрабатываю событие 1753866141.120
2025-07-30 15:04:48,248 - download - INFO - Событие 1753866141.120 уже есть в БД
2025-07-30 15:04:48,248 - download - INFO - Обрабатываю событие 1753866141.120
2025-07-30 15:04:48,249 - download - INFO - Событие 1753866141.120 уже есть в БД
2025-07-30 15:04:48,249 - download - INFO - Обрабатываю событие 1753873417.156
2025-07-30 15:04:48,249 - download - INFO - Событие 1753873417.156 уже есть в БД
2025-07-30 15:04:48,249 - download - INFO - Обрабатываю событие 1753873417.156
2025-07-30 15:04:48,250 - download - INFO - Событие 1753873417.156 уже есть в БД
2025-07-30 15:04:48,261 - download - INFO - Синхронизация live событий для 0298 завершена: 0 новых событий
2025-07-30 15:04:48,262 - download - INFO - Начинаю синхронизацию live событий для предприятия 0307
2025-07-30 15:04:49,502 - download - INFO - Найдено 0 неуспешных событий hangup для 0307
2025-07-30 15:04:49,502 - download - INFO - Синхронизация live событий для 0307 завершена: 0 новых событий
2025-07-30 15:04:49,502 - download - INFO - Начинаю синхронизацию live событий для предприятия 0310
2025-07-30 15:04:50,784 - download - INFO - Найдено 14 неуспешных событий hangup для 0310
2025-07-30 15:04:50,791 - download - INFO - Обрабатываю событие 1753861941.105
2025-07-30 15:04:50,792 - download - INFO - Событие 1753861941.105 уже есть в БД
2025-07-30 15:04:50,792 - download - INFO - Обрабатываю событие 1753861941.105
2025-07-30 15:04:50,793 - download - INFO - Событие 1753861941.105 уже есть в БД
2025-07-30 15:04:50,793 - download - INFO - Обрабатываю событие 1753870714.206
2025-07-30 15:04:50,793 - download - INFO - Событие 1753870714.206 уже есть в БД
2025-07-30 15:04:50,793 - download - INFO - Обрабатываю событие 1753870714.206
2025-07-30 15:04:50,794 - download - INFO - Событие 1753870714.206 уже есть в БД
2025-07-30 15:04:50,794 - download - INFO - Обрабатываю событие 1753873352.253
2025-07-30 15:04:50,794 - download - INFO - Событие 1753873352.253 уже есть в БД
2025-07-30 15:04:50,794 - download - INFO - Обрабатываю событие 1753873352.253
2025-07-30 15:04:50,795 - download - INFO - Событие 1753873352.253 уже есть в БД
2025-07-30 15:04:50,795 - download - INFO - Обрабатываю событие 1753883020.399
2025-07-30 15:04:50,795 - download - INFO - Событие 1753883020.399 уже есть в БД
2025-07-30 15:04:50,795 - download - INFO - Обрабатываю событие 1753883020.399
2025-07-30 15:04:50,796 - download - INFO - Событие 1753883020.399 уже есть в БД
2025-07-30 15:04:50,796 - download - INFO - Обрабатываю событие 1753887269.454
2025-07-30 15:04:50,796 - download - INFO - Событие 1753887269.454 уже есть в БД
2025-07-30 15:04:50,796 - download - INFO - Обрабатываю событие 1753887269.454
2025-07-30 15:04:50,796 - download - INFO - Событие 1753887269.454 уже есть в БД
2025-07-30 15:04:50,797 - download - INFO - Обрабатываю событие 1753887261.452
2025-07-30 15:04:50,797 - download - INFO - Событие 1753887261.452 уже есть в БД
2025-07-30 15:04:50,797 - download - INFO - Обрабатываю событие 1753887261.452
2025-07-30 15:04:50,797 - download - INFO - Событие 1753887261.452 уже есть в БД
2025-07-30 15:04:50,797 - download - INFO - Обрабатываю событие 1753887716.463
2025-07-30 15:04:50,807 - download - INFO - ✅ Создана recovery запись call_id=218754 для 1753887716.463
2025-07-30 15:04:50,807 - download - INFO - 🔗 UUID ссылка: https://bot.vochi.by/recordings/file/81b8176d-d023-490d-a3d4-127669b909b5
2025-07-30 15:04:50,814 - telegram.Bot - DEBUG - Set Bot API URL: https://api.telegram.org/bot7513080885:AAGVyHB7jk7D-ElVJr4NfcmSyFQ0MsljTo0
2025-07-30 15:04:50,814 - telegram.Bot - DEBUG - Set Bot API File URL: https://api.telegram.org/file/bot7513080885:AAGVyHB7jk7D-ElVJr4NfcmSyFQ0MsljTo0
2025-07-30 15:04:50,867 - telegram.Bot - DEBUG - Calling Bot API endpoint `sendMessage` with parameters `{'chat_id': '7055556176', 'text': '🔄 Восстановленный пропущенный входящий\n💰+375297143442\nЛиния: 0001369\n⏰Начало звонка 18:01\n⌛ Дозванивался: 00:50', 'parse_mode': 'HTML'}`
2025-07-30 15:04:50,868 - httpcore.connection - DEBUG - connect_tcp.started host='api.telegram.org' port=443 local_address=None timeout=5.0 socket_options=None
2025-07-30 15:04:50,885 - httpcore.connection - DEBUG - connect_tcp.complete return_value=<httpcore._backends.anyio.AnyIOStream object at 0x7fbe702f8bb0>
2025-07-30 15:04:50,885 - httpcore.connection - DEBUG - start_tls.started ssl_context=<ssl.SSLContext object at 0x7fbe70285940> server_hostname='api.telegram.org' timeout=5.0
2025-07-30 15:04:50,902 - httpcore.connection - DEBUG - start_tls.complete return_value=<httpcore._backends.anyio.AnyIOStream object at 0x7fbe702f8940>
2025-07-30 15:04:50,903 - httpcore.http11 - DEBUG - send_request_headers.started request=<Request [b'POST']>
2025-07-30 15:04:50,903 - httpcore.http11 - DEBUG - send_request_headers.complete
2025-07-30 15:04:50,903 - httpcore.http11 - DEBUG - send_request_body.started request=<Request [b'POST']>
2025-07-30 15:04:50,903 - httpcore.http11 - DEBUG - send_request_body.complete
2025-07-30 15:04:50,903 - httpcore.http11 - DEBUG - receive_response_headers.started request=<Request [b'POST']>
2025-07-30 15:04:50,945 - httpcore.http11 - DEBUG - receive_response_headers.complete return_value=(b'HTTP/1.1', 200, b'OK', [(b'Server', b'nginx/1.18.0'), (b'Date', b'Wed, 30 Jul 2025 15:04:50 GMT'), (b'Content-Type', b'application/json'), (b'Content-Length', b'759'), (b'Connection', b'keep-alive'), (b'Strict-Transport-Security', b'max-age=31536000; includeSubDomains; preload'), (b'Access-Control-Allow-Origin', b'*'), (b'Access-Control-Allow-Methods', b'GET, POST, OPTIONS'), (b'Access-Control-Expose-Headers', b'Content-Length,Content-Type,Date,Server,Connection')])
2025-07-30 15:04:50,945 - httpx - INFO - HTTP Request: POST https://api.telegram.org/bot7513080885:AAGVyHB7jk7D-ElVJr4NfcmSyFQ0MsljTo0/sendMessage "HTTP/1.1 200 OK"
2025-07-30 15:04:50,945 - httpcore.http11 - DEBUG - receive_response_body.started request=<Request [b'POST']>
2025-07-30 15:04:50,945 - httpcore.http11 - DEBUG - receive_response_body.complete
2025-07-30 15:04:50,945 - httpcore.http11 - DEBUG - response_closed.started
2025-07-30 15:04:50,946 - httpcore.http11 - DEBUG - response_closed.complete
2025-07-30 15:04:50,946 - telegram.Bot - DEBUG - Call to Bot API endpoint `sendMessage` finished with return value `{'message_id': 7724, 'from': {'id': 7513080885, 'is_bot': True, 'first_name': '0310-PAO-bot', 'username': 'pao_vochi_bot'}, 'chat': {'id': 7055556176, 'first_name': 'VochiBotServer#1', 'type': 'private'}, 'date': 1753887890, 'text': '🔄 Восстановленный пропущенный входящий\n💰+375297143442\nЛиния: 0001369\n⏰Начало звонка 18:01\n⌛ Дозванивался: 00:50', 'entities': [{'offset': 42, 'length': 13, 'type': 'phone_number'}]}`
2025-07-30 15:04:50,946 - download - INFO - ✅ Отправлено Telegram сообщение для 1753887716.463 в чат 7055556176
2025-07-30 15:04:50,948 - download - INFO - 📱 Telegram уведомление отправлено для 1753887716.463
2025-07-30 15:04:50,949 - download - INFO - Обрабатываю событие 1753887716.463
2025-07-30 15:04:50,950 - download - INFO - Событие 1753887716.463 уже есть в БД
2025-07-30 15:04:50,961 - download - INFO - Синхронизация live событий для 0310 завершена: 1 новых событий
2025-07-30 15:04:50,961 - download - INFO - Начинаю синхронизацию live событий для предприятия 0313
2025-07-30 15:04:52,186 - download - INFO - Найдено 2 неуспешных событий hangup для 0313
2025-07-30 15:04:52,192 - download - INFO - Обрабатываю событие 1753887135.135
2025-07-30 15:04:52,193 - download - INFO - Событие 1753887135.135 уже есть в БД
2025-07-30 15:04:52,194 - download - INFO - Обрабатываю событие 1753887135.135
2025-07-30 15:04:52,194 - download - INFO - Событие 1753887135.135 уже есть в БД
2025-07-30 15:04:52,210 - download - INFO - Синхронизация live событий для 0313 завершена: 0 новых событий
2025-07-30 15:04:52,211 - download - INFO - Начинаю синхронизацию live событий для предприятия 0322
2025-07-30 15:04:53,796 - download - INFO - Найдено 4 неуспешных событий hangup для 0322
2025-07-30 15:04:53,804 - download - INFO - Обрабатываю событие 1753873383.222
2025-07-30 15:04:53,805 - download - INFO - Событие 1753873383.222 уже есть в БД
2025-07-30 15:04:53,806 - download - INFO - Обрабатываю событие 1753873383.222
2025-07-30 15:04:53,806 - download - INFO - Событие 1753873383.222 уже есть в БД
2025-07-30 15:04:53,806 - download - INFO - Обрабатываю событие 1753887726.372
2025-07-30 15:04:53,817 - download - INFO - ✅ Создана recovery запись call_id=218755 для 1753887726.372
2025-07-30 15:04:53,818 - download - INFO - 🔗 UUID ссылка: https://bot.vochi.by/recordings/file/43dc12b3-90bf-4754-97fe-ccd87e2c90f4
2025-07-30 15:04:53,825 - telegram.Bot - DEBUG - Set Bot API URL: https://api.telegram.org/bot8029855333:AAGpBDimxmt_y302e4ufwUmMAz29MBH_fcE
2025-07-30 15:04:53,825 - telegram.Bot - DEBUG - Set Bot API File URL: https://api.telegram.org/file/bot8029855333:AAGpBDimxmt_y302e4ufwUmMAz29MBH_fcE
2025-07-30 15:04:53,884 - telegram.Bot - DEBUG - Calling Bot API endpoint `sendMessage` with parameters `{'chat_id': '7055556176', 'text': '🔄 Восстановленный исходящий звонок\n☎️154\n💰+375333607216\nЛиния: 0001368\n⏰Начало звонка 18:02\n⌛ Длительность: 00:39\n🔉<a href="https://bot.vochi.by/recordings/file/43dc12b3-90bf-4754-97fe-ccd87e2c90f4">Запись разговора</a>', 'parse_mode': 'HTML'}`
2025-07-30 15:04:53,884 - httpcore.connection - DEBUG - connect_tcp.started host='api.telegram.org' port=443 local_address=None timeout=5.0 socket_options=None
2025-07-30 15:04:53,901 - httpcore.connection - DEBUG - connect_tcp.complete return_value=<httpcore._backends.anyio.AnyIOStream object at 0x7fbe702f9ff0>
2025-07-30 15:04:53,902 - httpcore.connection - DEBUG - start_tls.started ssl_context=<ssl.SSLContext object at 0x7fbe70284e40> server_hostname='api.telegram.org' timeout=5.0
2025-07-30 15:04:53,917 - httpcore.connection - DEBUG - start_tls.complete return_value=<httpcore._backends.anyio.AnyIOStream object at 0x7fbe702f9d80>
2025-07-30 15:04:53,917 - httpcore.http11 - DEBUG - send_request_headers.started request=<Request [b'POST']>
2025-07-30 15:04:53,917 - httpcore.http11 - DEBUG - send_request_headers.complete
2025-07-30 15:04:53,917 - httpcore.http11 - DEBUG - send_request_body.started request=<Request [b'POST']>
2025-07-30 15:04:53,918 - httpcore.http11 - DEBUG - send_request_body.complete
2025-07-30 15:04:53,918 - httpcore.http11 - DEBUG - receive_response_headers.started request=<Request [b'POST']>
2025-07-30 15:04:54,057 - httpcore.http11 - DEBUG - receive_response_headers.complete return_value=(b'HTTP/1.1', 200, b'OK', [(b'Server', b'nginx/1.18.0'), (b'Date', b'Wed, 30 Jul 2025 15:04:54 GMT'), (b'Content-Type', b'application/json'), (b'Content-Length', b'1098'), (b'Connection', b'keep-alive'), (b'Strict-Transport-Security', b'max-age=31536000; includeSubDomains; preload'), (b'Access-Control-Allow-Origin', b'*'), (b'Access-Control-Allow-Methods', b'GET, POST, OPTIONS'), (b'Access-Control-Expose-Headers', b'Content-Length,Content-Type,Date,Server,Connection')])
2025-07-30 15:04:54,058 - httpx - INFO - HTTP Request: POST https://api.telegram.org/bot8029855333:AAGpBDimxmt_y302e4ufwUmMAz29MBH_fcE/sendMessage "HTTP/1.1 200 OK"
2025-07-30 15:04:54,059 - httpcore.http11 - DEBUG - receive_response_body.started request=<Request [b'POST']>
2025-07-30 15:04:54,059 - httpcore.http11 - DEBUG - receive_response_body.complete
2025-07-30 15:04:54,059 - httpcore.http11 - DEBUG - response_closed.started
2025-07-30 15:04:54,060 - httpcore.http11 - DEBUG - response_closed.complete
2025-07-30 15:04:54,060 - telegram.Bot - DEBUG - Call to Bot API endpoint `sendMessage` finished with return value `{'message_id': 7400, 'from': {'id': 8029855333, 'is_bot': True, 'first_name': '0322-Dviglo-bot', 'username': 'dviglo_vochi_bot'}, 'chat': {'id': 7055556176, 'first_name': 'VochiBotServer#1', 'type': 'private'}, 'date': 1753887894, 'text': '🔄 Восстановленный исходящий звонок\n☎️154\n💰+375333607216\nЛиния: 0001368\n⏰Начало звонка 18:02\n⌛ Длительность: 00:39\n🔉Запись разговора', 'entities': [{'offset': 44, 'length': 13, 'type': 'phone_number'}, {'offset': 118, 'length': 16, 'type': 'text_link', 'url': 'https://bot.vochi.by/recordings/file/43dc12b3-90bf-4754-97fe-ccd87e2c90f4'}], 'link_preview_options': {'url': 'https://bot.vochi.by/recordings/file/43dc12b3-90bf-4754-97fe-ccd87e2c90f4'}}`
2025-07-30 15:04:54,061 - download - INFO - ✅ Отправлено Telegram сообщение для 1753887726.372 в чат 7055556176
2025-07-30 15:04:54,062 - download - INFO - 📱 Telegram уведомление отправлено для 1753887726.372
2025-07-30 15:04:54,063 - download - INFO - Обрабатываю событие 1753887726.372
2025-07-30 15:04:54,064 - download - INFO - Событие 1753887726.372 уже есть в БД
2025-07-30 15:04:54,077 - download - INFO - Синхронизация live событий для 0322 завершена: 1 новых событий
2025-07-30 15:04:54,078 - download - INFO - Начинаю синхронизацию live событий для предприятия 0326
2025-07-30 15:04:55,411 - download - INFO - Найдено 3 неуспешных событий hangup для 0326
2025-07-30 15:04:55,417 - download - INFO - Обрабатываю событие 1753862356.37
2025-07-30 15:04:55,421 - download - INFO - Событие 1753862356.37 уже есть в БД
2025-07-30 15:04:55,421 - download - INFO - Обрабатываю событие 1753876511.93
2025-07-30 15:04:55,421 - download - INFO - Событие 1753876511.93 уже есть в БД
2025-07-30 15:04:55,421 - download - INFO - Обрабатываю событие 1753876511.93
2025-07-30 15:04:55,421 - download - INFO - Событие 1753876511.93 уже есть в БД
2025-07-30 15:04:55,432 - download - INFO - Синхронизация live событий для 0326 завершена: 0 новых событий
2025-07-30 15:04:55,432 - download - INFO - Начинаю синхронизацию live событий для предприятия 0327
2025-07-30 15:04:56,638 - download - INFO - Найдено 107 неуспешных событий hangup для 0327
2025-07-30 15:04:56,645 - download - INFO - Обрабатываю событие 1753861868.706
2025-07-30 15:04:56,646 - download - INFO - Событие 1753861868.706 уже есть в БД
2025-07-30 15:04:56,646 - download - INFO - Обрабатываю событие 1753861868.706
2025-07-30 15:04:56,647 - download - INFO - Событие 1753861868.706 уже есть в БД
2025-07-30 15:04:56,647 - download - INFO - Обрабатываю событие 1753861775.703
2025-07-30 15:04:56,647 - download - INFO - Событие 1753861775.703 уже есть в БД
2025-07-30 15:04:56,647 - download - INFO - Обрабатываю событие 1753861775.703
2025-07-30 15:04:56,647 - download - INFO - Событие 1753861775.703 уже есть в БД
2025-07-30 15:04:56,648 - download - INFO - Обрабатываю событие 1753862103.737
2025-07-30 15:04:56,648 - download - INFO - Событие 1753862103.737 уже есть в БД
2025-07-30 15:04:56,648 - download - INFO - Обрабатываю событие 1753862054.731
2025-07-30 15:04:56,648 - download - INFO - Событие 1753862054.731 уже есть в БД
2025-07-30 15:04:56,648 - download - INFO - Обрабатываю событие 1753862647.804
2025-07-30 15:04:56,649 - download - INFO - Событие 1753862647.804 уже есть в БД
2025-07-30 15:04:56,649 - download - INFO - Обрабатываю событие 1753862714.809
2025-07-30 15:04:56,649 - download - INFO - Событие 1753862714.809 уже есть в БД
2025-07-30 15:04:56,649 - download - INFO - Обрабатываю событие 1753863780.942
2025-07-30 15:04:56,650 - download - INFO - Событие 1753863780.942 уже есть в БД
2025-07-30 15:04:56,650 - download - INFO - Обрабатываю событие 1753863780.942
2025-07-30 15:04:56,650 - download - INFO - Событие 1753863780.942 уже есть в БД
2025-07-30 15:04:56,650 - download - INFO - Обрабатываю событие 1753866059.1177
2025-07-30 15:04:56,650 - download - INFO - Событие 1753866059.1177 уже есть в БД
2025-07-30 15:04:56,651 - download - INFO - Обрабатываю событие 1753867150.1497
2025-07-30 15:04:56,651 - download - INFO - Событие 1753867150.1497 уже есть в БД
2025-07-30 15:04:56,651 - download - INFO - Обрабатываю событие 1753867003.1468
2025-07-30 15:04:56,651 - download - INFO - Событие 1753867003.1468 уже есть в БД
2025-07-30 15:04:56,651 - download - INFO - Обрабатываю событие 1753870173.1908
2025-07-30 15:04:56,652 - download - INFO - Событие 1753870173.1908 уже есть в БД
2025-07-30 15:04:56,652 - download - INFO - Обрабатываю событие 1753870173.1908
2025-07-30 15:04:56,652 - download - INFO - Событие 1753870173.1908 уже есть в БД
2025-07-30 15:04:56,652 - download - INFO - Обрабатываю событие 1753870648.2002
2025-07-30 15:04:56,653 - download - INFO - Событие 1753870648.2002 уже есть в БД
2025-07-30 15:04:56,653 - download - INFO - Обрабатываю событие 1753870648.2002
2025-07-30 15:04:56,653 - download - INFO - Событие 1753870648.2002 уже есть в БД
2025-07-30 15:04:56,653 - download - INFO - Обрабатываю событие 1753870590.1979
2025-07-30 15:04:56,653 - download - INFO - Событие 1753870590.1979 уже есть в БД
2025-07-30 15:04:56,654 - download - INFO - Обрабатываю событие 1753870590.1979
2025-07-30 15:04:56,654 - download - INFO - Событие 1753870590.1979 уже есть в БД
2025-07-30 15:04:56,654 - download - INFO - Обрабатываю событие 1753870753.2026
2025-07-30 15:04:56,654 - download - INFO - Событие 1753870753.2026 уже есть в БД
2025-07-30 15:04:56,654 - download - INFO - Обрабатываю событие 1753870753.2026
2025-07-30 15:04:56,655 - download - INFO - Событие 1753870753.2026 уже есть в БД
2025-07-30 15:04:56,655 - download - INFO - Обрабатываю событие 1753870861.2048
2025-07-30 15:04:56,655 - download - INFO - Событие 1753870861.2048 уже есть в БД
2025-07-30 15:04:56,655 - download - INFO - Обрабатываю событие 1753870701.2007
2025-07-30 15:04:56,655 - download - INFO - Событие 1753870701.2007 уже есть в БД
2025-07-30 15:04:56,656 - download - INFO - Обрабатываю событие 1753870799.2035
2025-07-30 15:04:56,656 - download - INFO - Событие 1753870799.2035 уже есть в БД
2025-07-30 15:04:56,656 - download - INFO - Обрабатываю событие 1753870699.2005
2025-07-30 15:04:56,656 - download - INFO - Событие 1753870699.2005 уже есть в БД
2025-07-30 15:04:56,656 - download - INFO - Обрабатываю событие 1753872191.2141
2025-07-30 15:04:56,657 - download - INFO - Событие 1753872191.2141 уже есть в БД
2025-07-30 15:04:56,657 - download - INFO - Обрабатываю событие 1753872191.2141
2025-07-30 15:04:56,657 - download - INFO - Событие 1753872191.2141 уже есть в БД
2025-07-30 15:04:56,657 - download - INFO - Обрабатываю событие 1753873158.2207
2025-07-30 15:04:56,657 - download - INFO - Событие 1753873158.2207 уже есть в БД
2025-07-30 15:04:56,658 - download - INFO - Обрабатываю событие 1753873158.2207
2025-07-30 15:04:56,658 - download - INFO - Событие 1753873158.2207 уже есть в БД
2025-07-30 15:04:56,658 - download - INFO - Обрабатываю событие 1753873298.2219
2025-07-30 15:04:56,658 - download - INFO - Событие 1753873298.2219 уже есть в БД
2025-07-30 15:04:56,658 - download - INFO - Обрабатываю событие 1753873298.2219
2025-07-30 15:04:56,659 - download - INFO - Событие 1753873298.2219 уже есть в БД
2025-07-30 15:04:56,659 - download - INFO - Обрабатываю событие 1753873525.2250
2025-07-30 15:04:56,659 - download - INFO - Событие 1753873525.2250 уже есть в БД
2025-07-30 15:04:56,659 - download - INFO - Обрабатываю событие 1753873525.2250
2025-07-30 15:04:56,660 - download - INFO - Событие 1753873525.2250 уже есть в БД
2025-07-30 15:04:56,660 - download - INFO - Обрабатываю событие 1753876885.2589
2025-07-30 15:04:56,660 - download - INFO - Событие 1753876885.2589 уже есть в БД
2025-07-30 15:04:56,660 - download - INFO - Обрабатываю событие 1753876885.2589
2025-07-30 15:04:56,660 - download - INFO - Событие 1753876885.2589 уже есть в БД
2025-07-30 15:04:56,660 - download - INFO - Обрабатываю событие 1753878578.4
2025-07-30 15:04:56,661 - download - INFO - Событие 1753878578.4 уже есть в БД
2025-07-30 15:04:56,661 - download - INFO - Обрабатываю событие 1753878578.4
2025-07-30 15:04:56,661 - download - INFO - Событие 1753878578.4 уже есть в БД
2025-07-30 15:04:56,661 - download - INFO - Обрабатываю событие 1753878592.7
2025-07-30 15:04:56,662 - download - INFO - Событие 1753878592.7 уже есть в БД
2025-07-30 15:04:56,662 - download - INFO - Обрабатываю событие 1753878592.7
2025-07-30 15:04:56,662 - download - INFO - Событие 1753878592.7 уже есть в БД
2025-07-30 15:04:56,662 - download - INFO - Обрабатываю событие 1753878688.18
2025-07-30 15:04:56,663 - download - INFO - Событие 1753878688.18 уже есть в БД
2025-07-30 15:04:56,663 - download - INFO - Обрабатываю событие 1753878688.18
2025-07-30 15:04:56,663 - download - INFO - Событие 1753878688.18 уже есть в БД
2025-07-30 15:04:56,663 - download - INFO - Обрабатываю событие 1753878687.16
2025-07-30 15:04:56,663 - download - INFO - Событие 1753878687.16 уже есть в БД
2025-07-30 15:04:56,664 - download - INFO - Обрабатываю событие 1753883022.601
2025-07-30 15:04:56,664 - download - INFO - Событие 1753883022.601 уже есть в БД
2025-07-30 15:04:56,664 - download - INFO - Обрабатываю событие 1753883022.601
2025-07-30 15:04:56,664 - download - INFO - Событие 1753883022.601 уже есть в БД
2025-07-30 15:04:56,664 - download - INFO - Обрабатываю событие 1753883065.614
2025-07-30 15:04:56,665 - download - INFO - Событие 1753883065.614 уже есть в БД
2025-07-30 15:04:56,665 - download - INFO - Обрабатываю событие 1753883065.614
2025-07-30 15:04:56,665 - download - INFO - Событие 1753883065.614 уже есть в БД
2025-07-30 15:04:56,665 - download - INFO - Обрабатываю событие 1753883039.604
2025-07-30 15:04:56,665 - download - INFO - Событие 1753883039.604 уже есть в БД
2025-07-30 15:04:56,666 - download - INFO - Обрабатываю событие 1753883039.604
2025-07-30 15:04:56,666 - download - INFO - Событие 1753883039.604 уже есть в БД
2025-07-30 15:04:56,666 - download - INFO - Обрабатываю событие 1753883063.611
2025-07-30 15:04:56,666 - download - INFO - Событие 1753883063.611 уже есть в БД
2025-07-30 15:04:56,666 - download - INFO - Обрабатываю событие 1753883063.611
2025-07-30 15:04:56,667 - download - INFO - Событие 1753883063.611 уже есть в БД
2025-07-30 15:04:56,667 - download - INFO - Обрабатываю событие 1753883076.625
2025-07-30 15:04:56,667 - download - INFO - Событие 1753883076.625 уже есть в БД
2025-07-30 15:04:56,667 - download - INFO - Обрабатываю событие 1753883076.625
2025-07-30 15:04:56,667 - download - INFO - Событие 1753883076.625 уже есть в БД
2025-07-30 15:04:56,668 - download - INFO - Обрабатываю событие 1753883121.642
2025-07-30 15:04:56,668 - download - INFO - Событие 1753883121.642 уже есть в БД
2025-07-30 15:04:56,668 - download - INFO - Обрабатываю событие 1753883121.642
2025-07-30 15:04:56,668 - download - INFO - Событие 1753883121.642 уже есть в БД
2025-07-30 15:04:56,668 - download - INFO - Обрабатываю событие 1753883170.670
2025-07-30 15:04:56,669 - download - INFO - Событие 1753883170.670 уже есть в БД
2025-07-30 15:04:56,669 - download - INFO - Обрабатываю событие 1753883170.670
2025-07-30 15:04:56,669 - download - INFO - Событие 1753883170.670 уже есть в БД
2025-07-30 15:04:56,669 - download - INFO - Обрабатываю событие 1753883066.615
2025-07-30 15:04:56,669 - download - INFO - Событие 1753883066.615 уже есть в БД
2025-07-30 15:04:56,670 - download - INFO - Обрабатываю событие 1753883066.615
2025-07-30 15:04:56,670 - download - INFO - Событие 1753883066.615 уже есть в БД
2025-07-30 15:04:56,670 - download - INFO - Обрабатываю событие 1753883202.678
2025-07-30 15:04:56,670 - download - INFO - Событие 1753883202.678 уже есть в БД
2025-07-30 15:04:56,670 - download - INFO - Обрабатываю событие 1753883202.678
2025-07-30 15:04:56,671 - download - INFO - Событие 1753883202.678 уже есть в БД
2025-07-30 15:04:56,671 - download - INFO - Обрабатываю событие 1753882919.584
2025-07-30 15:04:56,671 - download - INFO - Событие 1753882919.584 уже есть в БД
2025-07-30 15:04:56,671 - download - INFO - Обрабатываю событие 1753882919.584
2025-07-30 15:04:56,671 - download - INFO - Событие 1753882919.584 уже есть в БД
2025-07-30 15:04:56,672 - download - INFO - Обрабатываю событие 1753883228.683
2025-07-30 15:04:56,672 - download - INFO - Событие 1753883228.683 уже есть в БД
2025-07-30 15:04:56,672 - download - INFO - Обрабатываю событие 1753883228.683
2025-07-30 15:04:56,672 - download - INFO - Событие 1753883228.683 уже есть в БД
2025-07-30 15:04:56,672 - download - INFO - Обрабатываю событие 1753883228.685
2025-07-30 15:04:56,673 - download - INFO - Событие 1753883228.685 уже есть в БД
2025-07-30 15:04:56,673 - download - INFO - Обрабатываю событие 1753883110.637
2025-07-30 15:04:56,673 - download - INFO - Событие 1753883110.637 уже есть в БД
2025-07-30 15:04:56,673 - download - INFO - Обрабатываю событие 1753883110.637
2025-07-30 15:04:56,673 - download - INFO - Событие 1753883110.637 уже есть в БД
2025-07-30 15:04:56,674 - download - INFO - Обрабатываю событие 1753883354.722
2025-07-30 15:04:56,674 - download - INFO - Событие 1753883354.722 уже есть в БД
2025-07-30 15:04:56,674 - download - INFO - Обрабатываю событие 1753883354.722
2025-07-30 15:04:56,674 - download - INFO - Событие 1753883354.722 уже есть в БД
2025-07-30 15:04:56,674 - download - INFO - Обрабатываю событие 1753883232.689
2025-07-30 15:04:56,675 - download - INFO - Событие 1753883232.689 уже есть в БД
2025-07-30 15:04:56,675 - download - INFO - Обрабатываю событие 1753883232.689
2025-07-30 15:04:56,675 - download - INFO - Событие 1753883232.689 уже есть в БД
2025-07-30 15:04:56,675 - download - INFO - Обрабатываю событие 1753884151.763
2025-07-30 15:04:56,676 - download - INFO - Событие 1753884151.763 уже есть в БД
2025-07-30 15:04:56,676 - download - INFO - Обрабатываю событие 1753884151.763
2025-07-30 15:04:56,676 - download - INFO - Событие 1753884151.763 уже есть в БД
2025-07-30 15:04:56,676 - download - INFO - Обрабатываю событие 1753883781.749
2025-07-30 15:04:56,676 - download - INFO - Событие 1753883781.749 уже есть в БД
2025-07-30 15:04:56,677 - download - INFO - Обрабатываю событие 1753883781.749
2025-07-30 15:04:56,677 - download - INFO - Событие 1753883781.749 уже есть в БД
2025-07-30 15:04:56,677 - download - INFO - Обрабатываю событие 1753884615.827
2025-07-30 15:04:56,677 - download - INFO - Событие 1753884615.827 уже есть в БД
2025-07-30 15:04:56,677 - download - INFO - Обрабатываю событие 1753884615.827
2025-07-30 15:04:56,678 - download - INFO - Событие 1753884615.827 уже есть в БД
2025-07-30 15:04:56,678 - download - INFO - Обрабатываю событие 1753884527.818
2025-07-30 15:04:56,678 - download - INFO - Событие 1753884527.818 уже есть в БД
2025-07-30 15:04:56,678 - download - INFO - Обрабатываю событие 1753884527.818
2025-07-30 15:04:56,678 - download - INFO - Событие 1753884527.818 уже есть в БД
2025-07-30 15:04:56,678 - download - INFO - Обрабатываю событие 1753885178.903
2025-07-30 15:04:56,679 - download - INFO - Событие 1753885178.903 уже есть в БД
2025-07-30 15:04:56,679 - download - INFO - Обрабатываю событие 1753885178.903
2025-07-30 15:04:56,679 - download - INFO - Событие 1753885178.903 уже есть в БД
2025-07-30 15:04:56,679 - download - INFO - Обрабатываю событие 1753885602.970
2025-07-30 15:04:56,679 - download - INFO - Событие 1753885602.970 уже есть в БД
2025-07-30 15:04:56,680 - download - INFO - Обрабатываю событие 1753885617.975
2025-07-30 15:04:56,680 - download - INFO - Событие 1753885617.975 уже есть в БД
2025-07-30 15:04:56,680 - download - INFO - Обрабатываю событие 1753885588.965
2025-07-30 15:04:56,680 - download - INFO - Событие 1753885588.965 уже есть в БД
2025-07-30 15:04:56,680 - download - INFO - Обрабатываю событие 1753885600.967
2025-07-30 15:04:56,681 - download - INFO - Событие 1753885600.967 уже есть в БД
2025-07-30 15:04:56,681 - download - INFO - Обрабатываю событие 1753885688.990
2025-07-30 15:04:56,681 - download - INFO - Событие 1753885688.990 уже есть в БД
2025-07-30 15:04:56,681 - download - INFO - Обрабатываю событие 1753885764.998
2025-07-30 15:04:56,681 - download - INFO - Событие 1753885764.998 уже есть в БД
2025-07-30 15:04:56,682 - download - INFO - Обрабатываю событие 1753885517.962
2025-07-30 15:04:56,682 - download - INFO - Событие 1753885517.962 уже есть в БД
2025-07-30 15:04:56,682 - download - INFO - Обрабатываю событие 1753885904.1011
2025-07-30 15:04:56,682 - download - INFO - Событие 1753885904.1011 уже есть в БД
2025-07-30 15:04:56,682 - download - INFO - Обрабатываю событие 1753885808.1004
2025-07-30 15:04:56,683 - download - INFO - Событие 1753885808.1004 уже есть в БД
2025-07-30 15:04:56,683 - download - INFO - Обрабатываю событие 1753885808.1004
2025-07-30 15:04:56,683 - download - INFO - Событие 1753885808.1004 уже есть в БД
2025-07-30 15:04:56,683 - download - INFO - Обрабатываю событие 1753885950.1016
2025-07-30 15:04:56,683 - download - INFO - Событие 1753885950.1016 уже есть в БД
2025-07-30 15:04:56,684 - download - INFO - Обрабатываю событие 1753885950.1016
2025-07-30 15:04:56,684 - download - INFO - Событие 1753885950.1016 уже есть в БД
2025-07-30 15:04:56,684 - download - INFO - Обрабатываю событие 1753886355.1106
2025-07-30 15:04:56,684 - download - INFO - Событие 1753886355.1106 уже есть в БД
2025-07-30 15:04:56,684 - download - INFO - Обрабатываю событие 1753886355.1106
2025-07-30 15:04:56,685 - download - INFO - Событие 1753886355.1106 уже есть в БД
2025-07-30 15:04:56,685 - download - INFO - Обрабатываю событие 1753886362.1111
2025-07-30 15:04:56,685 - download - INFO - Событие 1753886362.1111 уже есть в БД
2025-07-30 15:04:56,685 - download - INFO - Обрабатываю событие 1753886362.1111
2025-07-30 15:04:56,686 - download - INFO - Событие 1753886362.1111 уже есть в БД
2025-07-30 15:04:56,686 - download - INFO - Обрабатываю событие 1753886397.1117
2025-07-30 15:04:56,686 - download - INFO - Событие 1753886397.1117 уже есть в БД
2025-07-30 15:04:56,686 - download - INFO - Обрабатываю событие 1753886397.1117
2025-07-30 15:04:56,686 - download - INFO - Событие 1753886397.1117 уже есть в БД
2025-07-30 15:04:56,686 - download - INFO - Обрабатываю событие 1753887222.1335
2025-07-30 15:04:56,687 - download - INFO - Событие 1753887222.1335 уже есть в БД
2025-07-30 15:04:56,687 - download - INFO - Обрабатываю событие 1753887222.1335
2025-07-30 15:04:56,687 - download - INFO - Событие 1753887222.1335 уже есть в БД
2025-07-30 15:04:56,687 - download - INFO - Обрабатываю событие 1753887249.1339
2025-07-30 15:04:56,688 - download - INFO - Событие 1753887249.1339 уже есть в БД
2025-07-30 15:04:56,688 - download - INFO - Обрабатываю событие 1753887249.1339
2025-07-30 15:04:56,688 - download - INFO - Событие 1753887249.1339 уже есть в БД
2025-07-30 15:04:56,688 - download - INFO - Обрабатываю событие 1753887292.1344
2025-07-30 15:04:56,688 - download - INFO - Событие 1753887292.1344 уже есть в БД
2025-07-30 15:04:56,688 - download - INFO - Обрабатываю событие 1753887292.1344
2025-07-30 15:04:56,689 - download - INFO - Событие 1753887292.1344 уже есть в БД
2025-07-30 15:04:56,689 - download - INFO - Обрабатываю событие 1753887529.1414
2025-07-30 15:04:56,699 - download - INFO - ✅ Создана recovery запись call_id=218756 для 1753887529.1414
2025-07-30 15:04:56,699 - download - INFO - 🔗 UUID ссылка: https://bot.vochi.by/recordings/file/2febe600-4831-40f7-ad14-41f0a4df02f0
2025-07-30 15:04:56,705 - telegram.Bot - DEBUG - Set Bot API URL: https://api.telegram.org/bot7631174715:AAHfnUcGZyysGu8kEbHWzFj7XXmkGzNjbyE
2025-07-30 15:04:56,706 - telegram.Bot - DEBUG - Set Bot API File URL: https://api.telegram.org/file/bot7631174715:AAHfnUcGZyysGu8kEbHWzFj7XXmkGzNjbyE
2025-07-30 15:04:56,760 - telegram.Bot - DEBUG - Calling Bot API endpoint `sendMessage` with parameters `{'chat_id': '374573193', 'text': '🔄 Восстановленный исходящий звонок\n☎️167\n💰+375296340873\nЛиния: 0001368\n⏰Начало звонка 17:58\n⌛ Длительность: 03:49\n🔉<a href="https://bot.vochi.by/recordings/file/2febe600-4831-40f7-ad14-41f0a4df02f0">Запись разговора</a>', 'parse_mode': 'HTML'}`
2025-07-30 15:04:56,761 - httpcore.connection - DEBUG - connect_tcp.started host='api.telegram.org' port=443 local_address=None timeout=5.0 socket_options=None
2025-07-30 15:04:56,784 - uvicorn.access - INFO - 127.0.0.1:53254 - "GET /sync/live/today HTTP/1.1" 200
2025-07-30 15:04:56,796 - httpcore.connection - DEBUG - connect_tcp.complete return_value=<httpcore._backends.anyio.AnyIOStream object at 0x7fbe703b3130>
2025-07-30 15:04:56,797 - httpcore.connection - DEBUG - start_tls.started ssl_context=<ssl.SSLContext object at 0x7fbe70286340> server_hostname='api.telegram.org' timeout=5.0
2025-07-30 15:04:56,811 - httpcore.connection - DEBUG - start_tls.complete return_value=<httpcore._backends.anyio.AnyIOStream object at 0x7fbe70272740>
2025-07-30 15:04:56,811 - httpcore.http11 - DEBUG - send_request_headers.started request=<Request [b'POST']>
2025-07-30 15:04:56,812 - httpcore.http11 - DEBUG - send_request_headers.complete
2025-07-30 15:04:56,812 - httpcore.http11 - DEBUG - send_request_body.started request=<Request [b'POST']>
2025-07-30 15:04:56,812 - httpcore.http11 - DEBUG - send_request_body.complete
2025-07-30 15:04:56,812 - httpcore.http11 - DEBUG - receive_response_headers.started request=<Request [b'POST']>
2025-07-30 15:04:56,862 - httpcore.http11 - DEBUG - receive_response_headers.complete return_value=(b'HTTP/1.1', 200, b'OK', [(b'Server', b'nginx/1.18.0'), (b'Date', b'Wed, 30 Jul 2025 15:04:56 GMT'), (b'Content-Type', b'application/json'), (b'Content-Length', b'1213'), (b'Connection', b'keep-alive'), (b'Strict-Transport-Security', b'max-age=31536000; includeSubDomains; preload'), (b'Access-Control-Allow-Origin', b'*'), (b'Access-Control-Allow-Methods', b'GET, POST, OPTIONS'), (b'Access-Control-Expose-Headers', b'Content-Length,Content-Type,Date,Server,Connection')])
2025-07-30 15:04:56,863 - httpx - INFO - HTTP Request: POST https://api.telegram.org/bot7631174715:AAHfnUcGZyysGu8kEbHWzFj7XXmkGzNjbyE/sendMessage "HTTP/1.1 200 OK"
2025-07-30 15:04:56,863 - httpcore.http11 - DEBUG - receive_response_body.started request=<Request [b'POST']>
2025-07-30 15:04:56,864 - httpcore.http11 - DEBUG - receive_response_body.complete
2025-07-30 15:04:56,864 - httpcore.http11 - DEBUG - response_closed.started
2025-07-30 15:04:56,864 - httpcore.http11 - DEBUG - response_closed.complete
2025-07-30 15:04:56,865 - telegram.Bot - DEBUG - Call to Bot API endpoint `sendMessage` finished with return value `{'message_id': 66101, 'from': {'id': 7631174715, 'is_bot': True, 'first_name': '0327-VOS-bot', 'username': 'vochi_vos_bot'}, 'chat': {'id': 374573193, 'first_name': 'Vochi-CRM', 'last_name': 'Баевский Евгений', 'username': 'VochiCRM', 'type': 'private'}, 'date': 1753887896, 'text': '🔄 Восстановленный исходящий звонок\n☎️167\n💰+375296340873\nЛиния: 0001368\n⏰Начало звонка 17:58\n⌛ Длительность: 03:49\n🔉Запись разговора', 'entities': [{'offset': 44, 'length': 13, 'type': 'phone_number'}, {'offset': 118, 'length': 16, 'type': 'text_link', 'url': 'https://bot.vochi.by/recordings/file/2febe600-4831-40f7-ad14-41f0a4df02f0'}], 'link_preview_options': {'url': 'https://bot.vochi.by/recordings/file/2febe600-4831-40f7-ad14-41f0a4df02f0'}}`
2025-07-30 15:04:56,865 - download - INFO - ✅ Отправлено Telegram сообщение для 1753887529.1414 в чат 374573193
2025-07-30 15:04:56,867 - download - INFO - 📱 Telegram уведомление отправлено для 1753887529.1414
2025-07-30 15:04:56,868 - download - INFO - Обрабатываю событие 1753887529.1414
2025-07-30 15:04:56,869 - download - INFO - Событие 1753887529.1414 уже есть в БД
2025-07-30 15:04:56,880 - download - INFO - Синхронизация live событий для 0327 завершена: 1 новых событий
2025-07-30 15:04:56,880 - download - INFO - Начинаю синхронизацию live событий для предприятия 0332
2025-07-30 15:04:58,121 - download - INFO - Найдено 3 неуспешных событий hangup для 0332
2025-07-30 15:04:58,128 - download - INFO - Обрабатываю событие 1753885902.137
2025-07-30 15:04:58,129 - download - INFO - Событие 1753885902.137 уже есть в БД
2025-07-30 15:04:58,129 - download - INFO - Обрабатываю событие 1753886189.148
2025-07-30 15:04:58,130 - download - INFO - Событие 1753886189.148 уже есть в БД
2025-07-30 15:04:58,130 - download - INFO - Обрабатываю событие 1753886189.148
2025-07-30 15:04:58,130 - download - INFO - Событие 1753886189.148 уже есть в БД
2025-07-30 15:04:58,142 - download - INFO - Синхронизация live событий для 0332 завершена: 0 новых событий
2025-07-30 15:04:58,142 - download - INFO - Начинаю синхронизацию live событий для предприятия 0334
2025-07-30 15:04:59,329 - download - INFO - Найдено 45 неуспешных событий hangup для 0334
2025-07-30 15:04:59,337 - download - INFO - Обрабатываю событие 1753861084.689
2025-07-30 15:04:59,338 - download - INFO - Событие 1753861084.689 уже есть в БД
2025-07-30 15:04:59,338 - download - INFO - Обрабатываю событие 1753861084.689
2025-07-30 15:04:59,339 - download - INFO - Событие 1753861084.689 уже есть в БД
2025-07-30 15:04:59,339 - download - INFO - Обрабатываю событие 1753861870.819
2025-07-30 15:04:59,339 - download - INFO - Событие 1753861870.819 уже есть в БД
2025-07-30 15:04:59,340 - download - INFO - Обрабатываю событие 1753861870.819
2025-07-30 15:04:59,340 - download - INFO - Событие 1753861870.819 уже есть в БД
2025-07-30 15:04:59,340 - download - INFO - Обрабатываю событие 1753861890.821
2025-07-30 15:04:59,340 - download - INFO - Событие 1753861890.821 уже есть в БД
2025-07-30 15:04:59,340 - download - INFO - Обрабатываю событие 1753861890.821
2025-07-30 15:04:59,341 - download - INFO - Событие 1753861890.821 уже есть в БД
2025-07-30 15:04:59,341 - download - INFO - Обрабатываю событие 1753863767.1175
2025-07-30 15:04:59,341 - download - INFO - Событие 1753863767.1175 уже есть в БД
2025-07-30 15:04:59,341 - download - INFO - Обрабатываю событие 1753863767.1175
2025-07-30 15:04:59,341 - download - INFO - Событие 1753863767.1175 уже есть в БД
2025-07-30 15:04:59,342 - download - INFO - Обрабатываю событие 1753870470.1916
2025-07-30 15:04:59,342 - download - INFO - Событие 1753870470.1916 уже есть в БД
2025-07-30 15:04:59,342 - download - INFO - Обрабатываю событие 1753870470.1916
2025-07-30 15:04:59,342 - download - INFO - Событие 1753870470.1916 уже есть в БД
2025-07-30 15:04:59,342 - download - INFO - Обрабатываю событие 1753873264.2205
2025-07-30 15:04:59,342 - download - INFO - Событие 1753873264.2205 уже есть в БД
2025-07-30 15:04:59,343 - download - INFO - Обрабатываю событие 1753873264.2205
2025-07-30 15:04:59,343 - download - INFO - Событие 1753873264.2205 уже есть в БД
2025-07-30 15:04:59,343 - download - INFO - Обрабатываю событие 1753874607.2364
2025-07-30 15:04:59,343 - download - INFO - Событие 1753874607.2364 уже есть в БД
2025-07-30 15:04:59,343 - download - INFO - Обрабатываю событие 1753874607.2364
2025-07-30 15:04:59,343 - download - INFO - Событие 1753874607.2364 уже есть в БД
2025-07-30 15:04:59,344 - download - INFO - Обрабатываю событие 1753876915.2619
2025-07-30 15:04:59,344 - download - INFO - Событие 1753876915.2619 уже есть в БД
2025-07-30 15:04:59,344 - download - INFO - Обрабатываю событие 1753876915.2619
2025-07-30 15:04:59,344 - download - INFO - Событие 1753876915.2619 уже есть в БД
2025-07-30 15:04:59,344 - download - INFO - Обрабатываю событие 1753882959.3378
2025-07-30 15:04:59,345 - download - INFO - Событие 1753882959.3378 уже есть в БД
2025-07-30 15:04:59,345 - download - INFO - Обрабатываю событие 1753882959.3378
2025-07-30 15:04:59,345 - download - INFO - Событие 1753882959.3378 уже есть в БД
2025-07-30 15:04:59,345 - download - INFO - Обрабатываю событие 1753883201.3416
2025-07-30 15:04:59,345 - download - INFO - Событие 1753883201.3416 уже есть в БД
2025-07-30 15:04:59,345 - download - INFO - Обрабатываю событие 1753883201.3416
2025-07-30 15:04:59,346 - download - INFO - Событие 1753883201.3416 уже есть в БД
2025-07-30 15:04:59,346 - download - INFO - Обрабатываю событие 1753883308.3419
2025-07-30 15:04:59,346 - download - INFO - Событие 1753883308.3419 уже есть в БД
2025-07-30 15:04:59,346 - download - INFO - Обрабатываю событие 1753884084.3468
2025-07-30 15:04:59,346 - download - INFO - Событие 1753884084.3468 уже есть в БД
2025-07-30 15:04:59,347 - download - INFO - Обрабатываю событие 1753884084.3468
2025-07-30 15:04:59,347 - download - INFO - Событие 1753884084.3468 уже есть в БД
2025-07-30 15:04:59,347 - download - INFO - Обрабатываю событие 1753885248.3599
2025-07-30 15:04:59,348 - download - INFO - Событие 1753885248.3599 уже есть в БД
2025-07-30 15:04:59,348 - download - INFO - Обрабатываю событие 1753885248.3599
2025-07-30 15:04:59,349 - download - INFO - Событие 1753885248.3599 уже есть в БД
2025-07-30 15:04:59,349 - download - INFO - Обрабатываю событие 1753885545.3619
2025-07-30 15:04:59,349 - download - INFO - Событие 1753885545.3619 уже есть в БД
2025-07-30 15:04:59,349 - download - INFO - Обрабатываю событие 1753885345.3603
2025-07-30 15:04:59,350 - download - INFO - Событие 1753885345.3603 уже есть в БД
2025-07-30 15:04:59,350 - download - INFO - Обрабатываю событие 1753885863.3643
2025-07-30 15:04:59,351 - download - INFO - Событие 1753885863.3643 уже есть в БД
2025-07-30 15:04:59,351 - download - INFO - Обрабатываю событие 1753885857.3636
2025-07-30 15:04:59,351 - download - INFO - Событие 1753885857.3636 уже есть в БД
2025-07-30 15:04:59,351 - download - INFO - Обрабатываю событие 1753885901.3652
2025-07-30 15:04:59,352 - download - INFO - Событие 1753885901.3652 уже есть в БД
2025-07-30 15:04:59,352 - download - INFO - Обрабатываю событие 1753885975.3662
2025-07-30 15:04:59,352 - download - INFO - Событие 1753885975.3662 уже есть в БД
2025-07-30 15:04:59,352 - download - INFO - Обрабатываю событие 1753885975.3662
2025-07-30 15:04:59,353 - download - INFO - Событие 1753885975.3662 уже есть в БД
2025-07-30 15:04:59,353 - download - INFO - Обрабатываю событие 1753887185.3690
2025-07-30 15:04:59,353 - download - INFO - Событие 1753887185.3690 уже есть в БД
2025-07-30 15:04:59,353 - download - INFO - Обрабатываю событие 1753887185.3690
2025-07-30 15:04:59,354 - download - INFO - Событие 1753887185.3690 уже есть в БД
2025-07-30 15:04:59,354 - download - INFO - Обрабатываю событие 1753887097.3687
2025-07-30 15:04:59,354 - download - INFO - Событие 1753887097.3687 уже есть в БД
2025-07-30 15:04:59,354 - download - INFO - Обрабатываю событие 1753887097.3687
2025-07-30 15:04:59,355 - download - INFO - Событие 1753887097.3687 уже есть в БД
2025-07-30 15:04:59,355 - download - INFO - Обрабатываю событие 1753887477.3709
2025-07-30 15:04:59,355 - download - INFO - Событие 1753887477.3709 уже есть в БД
2025-07-30 15:04:59,356 - download - INFO - Обрабатываю событие 1753887477.3709
2025-07-30 15:04:59,356 - download - INFO - Событие 1753887477.3709 уже есть в БД
2025-07-30 15:04:59,356 - download - INFO - Обрабатываю событие 1753887496.3712
2025-07-30 15:04:59,357 - download - INFO - Событие 1753887496.3712 уже есть в БД
2025-07-30 15:04:59,357 - download - INFO - Обрабатываю событие 1753887496.3712
2025-07-30 15:04:59,357 - download - INFO - Событие 1753887496.3712 уже есть в БД
2025-07-30 15:04:59,357 - download - INFO - Обрабатываю событие 1753887527.3719
2025-07-30 15:04:59,358 - download - INFO - Событие 1753887527.3719 уже есть в БД
2025-07-30 15:04:59,358 - download - INFO - Обрабатываю событие 1753887527.3719
2025-07-30 15:04:59,358 - download - INFO - Событие 1753887527.3719 уже есть в БД
2025-07-30 15:04:59,358 - download - INFO - Обрабатываю событие 1753887579.3728
2025-07-30 15:04:59,359 - download - INFO - Событие 1753887579.3728 уже есть в БД
2025-07-30 15:04:59,359 - download - INFO - Обрабатываю событие 1753887579.3728
2025-07-30 15:04:59,359 - download - INFO - Событие 1753887579.3728 уже есть в БД
2025-07-30 15:04:59,360 - download - INFO - Обрабатываю событие 1753887773.3745
2025-07-30 15:04:59,374 - download - INFO - ✅ Создана recovery запись call_id=218757 для 1753887773.3745
2025-07-30 15:04:59,374 - download - INFO - 🔗 UUID ссылка: https://bot.vochi.by/recordings/file/d547c12c-3fd8-494b-b127-a3a34af75a85
2025-07-30 15:04:59,382 - telegram.Bot - DEBUG - Set Bot API URL: https://api.telegram.org/bot8132275878:AAGU6x-IcfyezDOy_rdbudBjp_VCZn7Ss7o
2025-07-30 15:04:59,382 - telegram.Bot - DEBUG - Set Bot API File URL: https://api.telegram.org/file/bot8132275878:AAGU6x-IcfyezDOy_rdbudBjp_VCZn7Ss7o
2025-07-30 15:04:59,463 - telegram.Bot - DEBUG - Calling Bot API endpoint `sendMessage` with parameters `{'chat_id': '374573193', 'text': '🔄 Восстановленный неуспешный внутренний звонок\n☎️➡️\n☎️+232', 'parse_mode': 'HTML'}`
2025-07-30 15:04:59,464 - httpcore.connection - DEBUG - connect_tcp.started host='api.telegram.org' port=443 local_address=None timeout=5.0 socket_options=None
2025-07-30 15:04:59,481 - httpcore.connection - DEBUG - connect_tcp.complete return_value=<httpcore._backends.anyio.AnyIOStream object at 0x7fbe702f9e70>
2025-07-30 15:04:59,481 - httpcore.connection - DEBUG - start_tls.started ssl_context=<ssl.SSLContext object at 0x7fbe70284e40> server_hostname='api.telegram.org' timeout=5.0
2025-07-30 15:04:59,495 - httpcore.connection - DEBUG - start_tls.complete return_value=<httpcore._backends.anyio.AnyIOStream object at 0x7fbe702fa560>
2025-07-30 15:04:59,496 - httpcore.http11 - DEBUG - send_request_headers.started request=<Request [b'POST']>
2025-07-30 15:04:59,496 - httpcore.http11 - DEBUG - send_request_headers.complete
2025-07-30 15:04:59,497 - httpcore.http11 - DEBUG - send_request_body.started request=<Request [b'POST']>
2025-07-30 15:04:59,497 - httpcore.http11 - DEBUG - send_request_body.complete
2025-07-30 15:04:59,497 - httpcore.http11 - DEBUG - receive_response_headers.started request=<Request [b'POST']>
2025-07-30 15:04:59,562 - httpcore.http11 - DEBUG - receive_response_headers.complete return_value=(b'HTTP/1.1', 200, b'OK', [(b'Server', b'nginx/1.18.0'), (b'Date', b'Wed, 30 Jul 2025 15:04:59 GMT'), (b'Content-Type', b'application/json'), (b'Content-Length', b'667'), (b'Connection', b'keep-alive'), (b'Strict-Transport-Security', b'max-age=31536000; includeSubDomains; preload'), (b'Access-Control-Allow-Origin', b'*'), (b'Access-Control-Allow-Methods', b'GET, POST, OPTIONS'), (b'Access-Control-Expose-Headers', b'Content-Length,Content-Type,Date,Server,Connection')])
2025-07-30 15:04:59,563 - httpx - INFO - HTTP Request: POST https://api.telegram.org/bot8132275878:AAGU6x-IcfyezDOy_rdbudBjp_VCZn7Ss7o/sendMessage "HTTP/1.1 200 OK"
2025-07-30 15:04:59,563 - httpcore.http11 - DEBUG - receive_response_body.started request=<Request [b'POST']>
2025-07-30 15:04:59,563 - httpcore.http11 - DEBUG - receive_response_body.complete
2025-07-30 15:04:59,563 - httpcore.http11 - DEBUG - response_closed.started
2025-07-30 15:04:59,563 - httpcore.http11 - DEBUG - response_closed.complete
2025-07-30 15:04:59,564 - telegram.Bot - DEBUG - Call to Bot API endpoint `sendMessage` finished with return value `{'message_id': 30032, 'from': {'id': 8132275878, 'is_bot': True, 'first_name': '0334-Megas-bot', 'username': 'megas_vochi_bot'}, 'chat': {'id': 374573193, 'first_name': 'Vochi-CRM', 'last_name': 'Баевский Евгений', 'username': 'VochiCRM', 'type': 'private'}, 'date': 1753887899, 'text': '🔄 Восстановленный неуспешный внутренний звонок\n☎️➡️\n☎️+232'}`
2025-07-30 15:04:59,564 - download - INFO - ✅ Отправлено Telegram сообщение для 1753887773.3745 в чат 374573193
2025-07-30 15:04:59,565 - download - INFO - 📱 Telegram уведомление отправлено для 1753887773.3745
2025-07-30 15:04:59,580 - download - INFO - Синхронизация live событий для 0334 завершена: 1 новых событий
2025-07-30 15:04:59,580 - download - INFO - Начинаю синхронизацию live событий для предприятия 0335
2025-07-30 15:05:00,801 - download - INFO - Найдено 30 неуспешных событий hangup для 0335
2025-07-30 15:05:00,809 - download - INFO - Обрабатываю событие 1753870742.247
2025-07-30 15:05:00,811 - download - INFO - Событие 1753870742.247 уже есть в БД
2025-07-30 15:05:00,811 - download - INFO - Обрабатываю событие 1753870742.247
2025-07-30 15:05:00,811 - download - INFO - Событие 1753870742.247 уже есть в БД
2025-07-30 15:05:00,811 - download - INFO - Обрабатываю событие 1753870688.245
2025-07-30 15:05:00,812 - download - INFO - Событие 1753870688.245 уже есть в БД
2025-07-30 15:05:00,812 - download - INFO - Обрабатываю событие 1753872392.281
2025-07-30 15:05:00,812 - download - INFO - Событие 1753872392.281 уже есть в БД
2025-07-30 15:05:00,812 - download - INFO - Обрабатываю событие 1753872392.281
2025-07-30 15:05:00,812 - download - INFO - Событие 1753872392.281 уже есть в БД
2025-07-30 15:05:00,812 - download - INFO - Обрабатываю событие 1753873477.293
2025-07-30 15:05:00,813 - download - INFO - Событие 1753873477.293 уже есть в БД
2025-07-30 15:05:00,813 - download - INFO - Обрабатываю событие 1753873477.293
2025-07-30 15:05:00,813 - download - INFO - Событие 1753873477.293 уже есть в БД
2025-07-30 15:05:00,813 - download - INFO - Обрабатываю событие 1753874601.316
2025-07-30 15:05:00,813 - download - INFO - Событие 1753874601.316 уже есть в БД
2025-07-30 15:05:00,813 - download - INFO - Обрабатываю событие 1753874601.316
2025-07-30 15:05:00,815 - download - INFO - Событие 1753874601.316 уже есть в БД
2025-07-30 15:05:00,815 - download - INFO - Обрабатываю событие 1753876126.353
2025-07-30 15:05:00,815 - download - INFO - Событие 1753876126.353 уже есть в БД
2025-07-30 15:05:00,816 - download - INFO - Обрабатываю событие 1753878600.420
2025-07-30 15:05:00,816 - download - INFO - Событие 1753878600.420 уже есть в БД
2025-07-30 15:05:00,816 - download - INFO - Обрабатываю событие 1753878600.420
2025-07-30 15:05:00,816 - download - INFO - Событие 1753878600.420 уже есть в БД
2025-07-30 15:05:00,817 - download - INFO - Обрабатываю событие 1753882705.600
2025-07-30 15:05:00,817 - download - INFO - Событие 1753882705.600 уже есть в БД
2025-07-30 15:05:00,818 - download - INFO - Обрабатываю событие 1753883018.615
2025-07-30 15:05:00,818 - download - INFO - Событие 1753883018.615 уже есть в БД
2025-07-30 15:05:00,818 - download - INFO - Обрабатываю событие 1753883018.615
2025-07-30 15:05:00,818 - download - INFO - Событие 1753883018.615 уже есть в БД
2025-07-30 15:05:00,818 - download - INFO - Обрабатываю событие 1753883083.619
2025-07-30 15:05:00,819 - download - INFO - Событие 1753883083.619 уже есть в БД
2025-07-30 15:05:00,819 - download - INFO - Обрабатываю событие 1753883083.619
2025-07-30 15:05:00,819 - download - INFO - Событие 1753883083.619 уже есть в БД
2025-07-30 15:05:00,819 - download - INFO - Обрабатываю событие 1753883082.618
2025-07-30 15:05:00,820 - download - INFO - Событие 1753883082.618 уже есть в БД
2025-07-30 15:05:00,820 - download - INFO - Обрабатываю событие 1753883082.618
2025-07-30 15:05:00,820 - download - INFO - Событие 1753883082.618 уже есть в БД
2025-07-30 15:05:00,820 - download - INFO - Обрабатываю событие 1753883408.626
2025-07-30 15:05:00,820 - download - INFO - Событие 1753883408.626 уже есть в БД
2025-07-30 15:05:00,820 - download - INFO - Обрабатываю событие 1753883408.626
2025-07-30 15:05:00,821 - download - INFO - Событие 1753883408.626 уже есть в БД
2025-07-30 15:05:00,821 - download - INFO - Обрабатываю событие 1753883107.624
2025-07-30 15:05:00,821 - download - INFO - Событие 1753883107.624 уже есть в БД
2025-07-30 15:05:00,821 - download - INFO - Обрабатываю событие 1753883107.624
2025-07-30 15:05:00,822 - download - INFO - Событие 1753883107.624 уже есть в БД
2025-07-30 15:05:00,822 - download - INFO - Обрабатываю событие 1753883413.630
2025-07-30 15:05:00,822 - download - INFO - Событие 1753883413.630 уже есть в БД
2025-07-30 15:05:00,822 - download - INFO - Обрабатываю событие 1753883413.630
2025-07-30 15:05:00,822 - download - INFO - Событие 1753883413.630 уже есть в БД
2025-07-30 15:05:00,823 - download - INFO - Обрабатываю событие 1753883413.631
2025-07-30 15:05:00,823 - download - INFO - Событие 1753883413.631 уже есть в БД
2025-07-30 15:05:00,823 - download - INFO - Обрабатываю событие 1753883413.631
2025-07-30 15:05:00,823 - download - INFO - Событие 1753883413.631 уже есть в БД
2025-07-30 15:05:00,823 - download - INFO - Обрабатываю событие 1753883420.636
2025-07-30 15:05:00,824 - download - INFO - Событие 1753883420.636 уже есть в БД
2025-07-30 15:05:00,824 - download - INFO - Обрабатываю событие 1753883420.636
2025-07-30 15:05:00,824 - download - INFO - Событие 1753883420.636 уже есть в БД
2025-07-30 15:05:00,824 - download - INFO - Обрабатываю событие 1753883423.641
2025-07-30 15:05:00,824 - download - INFO - Событие 1753883423.641 уже есть в БД
2025-07-30 15:05:00,834 - download - INFO - Синхронизация live событий для 0335 завершена: 0 новых событий
2025-07-30 15:05:00,834 - download - INFO - Начинаю синхронизацию live событий для предприятия 0337
2025-07-30 15:05:06,185 - download - INFO - Найдено 0 неуспешных событий hangup для 0337
2025-07-30 15:05:06,185 - download - INFO - Синхронизация live событий для 0337 завершена: 0 новых событий
2025-07-30 15:05:06,191 - download - INFO - Начинаю синхронизацию live событий для предприятия 0347
2025-07-30 15:05:07,445 - download - INFO - Найдено 46 неуспешных событий hangup для 0347
2025-07-30 15:05:07,456 - download - INFO - Обрабатываю событие 1753861180.397
2025-07-30 15:05:07,457 - download - INFO - Событие 1753861180.397 уже есть в БД
2025-07-30 15:05:07,458 - download - INFO - Обрабатываю событие 1753861172.395
2025-07-30 15:05:07,458 - download - INFO - Событие 1753861172.395 уже есть в БД
2025-07-30 15:05:07,458 - download - INFO - Обрабатываю событие 1753861876.437
2025-07-30 15:05:07,458 - download - INFO - Событие 1753861876.437 уже есть в БД
2025-07-30 15:05:07,458 - download - INFO - Обрабатываю событие 1753861876.437
2025-07-30 15:05:07,459 - download - INFO - Событие 1753861876.437 уже есть в БД
2025-07-30 15:05:07,459 - download - INFO - Обрабатываю событие 1753870726.866
2025-07-30 15:05:07,459 - download - INFO - Событие 1753870726.866 уже есть в БД
2025-07-30 15:05:07,459 - download - INFO - Обрабатываю событие 1753870726.866
2025-07-30 15:05:07,459 - download - INFO - Событие 1753870726.866 уже есть в БД
2025-07-30 15:05:07,459 - download - INFO - Обрабатываю событие 1753870722.863
2025-07-30 15:05:07,459 - download - INFO - Событие 1753870722.863 уже есть в БД
2025-07-30 15:05:07,460 - download - INFO - Обрабатываю событие 1753870722.863
2025-07-30 15:05:07,460 - download - INFO - Событие 1753870722.863 уже есть в БД
2025-07-30 15:05:07,460 - download - INFO - Обрабатываю событие 1753873401.975
2025-07-30 15:05:07,460 - download - INFO - Событие 1753873401.975 уже есть в БД
2025-07-30 15:05:07,460 - download - INFO - Обрабатываю событие 1753873401.975
2025-07-30 15:05:07,460 - download - INFO - Событие 1753873401.975 уже есть в БД
2025-07-30 15:05:07,460 - download - INFO - Обрабатываю событие 1753873404.978
2025-07-30 15:05:07,461 - download - INFO - Событие 1753873404.978 уже есть в БД
2025-07-30 15:05:07,461 - download - INFO - Обрабатываю событие 1753873404.978
2025-07-30 15:05:07,461 - download - INFO - Событие 1753873404.978 уже есть в БД
2025-07-30 15:05:07,461 - download - INFO - Обрабатываю событие 1753876939.1106
2025-07-30 15:05:07,461 - download - INFO - Событие 1753876939.1106 уже есть в БД
2025-07-30 15:05:07,461 - download - INFO - Обрабатываю событие 1753876939.1106
2025-07-30 15:05:07,461 - download - INFO - Событие 1753876939.1106 уже есть в БД
2025-07-30 15:05:07,462 - download - INFO - Обрабатываю событие 1753876945.1109
2025-07-30 15:05:07,462 - download - INFO - Событие 1753876945.1109 уже есть в БД
2025-07-30 15:05:07,462 - download - INFO - Обрабатываю событие 1753876945.1109
2025-07-30 15:05:07,462 - download - INFO - Событие 1753876945.1109 уже есть в БД
2025-07-30 15:05:07,462 - download - INFO - Обрабатываю событие 1753876980.1113
2025-07-30 15:05:07,462 - download - INFO - Событие 1753876980.1113 уже есть в БД
2025-07-30 15:05:07,462 - download - INFO - Обрабатываю событие 1753876980.1113
2025-07-30 15:05:07,463 - download - INFO - Событие 1753876980.1113 уже есть в БД
2025-07-30 15:05:07,463 - download - INFO - Обрабатываю событие 1753877015.1120
2025-07-30 15:05:07,463 - download - INFO - Событие 1753877015.1120 уже есть в БД
2025-07-30 15:05:07,463 - download - INFO - Обрабатываю событие 1753877015.1120
2025-07-30 15:05:07,463 - download - INFO - Событие 1753877015.1120 уже есть в БД
2025-07-30 15:05:07,463 - download - INFO - Обрабатываю событие 1753877055.1124
2025-07-30 15:05:07,463 - download - INFO - Событие 1753877055.1124 уже есть в БД
2025-07-30 15:05:07,463 - download - INFO - Обрабатываю событие 1753877055.1124
2025-07-30 15:05:07,464 - download - INFO - Событие 1753877055.1124 уже есть в БД
2025-07-30 15:05:07,464 - download - INFO - Обрабатываю событие 1753882870.1442
2025-07-30 15:05:07,464 - download - INFO - Событие 1753882870.1442 уже есть в БД
2025-07-30 15:05:07,464 - download - INFO - Обрабатываю событие 1753882870.1442
2025-07-30 15:05:07,464 - download - INFO - Событие 1753882870.1442 уже есть в БД
2025-07-30 15:05:07,464 - download - INFO - Обрабатываю событие 1753883142.1459
2025-07-30 15:05:07,465 - download - INFO - Событие 1753883142.1459 уже есть в БД
2025-07-30 15:05:07,465 - download - INFO - Обрабатываю событие 1753883142.1459
2025-07-30 15:05:07,465 - download - INFO - Событие 1753883142.1459 уже есть в БД
2025-07-30 15:05:07,465 - download - INFO - Обрабатываю событие 1753883137.1456
2025-07-30 15:05:07,465 - download - INFO - Событие 1753883137.1456 уже есть в БД
2025-07-30 15:05:07,465 - download - INFO - Обрабатываю событие 1753883137.1456
2025-07-30 15:05:07,465 - download - INFO - Событие 1753883137.1456 уже есть в БД
2025-07-30 15:05:07,465 - download - INFO - Обрабатываю событие 1753883092.1450
2025-07-30 15:05:07,466 - download - INFO - Событие 1753883092.1450 уже есть в БД
2025-07-30 15:05:07,466 - download - INFO - Обрабатываю событие 1753883092.1450
2025-07-30 15:05:07,466 - download - INFO - Событие 1753883092.1450 уже есть в БД
2025-07-30 15:05:07,466 - download - INFO - Обрабатываю событие 1753883094.1453
2025-07-30 15:05:07,466 - download - INFO - Событие 1753883094.1453 уже есть в БД
2025-07-30 15:05:07,466 - download - INFO - Обрабатываю событие 1753883094.1453
2025-07-30 15:05:07,467 - download - INFO - Событие 1753883094.1453 уже есть в БД
2025-07-30 15:05:07,467 - download - INFO - Обрабатываю событие 1753883349.1469
2025-07-30 15:05:07,467 - download - INFO - Событие 1753883349.1469 уже есть в БД
2025-07-30 15:05:07,467 - download - INFO - Обрабатываю событие 1753883349.1469
2025-07-30 15:05:07,467 - download - INFO - Событие 1753883349.1469 уже есть в БД
2025-07-30 15:05:07,467 - download - INFO - Обрабатываю событие 1753883346.1466
2025-07-30 15:05:07,467 - download - INFO - Событие 1753883346.1466 уже есть в БД
2025-07-30 15:05:07,467 - download - INFO - Обрабатываю событие 1753883346.1466
2025-07-30 15:05:07,468 - download - INFO - Событие 1753883346.1466 уже есть в БД
2025-07-30 15:05:07,468 - download - INFO - Обрабатываю событие 1753885622.1598
2025-07-30 15:05:07,468 - download - INFO - Событие 1753885622.1598 уже есть в БД
2025-07-30 15:05:07,468 - download - INFO - Обрабатываю событие 1753885620.1591
2025-07-30 15:05:07,468 - download - INFO - Событие 1753885620.1591 уже есть в БД
2025-07-30 15:05:07,468 - download - INFO - Обрабатываю событие 1753886082.1605
2025-07-30 15:05:07,469 - download - INFO - Событие 1753886082.1605 уже есть в БД
2025-07-30 15:05:07,469 - download - INFO - Обрабатываю событие 1753886082.1605
2025-07-30 15:05:07,469 - download - INFO - Событие 1753886082.1605 уже есть в БД
2025-07-30 15:05:07,469 - download - INFO - Обрабатываю событие 1753886085.1608
2025-07-30 15:05:07,469 - download - INFO - Событие 1753886085.1608 уже есть в БД
2025-07-30 15:05:07,469 - download - INFO - Обрабатываю событие 1753886085.1608
2025-07-30 15:05:07,469 - download - INFO - Событие 1753886085.1608 уже есть в БД
2025-07-30 15:05:07,469 - download - INFO - Обрабатываю событие 1753887661.1638
2025-07-30 15:05:07,470 - download - INFO - Событие 1753887661.1638 уже есть в БД
2025-07-30 15:05:07,470 - download - INFO - Обрабатываю событие 1753887661.1638
2025-07-30 15:05:07,470 - download - INFO - Событие 1753887661.1638 уже есть в БД
2025-07-30 15:05:07,470 - download - INFO - Обрабатываю событие 1753887665.1641
2025-07-30 15:05:07,470 - download - INFO - Событие 1753887665.1641 уже есть в БД
2025-07-30 15:05:07,470 - download - INFO - Обрабатываю событие 1753887665.1641
2025-07-30 15:05:07,470 - download - INFO - Событие 1753887665.1641 уже есть в БД
2025-07-30 15:05:07,483 - download - INFO - Синхронизация live событий для 0347 завершена: 0 новых событий
2025-07-30 15:05:07,484 - download - INFO - Начинаю синхронизацию live событий для предприятия 0348
2025-07-30 15:05:08,633 - download - INFO - Найдено 10 неуспешных событий hangup для 0348
2025-07-30 15:05:08,642 - download - INFO - Обрабатываю событие 1753873433.478
2025-07-30 15:05:08,643 - download - INFO - Событие 1753873433.478 уже есть в БД
2025-07-30 15:05:08,643 - download - INFO - Обрабатываю событие 1753873433.478
2025-07-30 15:05:08,643 - download - INFO - Событие 1753873433.478 уже есть в БД
2025-07-30 15:05:08,644 - download - INFO - Обрабатываю событие 1753873436.481
2025-07-30 15:05:08,644 - download - INFO - Событие 1753873436.481 уже есть в БД
2025-07-30 15:05:08,644 - download - INFO - Обрабатываю событие 1753873436.481
2025-07-30 15:05:08,644 - download - INFO - Событие 1753873436.481 уже есть в БД
2025-07-30 15:05:08,645 - download - INFO - Обрабатываю событие 1753875416.540
2025-07-30 15:05:08,645 - download - INFO - Событие 1753875416.540 уже есть в БД
2025-07-30 15:05:08,645 - download - INFO - Обрабатываю событие 1753875383.535
2025-07-30 15:05:08,645 - download - INFO - Событие 1753875383.535 уже есть в БД
2025-07-30 15:05:08,646 - download - INFO - Обрабатываю событие 1753875387.538
2025-07-30 15:05:08,646 - download - INFO - Событие 1753875387.538 уже есть в БД
2025-07-30 15:05:08,646 - download - INFO - Обрабатываю событие 1753883274.669
2025-07-30 15:05:08,646 - download - INFO - Событие 1753883274.669 уже есть в БД
2025-07-30 15:05:08,647 - download - INFO - Обрабатываю событие 1753883274.669
2025-07-30 15:05:08,647 - download - INFO - Событие 1753883274.669 уже есть в БД
2025-07-30 15:05:08,647 - download - INFO - Обрабатываю событие 1753885641.729
2025-07-30 15:05:08,647 - download - INFO - Событие 1753885641.729 уже есть в БД
2025-07-30 15:05:08,660 - download - INFO - Синхронизация live событий для 0348 завершена: 0 новых событий
2025-07-30 15:05:08,660 - download - INFO - Начинаю синхронизацию live событий для предприятия 0349
2025-07-30 15:05:10,203 - download - INFO - Найдено 18 неуспешных событий hangup для 0349
2025-07-30 15:05:10,213 - download - INFO - Обрабатываю событие 1753861916.133
2025-07-30 15:05:10,215 - download - INFO - Событие 1753861916.133 уже есть в БД
2025-07-30 15:05:10,215 - download - INFO - Обрабатываю событие 1753861916.133
2025-07-30 15:05:10,215 - download - INFO - Событие 1753861916.133 уже есть в БД
2025-07-30 15:05:10,215 - download - INFO - Обрабатываю событие 1753878473.563
2025-07-30 15:05:10,216 - download - INFO - Событие 1753878473.563 уже есть в БД
2025-07-30 15:05:10,216 - download - INFO - Обрабатываю событие 1753878473.563
2025-07-30 15:05:10,216 - download - INFO - Событие 1753878473.563 уже есть в БД
2025-07-30 15:05:10,216 - download - INFO - Обрабатываю событие 1753883090.708
2025-07-30 15:05:10,216 - download - INFO - Событие 1753883090.708 уже есть в БД
2025-07-30 15:05:10,216 - download - INFO - Обрабатываю событие 1753883090.708
2025-07-30 15:05:10,217 - download - INFO - Событие 1753883090.708 уже есть в БД
2025-07-30 15:05:10,217 - download - INFO - Обрабатываю событие 1753883186.711
2025-07-30 15:05:10,218 - download - INFO - Событие 1753883186.711 уже есть в БД
2025-07-30 15:05:10,218 - download - INFO - Обрабатываю событие 1753883186.711
2025-07-30 15:05:10,218 - download - INFO - Событие 1753883186.711 уже есть в БД
2025-07-30 15:05:10,218 - download - INFO - Обрабатываю событие 1753883207.718
2025-07-30 15:05:10,218 - download - INFO - Событие 1753883207.718 уже есть в БД
2025-07-30 15:05:10,218 - download - INFO - Обрабатываю событие 1753883207.718
2025-07-30 15:05:10,219 - download - INFO - Событие 1753883207.718 уже есть в БД
2025-07-30 15:05:10,219 - download - INFO - Обрабатываю событие 1753883406.727
2025-07-30 15:05:10,219 - download - INFO - Событие 1753883406.727 уже есть в БД
2025-07-30 15:05:10,219 - download - INFO - Обрабатываю событие 1753883406.727
2025-07-30 15:05:10,219 - download - INFO - Событие 1753883406.727 уже есть в БД
2025-07-30 15:05:10,219 - download - INFO - Обрабатываю событие 1753885378.766
2025-07-30 15:05:10,219 - download - INFO - Событие 1753885378.766 уже есть в БД
2025-07-30 15:05:10,220 - download - INFO - Обрабатываю событие 1753885740.790
2025-07-30 15:05:10,220 - download - INFO - Событие 1753885740.790 уже есть в БД
2025-07-30 15:05:10,220 - download - INFO - Обрабатываю событие 1753886408.827
2025-07-30 15:05:10,220 - download - INFO - Событие 1753886408.827 уже есть в БД
2025-07-30 15:05:10,220 - download - INFO - Обрабатываю событие 1753886408.827
2025-07-30 15:05:10,220 - download - INFO - Событие 1753886408.827 уже есть в БД
2025-07-30 15:05:10,221 - download - INFO - Обрабатываю событие 1753887258.860
2025-07-30 15:05:10,221 - download - INFO - Событие 1753887258.860 уже есть в БД
2025-07-30 15:05:10,221 - download - INFO - Обрабатываю событие 1753887258.860
2025-07-30 15:05:10,221 - download - INFO - Событие 1753887258.860 уже есть в БД
2025-07-30 15:05:10,230 - download - INFO - Синхронизация live событий для 0349 завершена: 0 новых событий
2025-07-30 15:05:10,230 - download - INFO - Начинаю синхронизацию live событий для предприятия 0350
2025-07-30 15:05:11,761 - download - INFO - Найдено 6 неуспешных событий hangup для 0350
2025-07-30 15:05:11,770 - download - INFO - Обрабатываю событие 1753882962.428
2025-07-30 15:05:11,774 - download - INFO - Событие 1753882962.428 уже есть в БД
2025-07-30 15:05:11,774 - download - INFO - Обрабатываю событие 1753882962.428
2025-07-30 15:05:11,775 - download - INFO - Событие 1753882962.428 уже есть в БД
2025-07-30 15:05:11,775 - download - INFO - Обрабатываю событие 1753882913.422
2025-07-30 15:05:11,776 - download - INFO - Событие 1753882913.422 уже есть в БД
2025-07-30 15:05:11,776 - download - INFO - Обрабатываю событие 1753882913.422
2025-07-30 15:05:11,776 - download - INFO - Событие 1753882913.422 уже есть в БД
2025-07-30 15:05:11,777 - download - INFO - Обрабатываю событие 1753883234.442
2025-07-30 15:05:11,777 - download - INFO - Событие 1753883234.442 уже есть в БД
2025-07-30 15:05:11,777 - download - INFO - Обрабатываю событие 1753883234.442
2025-07-30 15:05:11,778 - download - INFO - Событие 1753883234.442 уже есть в БД
2025-07-30 15:05:11,796 - download - INFO - Синхронизация live событий для 0350 завершена: 0 новых событий
2025-07-30 15:05:11,796 - download - INFO - Начинаю синхронизацию live событий для предприятия 0351
2025-07-30 15:05:13,607 - download - INFO - Найдено 239 неуспешных событий hangup для 0351
2025-07-30 15:05:13,615 - download - INFO - Обрабатываю событие 1753859004.135
2025-07-30 15:05:13,617 - download - INFO - Событие 1753859004.135 уже есть в БД
2025-07-30 15:05:13,617 - download - INFO - Обрабатываю событие 1753859156.162
2025-07-30 15:05:13,617 - download - INFO - Событие 1753859156.162 уже есть в БД
2025-07-30 15:05:13,617 - download - INFO - Обрабатываю событие 1753859165.165
2025-07-30 15:05:13,617 - download - INFO - Событие 1753859165.165 уже есть в БД
2025-07-30 15:05:13,617 - download - INFO - Обрабатываю событие 1753860788.714
2025-07-30 15:05:13,617 - download - INFO - Событие 1753860788.714 уже есть в БД
2025-07-30 15:05:13,617 - download - INFO - Обрабатываю событие 1753860783.711
2025-07-30 15:05:13,618 - download - INFO - Событие 1753860783.711 уже есть в БД
2025-07-30 15:05:13,618 - download - INFO - Обрабатываю событие 1753860788.716
2025-07-30 15:05:13,618 - download - INFO - Событие 1753860788.716 уже есть в БД
2025-07-30 15:05:13,618 - download - INFO - Обрабатываю событие 1753860793.720
2025-07-30 15:05:13,618 - download - INFO - Событие 1753860793.720 уже есть в БД
2025-07-30 15:05:13,618 - download - INFO - Обрабатываю событие 1753860838.731
2025-07-30 15:05:13,618 - download - INFO - Событие 1753860838.731 уже есть в БД
2025-07-30 15:05:13,619 - download - INFO - Обрабатываю событие 1753860833.728
2025-07-30 15:05:13,619 - download - INFO - Событие 1753860833.728 уже есть в БД
2025-07-30 15:05:13,619 - download - INFO - Обрабатываю событие 1753861463.780
2025-07-30 15:05:13,619 - download - INFO - Событие 1753861463.780 уже есть в БД
2025-07-30 15:05:13,619 - download - INFO - Обрабатываю событие 1753861465.783
2025-07-30 15:05:13,619 - download - INFO - Событие 1753861465.783 уже есть в БД
2025-07-30 15:05:13,619 - download - INFO - Обрабатываю событие 1753862213.890
2025-07-30 15:05:13,619 - download - INFO - Событие 1753862213.890 уже есть в БД
2025-07-30 15:05:13,620 - download - INFO - Обрабатываю событие 1753862215.893
2025-07-30 15:05:13,620 - download - INFO - Событие 1753862215.893 уже есть в БД
2025-07-30 15:05:13,620 - download - INFO - Обрабатываю событие 1753862242.896
2025-07-30 15:05:13,620 - download - INFO - Событие 1753862242.896 уже есть в БД
2025-07-30 15:05:13,620 - download - INFO - Обрабатываю событие 1753862246.899
2025-07-30 15:05:13,620 - download - INFO - Событие 1753862246.899 уже есть в БД
2025-07-30 15:05:13,620 - download - INFO - Обрабатываю событие 1753862261.921
2025-07-30 15:05:13,620 - download - INFO - Событие 1753862261.921 уже есть в БД
2025-07-30 15:05:13,620 - download - INFO - Обрабатываю событие 1753862259.913
2025-07-30 15:05:13,621 - download - INFO - Событие 1753862259.913 уже есть в БД
2025-07-30 15:05:13,621 - download - INFO - Обрабатываю событие 1753862277.928
2025-07-30 15:05:13,621 - download - INFO - Событие 1753862277.928 уже есть в БД
2025-07-30 15:05:13,621 - download - INFO - Обрабатываю событие 1753862273.925
2025-07-30 15:05:13,621 - download - INFO - Событие 1753862273.925 уже есть в БД
2025-07-30 15:05:13,621 - download - INFO - Обрабатываю событие 1753862257.910
2025-07-30 15:05:13,621 - download - INFO - Событие 1753862257.910 уже есть в БД
2025-07-30 15:05:13,621 - download - INFO - Обрабатываю событие 1753862256.903
2025-07-30 15:05:13,622 - download - INFO - Событие 1753862256.903 уже есть в БД
2025-07-30 15:05:13,622 - download - INFO - Обрабатываю событие 1753863440.1189
2025-07-30 15:05:13,622 - download - INFO - Событие 1753863440.1189 уже есть в БД
2025-07-30 15:05:13,622 - download - INFO - Обрабатываю событие 1753863443.1192
2025-07-30 15:05:13,622 - download - INFO - Событие 1753863443.1192 уже есть в БД
2025-07-30 15:05:13,622 - download - INFO - Обрабатываю событие 1753863752.1275
2025-07-30 15:05:13,622 - download - INFO - Событие 1753863752.1275 уже есть в БД
2025-07-30 15:05:13,623 - download - INFO - Обрабатываю событие 1753863752.1275
2025-07-30 15:05:13,623 - download - INFO - Событие 1753863752.1275 уже есть в БД
2025-07-30 15:05:13,623 - download - INFO - Обрабатываю событие 1753863996.1385
2025-07-30 15:05:13,623 - download - INFO - Событие 1753863996.1385 уже есть в БД
2025-07-30 15:05:13,623 - download - INFO - Обрабатываю событие 1753863999.1391
2025-07-30 15:05:13,623 - download - INFO - Событие 1753863999.1391 уже есть в БД
2025-07-30 15:05:13,623 - download - INFO - Обрабатываю событие 1753864388.1646
2025-07-30 15:05:13,623 - download - INFO - Событие 1753864388.1646 уже есть в БД
2025-07-30 15:05:13,624 - download - INFO - Обрабатываю событие 1753864384.1643
2025-07-30 15:05:13,624 - download - INFO - Событие 1753864384.1643 уже есть в БД
2025-07-30 15:05:13,624 - download - INFO - Обрабатываю событие 1753864382.1637
2025-07-30 15:05:13,624 - download - INFO - Событие 1753864382.1637 уже есть в БД
2025-07-30 15:05:13,624 - download - INFO - Обрабатываю событие 1753864380.1634
2025-07-30 15:05:13,624 - download - INFO - Событие 1753864380.1634 уже есть в БД
2025-07-30 15:05:13,624 - download - INFO - Обрабатываю событие 1753864413.1653
2025-07-30 15:05:13,624 - download - INFO - Событие 1753864413.1653 уже есть в БД
2025-07-30 15:05:13,625 - download - INFO - Обрабатываю событие 1753864415.1656
2025-07-30 15:05:13,625 - download - INFO - Событие 1753864415.1656 уже есть в БД
2025-07-30 15:05:13,625 - download - INFO - Обрабатываю событие 1753865812.2600
2025-07-30 15:05:13,625 - download - INFO - Событие 1753865812.2600 уже есть в БД
2025-07-30 15:05:13,625 - download - INFO - Обрабатываю событие 1753865815.2603
2025-07-30 15:05:13,625 - download - INFO - Событие 1753865815.2603 уже есть в БД
2025-07-30 15:05:13,625 - download - INFO - Обрабатываю событие 1753865753.2557
2025-07-30 15:05:13,625 - download - INFO - Событие 1753865753.2557 уже есть в БД
2025-07-30 15:05:13,626 - download - INFO - Обрабатываю событие 1753865756.2560
2025-07-30 15:05:13,626 - download - INFO - Событие 1753865756.2560 уже есть в БД
2025-07-30 15:05:13,626 - download - INFO - Обрабатываю событие 1753865836.2606
2025-07-30 15:05:13,626 - download - INFO - Событие 1753865836.2606 уже есть в БД
2025-07-30 15:05:13,626 - download - INFO - Обрабатываю событие 1753865852.2636
2025-07-30 15:05:13,626 - download - INFO - Событие 1753865852.2636 уже есть в БД
2025-07-30 15:05:13,626 - download - INFO - Обрабатываю событие 1753865856.2644
2025-07-30 15:05:13,627 - download - INFO - Событие 1753865856.2644 уже есть в БД
2025-07-30 15:05:13,627 - download - INFO - Обрабатываю событие 1753865860.2647
2025-07-30 15:05:13,627 - download - INFO - Событие 1753865860.2647 уже есть в БД
2025-07-30 15:05:13,627 - download - INFO - Обрабатываю событие 1753865874.2658
2025-07-30 15:05:13,627 - download - INFO - Событие 1753865874.2658 уже есть в БД
2025-07-30 15:05:13,627 - download - INFO - Обрабатываю событие 1753865868.2651
2025-07-30 15:05:13,627 - download - INFO - Событие 1753865868.2651 уже есть в БД
2025-07-30 15:05:13,627 - download - INFO - Обрабатываю событие 1753865895.2678
2025-07-30 15:05:13,627 - download - INFO - Событие 1753865895.2678 уже есть в БД
2025-07-30 15:05:13,628 - download - INFO - Обрабатываю событие 1753865837.2609
2025-07-30 15:05:13,628 - download - INFO - Событие 1753865837.2609 уже есть в БД
2025-07-30 15:05:13,628 - download - INFO - Обрабатываю событие 1753865840.2612
2025-07-30 15:05:13,628 - download - INFO - Событие 1753865840.2612 уже есть в БД
2025-07-30 15:05:13,628 - download - INFO - Обрабатываю событие 1753869257.4065
2025-07-30 15:05:13,628 - download - INFO - Событие 1753869257.4065 уже есть в БД
2025-07-30 15:05:13,628 - download - INFO - Обрабатываю событие 1753869253.4062
2025-07-30 15:05:13,628 - download - INFO - Событие 1753869253.4062 уже есть в БД
2025-07-30 15:05:13,629 - download - INFO - Обрабатываю событие 1753869278.4068
2025-07-30 15:05:13,629 - download - INFO - Событие 1753869278.4068 уже есть в БД
2025-07-30 15:05:13,629 - download - INFO - Обрабатываю событие 1753869284.4075
2025-07-30 15:05:13,629 - download - INFO - Событие 1753869284.4075 уже есть в БД
2025-07-30 15:05:13,629 - download - INFO - Обрабатываю событие 1753870664.4839
2025-07-30 15:05:13,629 - download - INFO - Событие 1753870664.4839 уже есть в БД
2025-07-30 15:05:13,629 - download - INFO - Обрабатываю событие 1753870664.4839
2025-07-30 15:05:13,629 - download - INFO - Событие 1753870664.4839 уже есть в БД
2025-07-30 15:05:13,630 - download - INFO - Обрабатываю событие 1753870662.4836
2025-07-30 15:05:13,630 - download - INFO - Событие 1753870662.4836 уже есть в БД
2025-07-30 15:05:13,630 - download - INFO - Обрабатываю событие 1753870662.4836
2025-07-30 15:05:13,630 - download - INFO - Событие 1753870662.4836 уже есть в БД
2025-07-30 15:05:13,630 - download - INFO - Обрабатываю событие 1753870641.4828
2025-07-30 15:05:13,630 - download - INFO - Событие 1753870641.4828 уже есть в БД
2025-07-30 15:05:13,630 - download - INFO - Обрабатываю событие 1753870641.4828
2025-07-30 15:05:13,631 - download - INFO - Событие 1753870641.4828 уже есть в БД
2025-07-30 15:05:13,631 - download - INFO - Обрабатываю событие 1753870644.4831
2025-07-30 15:05:13,631 - download - INFO - Событие 1753870644.4831 уже есть в БД
2025-07-30 15:05:13,631 - download - INFO - Обрабатываю событие 1753870644.4831
2025-07-30 15:05:13,631 - download - INFO - Событие 1753870644.4831 уже есть в БД
2025-07-30 15:05:13,631 - download - INFO - Обрабатываю событие 1753870718.4864
2025-07-30 15:05:13,631 - download - INFO - Событие 1753870718.4864 уже есть в БД
2025-07-30 15:05:13,631 - download - INFO - Обрабатываю событие 1753870718.4864
2025-07-30 15:05:13,632 - download - INFO - Событие 1753870718.4864 уже есть в БД
2025-07-30 15:05:13,632 - download - INFO - Обрабатываю событие 1753870715.4861
2025-07-30 15:05:13,632 - download - INFO - Событие 1753870715.4861 уже есть в БД
2025-07-30 15:05:13,632 - download - INFO - Обрабатываю событие 1753870715.4861
2025-07-30 15:05:13,632 - download - INFO - Событие 1753870715.4861 уже есть в БД
2025-07-30 15:05:13,632 - download - INFO - Обрабатываю событие 1753870740.4884
2025-07-30 15:05:13,632 - download - INFO - Событие 1753870740.4884 уже есть в БД
2025-07-30 15:05:13,633 - download - INFO - Обрабатываю событие 1753870740.4884
2025-07-30 15:05:13,633 - download - INFO - Событие 1753870740.4884 уже есть в БД
2025-07-30 15:05:13,633 - download - INFO - Обрабатываю событие 1753870736.4881
2025-07-30 15:05:13,633 - download - INFO - Событие 1753870736.4881 уже есть в БД
2025-07-30 15:05:13,633 - download - INFO - Обрабатываю событие 1753870736.4881
2025-07-30 15:05:13,633 - download - INFO - Событие 1753870736.4881 уже есть в БД
2025-07-30 15:05:13,633 - download - INFO - Обрабатываю событие 1753870807.4925
2025-07-30 15:05:13,633 - download - INFO - Событие 1753870807.4925 уже есть в БД
2025-07-30 15:05:13,633 - download - INFO - Обрабатываю событие 1753870807.4925
2025-07-30 15:05:13,634 - download - INFO - Событие 1753870807.4925 уже есть в БД
2025-07-30 15:05:13,634 - download - INFO - Обрабатываю событие 1753870809.4928
2025-07-30 15:05:13,634 - download - INFO - Событие 1753870809.4928 уже есть в БД
2025-07-30 15:05:13,634 - download - INFO - Обрабатываю событие 1753870809.4928
2025-07-30 15:05:13,634 - download - INFO - Событие 1753870809.4928 уже есть в БД
2025-07-30 15:05:13,634 - download - INFO - Обрабатываю событие 1753870734.4874
2025-07-30 15:05:13,634 - download - INFO - Событие 1753870734.4874 уже есть в БД
2025-07-30 15:05:13,634 - download - INFO - Обрабатываю событие 1753870734.4874
2025-07-30 15:05:13,635 - download - INFO - Событие 1753870734.4874 уже есть в БД
2025-07-30 15:05:13,635 - download - INFO - Обрабатываю событие 1753870941.4971
2025-07-30 15:05:13,635 - download - INFO - Событие 1753870941.4971 уже есть в БД
2025-07-30 15:05:13,635 - download - INFO - Обрабатываю событие 1753870941.4971
2025-07-30 15:05:13,635 - download - INFO - Событие 1753870941.4971 уже есть в БД
2025-07-30 15:05:13,635 - download - INFO - Обрабатываю событие 1753871820.5645
2025-07-30 15:05:13,635 - download - INFO - Событие 1753871820.5645 уже есть в БД
2025-07-30 15:05:13,635 - download - INFO - Обрабатываю событие 1753871820.5645
2025-07-30 15:05:13,636 - download - INFO - Событие 1753871820.5645 уже есть в БД
2025-07-30 15:05:13,636 - download - INFO - Обрабатываю событие 1753871822.5648
2025-07-30 15:05:13,636 - download - INFO - Событие 1753871822.5648 уже есть в БД
2025-07-30 15:05:13,636 - download - INFO - Обрабатываю событие 1753871822.5648
2025-07-30 15:05:13,636 - download - INFO - Событие 1753871822.5648 уже есть в БД
2025-07-30 15:05:13,636 - download - INFO - Обрабатываю событие 1753871855.5665
2025-07-30 15:05:13,636 - download - INFO - Событие 1753871855.5665 уже есть в БД
2025-07-30 15:05:13,636 - download - INFO - Обрабатываю событие 1753871855.5665
2025-07-30 15:05:13,637 - download - INFO - Событие 1753871855.5665 уже есть в БД
2025-07-30 15:05:13,637 - download - INFO - Обрабатываю событие 1753871851.5662
2025-07-30 15:05:13,637 - download - INFO - Событие 1753871851.5662 уже есть в БД
2025-07-30 15:05:13,637 - download - INFO - Обрабатываю событие 1753871851.5662
2025-07-30 15:05:13,637 - download - INFO - Событие 1753871851.5662 уже есть в БД
2025-07-30 15:05:13,637 - download - INFO - Обрабатываю событие 1753872483.6129
2025-07-30 15:05:13,637 - download - INFO - Событие 1753872483.6129 уже есть в БД
2025-07-30 15:05:13,637 - download - INFO - Обрабатываю событие 1753872483.6129
2025-07-30 15:05:13,638 - download - INFO - Событие 1753872483.6129 уже есть в БД
2025-07-30 15:05:13,638 - download - INFO - Обрабатываю событие 1753873300.6494
2025-07-30 15:05:13,638 - download - INFO - Событие 1753873300.6494 уже есть в БД
2025-07-30 15:05:13,638 - download - INFO - Обрабатываю событие 1753873302.6497
2025-07-30 15:05:13,638 - download - INFO - Событие 1753873302.6497 уже есть в БД
2025-07-30 15:05:13,638 - download - INFO - Обрабатываю событие 1753873367.6526
2025-07-30 15:05:13,638 - download - INFO - Событие 1753873367.6526 уже есть в БД
2025-07-30 15:05:13,638 - download - INFO - Обрабатываю событие 1753873367.6526
2025-07-30 15:05:13,639 - download - INFO - Событие 1753873367.6526 уже есть в БД
2025-07-30 15:05:13,639 - download - INFO - Обрабатываю событие 1753873371.6529
2025-07-30 15:05:13,639 - download - INFO - Событие 1753873371.6529 уже есть в БД
2025-07-30 15:05:13,639 - download - INFO - Обрабатываю событие 1753873371.6529
2025-07-30 15:05:13,639 - download - INFO - Событие 1753873371.6529 уже есть в БД
2025-07-30 15:05:13,639 - download - INFO - Обрабатываю событие 1753873450.6531
2025-07-30 15:05:13,639 - download - INFO - Событие 1753873450.6531 уже есть в БД
2025-07-30 15:05:13,639 - download - INFO - Обрабатываю событие 1753873450.6531
2025-07-30 15:05:13,640 - download - INFO - Событие 1753873450.6531 уже есть в БД
2025-07-30 15:05:13,640 - download - INFO - Обрабатываю событие 1753873305.6499
2025-07-30 15:05:13,640 - download - INFO - Событие 1753873305.6499 уже есть в БД
2025-07-30 15:05:13,640 - download - INFO - Обрабатываю событие 1753873507.6564
2025-07-30 15:05:13,640 - download - INFO - Событие 1753873507.6564 уже есть в БД
2025-07-30 15:05:13,640 - download - INFO - Обрабатываю событие 1753873507.6564
2025-07-30 15:05:13,640 - download - INFO - Событие 1753873507.6564 уже есть в БД
2025-07-30 15:05:13,640 - download - INFO - Обрабатываю событие 1753873509.6567
2025-07-30 15:05:13,641 - download - INFO - Событие 1753873509.6567 уже есть в БД
2025-07-30 15:05:13,641 - download - INFO - Обрабатываю событие 1753873509.6567
2025-07-30 15:05:13,641 - download - INFO - Событие 1753873509.6567 уже есть в БД
2025-07-30 15:05:13,641 - download - INFO - Обрабатываю событие 1753874532.7163
2025-07-30 15:05:13,641 - download - INFO - Событие 1753874532.7163 уже есть в БД
2025-07-30 15:05:13,641 - download - INFO - Обрабатываю событие 1753874532.7163
2025-07-30 15:05:13,641 - download - INFO - Событие 1753874532.7163 уже есть в БД
2025-07-30 15:05:13,641 - download - INFO - Обрабатываю событие 1753874601.7226
2025-07-30 15:05:13,642 - download - INFO - Событие 1753874601.7226 уже есть в БД
2025-07-30 15:05:13,642 - download - INFO - Обрабатываю событие 1753874601.7226
2025-07-30 15:05:13,642 - download - INFO - Событие 1753874601.7226 уже есть в БД
2025-07-30 15:05:13,642 - download - INFO - Обрабатываю событие 1753874599.7223
2025-07-30 15:05:13,642 - download - INFO - Событие 1753874599.7223 уже есть в БД
2025-07-30 15:05:13,642 - download - INFO - Обрабатываю событие 1753874599.7223
2025-07-30 15:05:13,642 - download - INFO - Событие 1753874599.7223 уже есть в БД
2025-07-30 15:05:13,643 - download - INFO - Обрабатываю событие 1753876832.8606
2025-07-30 15:05:13,643 - download - INFO - Событие 1753876832.8606 уже есть в БД
2025-07-30 15:05:13,643 - download - INFO - Обрабатываю событие 1753876832.8606
2025-07-30 15:05:13,643 - download - INFO - Событие 1753876832.8606 уже есть в БД
2025-07-30 15:05:13,643 - download - INFO - Обрабатываю событие 1753876830.8603
2025-07-30 15:05:13,643 - download - INFO - Событие 1753876830.8603 уже есть в БД
2025-07-30 15:05:13,643 - download - INFO - Обрабатываю событие 1753876830.8603
2025-07-30 15:05:13,643 - download - INFO - Событие 1753876830.8603 уже есть в БД
2025-07-30 15:05:13,644 - download - INFO - Обрабатываю событие 1753876843.8610
2025-07-30 15:05:13,644 - download - INFO - Событие 1753876843.8610 уже есть в БД
2025-07-30 15:05:13,644 - download - INFO - Обрабатываю событие 1753876843.8610
2025-07-30 15:05:13,644 - download - INFO - Событие 1753876843.8610 уже есть в БД
2025-07-30 15:05:13,644 - download - INFO - Обрабатываю событие 1753876847.8613
2025-07-30 15:05:13,644 - download - INFO - Событие 1753876847.8613 уже есть в БД
2025-07-30 15:05:13,644 - download - INFO - Обрабатываю событие 1753876847.8613
2025-07-30 15:05:13,644 - download - INFO - Событие 1753876847.8613 уже есть в БД
2025-07-30 15:05:13,645 - download - INFO - Обрабатываю событие 1753876972.8730
2025-07-30 15:05:13,645 - download - INFO - Событие 1753876972.8730 уже есть в БД
2025-07-30 15:05:13,645 - download - INFO - Обрабатываю событие 1753876972.8730
2025-07-30 15:05:13,645 - download - INFO - Событие 1753876972.8730 уже есть в БД
2025-07-30 15:05:13,645 - download - INFO - Обрабатываю событие 1753876968.8727
2025-07-30 15:05:13,645 - download - INFO - Событие 1753876968.8727 уже есть в БД
2025-07-30 15:05:13,645 - download - INFO - Обрабатываю событие 1753876968.8727
2025-07-30 15:05:13,645 - download - INFO - Событие 1753876968.8727 уже есть в БД
2025-07-30 15:05:13,646 - download - INFO - Обрабатываю событие 1753878120.9264
2025-07-30 15:05:13,646 - download - INFO - Событие 1753878120.9264 уже есть в БД
2025-07-30 15:05:13,646 - download - INFO - Обрабатываю событие 1753878519.9460
2025-07-30 15:05:13,646 - download - INFO - Событие 1753878519.9460 уже есть в БД
2025-07-30 15:05:13,646 - download - INFO - Обрабатываю событие 1753878602.9494
2025-07-30 15:05:13,646 - download - INFO - Событие 1753878602.9494 уже есть в БД
2025-07-30 15:05:13,646 - download - INFO - Обрабатываю событие 1753878602.9494
2025-07-30 15:05:13,647 - download - INFO - Событие 1753878602.9494 уже есть в БД
2025-07-30 15:05:13,647 - download - INFO - Обрабатываю событие 1753878599.9491
2025-07-30 15:05:13,647 - download - INFO - Событие 1753878599.9491 уже есть в БД
2025-07-30 15:05:13,647 - download - INFO - Обрабатываю событие 1753878599.9491
2025-07-30 15:05:13,647 - download - INFO - Событие 1753878599.9491 уже есть в БД
2025-07-30 15:05:13,647 - download - INFO - Обрабатываю событие 1753878637.9500
2025-07-30 15:05:13,647 - download - INFO - Событие 1753878637.9500 уже есть в БД
2025-07-30 15:05:13,647 - download - INFO - Обрабатываю событие 1753878637.9500
2025-07-30 15:05:13,648 - download - INFO - Событие 1753878637.9500 уже есть в БД
2025-07-30 15:05:13,648 - download - INFO - Обрабатываю событие 1753878691.9524
2025-07-30 15:05:13,648 - download - INFO - Событие 1753878691.9524 уже есть в БД
2025-07-30 15:05:13,648 - download - INFO - Обрабатываю событие 1753878691.9524
2025-07-30 15:05:13,648 - download - INFO - Событие 1753878691.9524 уже есть в БД
2025-07-30 15:05:13,648 - download - INFO - Обрабатываю событие 1753881442.10127
2025-07-30 15:05:13,648 - download - INFO - Событие 1753881442.10127 уже есть в БД
2025-07-30 15:05:13,648 - download - INFO - Обрабатываю событие 1753881496.10156
2025-07-30 15:05:13,649 - download - INFO - Событие 1753881496.10156 уже есть в БД
2025-07-30 15:05:13,649 - download - INFO - Обрабатываю событие 1753881494.10153
2025-07-30 15:05:13,649 - download - INFO - Событие 1753881494.10153 уже есть в БД
2025-07-30 15:05:13,649 - download - INFO - Обрабатываю событие 1753882956.11012
2025-07-30 15:05:13,649 - download - INFO - Событие 1753882956.11012 уже есть в БД
2025-07-30 15:05:13,649 - download - INFO - Обрабатываю событие 1753882956.11012
2025-07-30 15:05:13,649 - download - INFO - Событие 1753882956.11012 уже есть в БД
2025-07-30 15:05:13,650 - download - INFO - Обрабатываю событие 1753882958.11015
2025-07-30 15:05:13,650 - download - INFO - Событие 1753882958.11015 уже есть в БД
2025-07-30 15:05:13,650 - download - INFO - Обрабатываю событие 1753882958.11015
2025-07-30 15:05:13,650 - download - INFO - Событие 1753882958.11015 уже есть в БД
2025-07-30 15:05:13,650 - download - INFO - Обрабатываю событие 1753883029.11035
2025-07-30 15:05:13,650 - download - INFO - Событие 1753883029.11035 уже есть в БД
2025-07-30 15:05:13,651 - download - INFO - Обрабатываю событие 1753883029.11035
2025-07-30 15:05:13,651 - download - INFO - Событие 1753883029.11035 уже есть в БД
2025-07-30 15:05:13,651 - download - INFO - Обрабатываю событие 1753883033.11038
2025-07-30 15:05:13,651 - download - INFO - Событие 1753883033.11038 уже есть в БД
2025-07-30 15:05:13,651 - download - INFO - Обрабатываю событие 1753883033.11038
2025-07-30 15:05:13,651 - download - INFO - Событие 1753883033.11038 уже есть в БД
2025-07-30 15:05:13,651 - download - INFO - Обрабатываю событие 1753883114.11062
2025-07-30 15:05:13,652 - download - INFO - Событие 1753883114.11062 уже есть в БД
2025-07-30 15:05:13,652 - download - INFO - Обрабатываю событие 1753883114.11062
2025-07-30 15:05:13,652 - download - INFO - Событие 1753883114.11062 уже есть в БД
2025-07-30 15:05:13,652 - download - INFO - Обрабатываю событие 1753883116.11065
2025-07-30 15:05:13,652 - download - INFO - Событие 1753883116.11065 уже есть в БД
2025-07-30 15:05:13,652 - download - INFO - Обрабатываю событие 1753883116.11065
2025-07-30 15:05:13,652 - download - INFO - Событие 1753883116.11065 уже есть в БД
2025-07-30 15:05:13,652 - download - INFO - Обрабатываю событие 1753883011.11024
2025-07-30 15:05:13,652 - download - INFO - Событие 1753883011.11024 уже есть в БД
2025-07-30 15:05:13,653 - download - INFO - Обрабатываю событие 1753883011.11024
2025-07-30 15:05:13,653 - download - INFO - Событие 1753883011.11024 уже есть в БД
2025-07-30 15:05:13,653 - download - INFO - Обрабатываю событие 1753883045.11042
2025-07-30 15:05:13,653 - download - INFO - Событие 1753883045.11042 уже есть в БД
2025-07-30 15:05:13,653 - download - INFO - Обрабатываю событие 1753883045.11042
2025-07-30 15:05:13,653 - download - INFO - Событие 1753883045.11042 уже есть в БД
2025-07-30 15:05:13,653 - download - INFO - Обрабатываю событие 1753883049.11045
2025-07-30 15:05:13,653 - download - INFO - Событие 1753883049.11045 уже есть в БД
2025-07-30 15:05:13,654 - download - INFO - Обрабатываю событие 1753883049.11045
2025-07-30 15:05:13,654 - download - INFO - Событие 1753883049.11045 уже есть в БД
2025-07-30 15:05:13,654 - download - INFO - Обрабатываю событие 1753883238.11096
2025-07-30 15:05:13,654 - download - INFO - Событие 1753883238.11096 уже есть в БД
2025-07-30 15:05:13,654 - download - INFO - Обрабатываю событие 1753883233.11093
2025-07-30 15:05:13,654 - download - INFO - Событие 1753883233.11093 уже есть в БД
2025-07-30 15:05:13,654 - download - INFO - Обрабатываю событие 1753883318.11127
2025-07-30 15:05:13,655 - download - INFO - Событие 1753883318.11127 уже есть в БД
2025-07-30 15:05:13,655 - download - INFO - Обрабатываю событие 1753883318.11127
2025-07-30 15:05:13,655 - download - INFO - Событие 1753883318.11127 уже есть в БД
2025-07-30 15:05:13,655 - download - INFO - Обрабатываю событие 1753883315.11124
2025-07-30 15:05:13,655 - download - INFO - Событие 1753883315.11124 уже есть в БД
2025-07-30 15:05:13,655 - download - INFO - Обрабатываю событие 1753883315.11124
2025-07-30 15:05:13,655 - download - INFO - Событие 1753883315.11124 уже есть в БД
2025-07-30 15:05:13,656 - download - INFO - Обрабатываю событие 1753883360.11142
2025-07-30 15:05:13,656 - download - INFO - Событие 1753883360.11142 уже есть в БД
2025-07-30 15:05:13,656 - download - INFO - Обрабатываю событие 1753883360.11142
2025-07-30 15:05:13,656 - download - INFO - Событие 1753883360.11142 уже есть в БД
2025-07-30 15:05:13,656 - download - INFO - Обрабатываю событие 1753883356.11139
2025-07-30 15:05:13,656 - download - INFO - Событие 1753883356.11139 уже есть в БД
2025-07-30 15:05:13,656 - download - INFO - Обрабатываю событие 1753883356.11139
2025-07-30 15:05:13,656 - download - INFO - Событие 1753883356.11139 уже есть в БД
2025-07-30 15:05:13,657 - download - INFO - Обрабатываю событие 1753883092.11055
2025-07-30 15:05:13,657 - download - INFO - Событие 1753883092.11055 уже есть в БД
2025-07-30 15:05:13,657 - download - INFO - Обрабатываю событие 1753883092.11055
2025-07-30 15:05:13,657 - download - INFO - Событие 1753883092.11055 уже есть в БД
2025-07-30 15:05:13,657 - download - INFO - Обрабатываю событие 1753883095.11058
2025-07-30 15:05:13,657 - download - INFO - Событие 1753883095.11058 уже есть в БД
2025-07-30 15:05:13,657 - download - INFO - Обрабатываю событие 1753883095.11058
2025-07-30 15:05:13,658 - download - INFO - Событие 1753883095.11058 уже есть в БД
2025-07-30 15:05:13,658 - download - INFO - Обрабатываю событие 1753883312.11118
2025-07-30 15:05:13,658 - download - INFO - Событие 1753883312.11118 уже есть в БД
2025-07-30 15:05:13,658 - download - INFO - Обрабатываю событие 1753883312.11118
2025-07-30 15:05:13,658 - download - INFO - Событие 1753883312.11118 уже есть в БД
2025-07-30 15:05:13,658 - download - INFO - Обрабатываю событие 1753883641.11197
2025-07-30 15:05:13,658 - download - INFO - Событие 1753883641.11197 уже есть в БД
2025-07-30 15:05:13,659 - download - INFO - Обрабатываю событие 1753883644.11200
2025-07-30 15:05:13,659 - download - INFO - Событие 1753883644.11200 уже есть в БД
2025-07-30 15:05:13,659 - download - INFO - Обрабатываю событие 1753883429.11162
2025-07-30 15:05:13,659 - download - INFO - Событие 1753883429.11162 уже есть в БД
2025-07-30 15:05:13,659 - download - INFO - Обрабатываю событие 1753884109.11419
2025-07-30 15:05:13,659 - download - INFO - Событие 1753884109.11419 уже есть в БД
2025-07-30 15:05:13,659 - download - INFO - Обрабатываю событие 1753884109.11419
2025-07-30 15:05:13,660 - download - INFO - Событие 1753884109.11419 уже есть в БД
2025-07-30 15:05:13,660 - download - INFO - Обрабатываю событие 1753884112.11422
2025-07-30 15:05:13,660 - download - INFO - Событие 1753884112.11422 уже есть в БД
2025-07-30 15:05:13,660 - download - INFO - Обрабатываю событие 1753884112.11422
2025-07-30 15:05:13,660 - download - INFO - Событие 1753884112.11422 уже есть в БД
2025-07-30 15:05:13,660 - download - INFO - Обрабатываю событие 1753884118.11425
2025-07-30 15:05:13,660 - download - INFO - Событие 1753884118.11425 уже есть в БД
2025-07-30 15:05:13,660 - download - INFO - Обрабатываю событие 1753884118.11425
2025-07-30 15:05:13,661 - download - INFO - Событие 1753884118.11425 уже есть в БД
2025-07-30 15:05:13,661 - download - INFO - Обрабатываю событие 1753884172.11454
2025-07-30 15:05:13,661 - download - INFO - Событие 1753884172.11454 уже есть в БД
2025-07-30 15:05:13,661 - download - INFO - Обрабатываю событие 1753884172.11454
2025-07-30 15:05:13,661 - download - INFO - Событие 1753884172.11454 уже есть в БД
2025-07-30 15:05:13,661 - download - INFO - Обрабатываю событие 1753884626.11616
2025-07-30 15:05:13,661 - download - INFO - Событие 1753884626.11616 уже есть в БД
2025-07-30 15:05:13,662 - download - INFO - Обрабатываю событие 1753884626.11616
2025-07-30 15:05:13,662 - download - INFO - Событие 1753884626.11616 уже есть в БД
2025-07-30 15:05:13,662 - download - INFO - Обрабатываю событие 1753884629.11619
2025-07-30 15:05:13,662 - download - INFO - Событие 1753884629.11619 уже есть в БД
2025-07-30 15:05:13,662 - download - INFO - Обрабатываю событие 1753884629.11619
2025-07-30 15:05:13,662 - download - INFO - Событие 1753884629.11619 уже есть в БД
2025-07-30 15:05:13,662 - download - INFO - Обрабатываю событие 1753884859.11702
2025-07-30 15:05:13,663 - download - INFO - Событие 1753884859.11702 уже есть в БД
2025-07-30 15:05:13,663 - download - INFO - Обрабатываю событие 1753884857.11699
2025-07-30 15:05:13,663 - download - INFO - Событие 1753884857.11699 уже есть в БД
2025-07-30 15:05:13,663 - download - INFO - Обрабатываю событие 1753885254.11803
2025-07-30 15:05:13,663 - download - INFO - Событие 1753885254.11803 уже есть в БД
2025-07-30 15:05:13,663 - download - INFO - Обрабатываю событие 1753885254.11803
2025-07-30 15:05:13,663 - download - INFO - Событие 1753885254.11803 уже есть в БД
2025-07-30 15:05:13,663 - download - INFO - Обрабатываю событие 1753885253.11801
2025-07-30 15:05:13,664 - download - INFO - Событие 1753885253.11801 уже есть в БД
2025-07-30 15:05:13,664 - download - INFO - Обрабатываю событие 1753885256.11807
2025-07-30 15:05:13,664 - download - INFO - Событие 1753885256.11807 уже есть в БД
2025-07-30 15:05:13,664 - download - INFO - Обрабатываю событие 1753885299.11818
2025-07-30 15:05:13,664 - download - INFO - Событие 1753885299.11818 уже есть в БД
2025-07-30 15:05:13,664 - download - INFO - Обрабатываю событие 1753885653.11917
2025-07-30 15:05:13,664 - download - INFO - Событие 1753885653.11917 уже есть в БД
2025-07-30 15:05:13,665 - download - INFO - Обрабатываю событие 1753885588.11886
2025-07-30 15:05:13,665 - download - INFO - Событие 1753885588.11886 уже есть в БД
2025-07-30 15:05:13,665 - download - INFO - Обрабатываю событие 1753885592.11893
2025-07-30 15:05:13,665 - download - INFO - Событие 1753885592.11893 уже есть в БД
2025-07-30 15:05:13,665 - download - INFO - Обрабатываю событие 1753885619.11907
2025-07-30 15:05:13,665 - download - INFO - Событие 1753885619.11907 уже есть в БД
2025-07-30 15:05:13,665 - download - INFO - Обрабатываю событие 1753885616.11904
2025-07-30 15:05:13,666 - download - INFO - Событие 1753885616.11904 уже есть в БД
2025-07-30 15:05:13,666 - download - INFO - Обрабатываю событие 1753885653.11915
2025-07-30 15:05:13,666 - download - INFO - Событие 1753885653.11915 уже есть в БД
2025-07-30 15:05:13,666 - download - INFO - Обрабатываю событие 1753885656.11921
2025-07-30 15:05:13,666 - download - INFO - Событие 1753885656.11921 уже есть в БД
2025-07-30 15:05:13,666 - download - INFO - Обрабатываю событие 1753885719.11940
2025-07-30 15:05:13,666 - download - INFO - Событие 1753885719.11940 уже есть в БД
2025-07-30 15:05:13,667 - download - INFO - Обрабатываю событие 1753885717.11937
2025-07-30 15:05:13,667 - download - INFO - Событие 1753885717.11937 уже есть в БД
2025-07-30 15:05:13,667 - download - INFO - Обрабатываю событие 1753885769.11955
2025-07-30 15:05:13,667 - download - INFO - Событие 1753885769.11955 уже есть в БД
2025-07-30 15:05:13,667 - download - INFO - Обрабатываю событие 1753885767.11952
2025-07-30 15:05:13,667 - download - INFO - Событие 1753885767.11952 уже есть в БД
2025-07-30 15:05:13,667 - download - INFO - Обрабатываю событие 1753885905.11964
2025-07-30 15:05:13,667 - download - INFO - Событие 1753885905.11964 уже есть в БД
2025-07-30 15:05:13,667 - download - INFO - Обрабатываю событие 1753886005.11996
2025-07-30 15:05:13,668 - download - INFO - Событие 1753886005.11996 уже есть в БД
2025-07-30 15:05:13,668 - download - INFO - Обрабатываю событие 1753886005.11996
2025-07-30 15:05:13,668 - download - INFO - Событие 1753886005.11996 уже есть в БД
2025-07-30 15:05:13,668 - download - INFO - Обрабатываю событие 1753886007.11999
2025-07-30 15:05:13,668 - download - INFO - Событие 1753886007.11999 уже есть в БД
2025-07-30 15:05:13,668 - download - INFO - Обрабатываю событие 1753886007.11999
2025-07-30 15:05:13,669 - download - INFO - Событие 1753886007.11999 уже есть в БД
2025-07-30 15:05:13,669 - download - INFO - Обрабатываю событие 1753886167.12048
2025-07-30 15:05:13,669 - download - INFO - Событие 1753886167.12048 уже есть в БД
2025-07-30 15:05:13,669 - download - INFO - Обрабатываю событие 1753886230.12083
2025-07-30 15:05:13,669 - download - INFO - Событие 1753886230.12083 уже есть в БД
2025-07-30 15:05:13,669 - download - INFO - Обрабатываю событие 1753886226.12075
2025-07-30 15:05:13,669 - download - INFO - Событие 1753886226.12075 уже есть в БД
2025-07-30 15:05:13,669 - download - INFO - Обрабатываю событие 1753886961.12270
2025-07-30 15:05:13,670 - download - INFO - Событие 1753886961.12270 уже есть в БД
2025-07-30 15:05:13,670 - download - INFO - Обрабатываю событие 1753886957.12267
2025-07-30 15:05:13,670 - download - INFO - Событие 1753886957.12267 уже есть в БД
2025-07-30 15:05:13,670 - download - INFO - Обрабатываю событие 1753887184.12315
2025-07-30 15:05:13,670 - download - INFO - Событие 1753887184.12315 уже есть в БД
2025-07-30 15:05:13,670 - download - INFO - Обрабатываю событие 1753887184.12315
2025-07-30 15:05:13,670 - download - INFO - Событие 1753887184.12315 уже есть в БД
2025-07-30 15:05:13,670 - download - INFO - Обрабатываю событие 1753887188.12318
2025-07-30 15:05:13,671 - download - INFO - Событие 1753887188.12318 уже есть в БД
2025-07-30 15:05:13,671 - download - INFO - Обрабатываю событие 1753887188.12318
2025-07-30 15:05:13,671 - download - INFO - Событие 1753887188.12318 уже есть в БД
2025-07-30 15:05:13,671 - download - INFO - Обрабатываю событие 1753887248.12327
2025-07-30 15:05:13,671 - download - INFO - Событие 1753887248.12327 уже есть в БД
2025-07-30 15:05:13,671 - download - INFO - Обрабатываю событие 1753887248.12327
2025-07-30 15:05:13,672 - download - INFO - Событие 1753887248.12327 уже есть в БД
2025-07-30 15:05:13,672 - download - INFO - Обрабатываю событие 1753887251.12330
2025-07-30 15:05:13,672 - download - INFO - Событие 1753887251.12330 уже есть в БД
2025-07-30 15:05:13,672 - download - INFO - Обрабатываю событие 1753887251.12330
2025-07-30 15:05:13,672 - download - INFO - Событие 1753887251.12330 уже есть в БД
2025-07-30 15:05:13,672 - download - INFO - Обрабатываю событие 1753887175.12312
2025-07-30 15:05:13,672 - download - INFO - Событие 1753887175.12312 уже есть в БД
2025-07-30 15:05:13,672 - download - INFO - Обрабатываю событие 1753887175.12312
2025-07-30 15:05:13,673 - download - INFO - Событие 1753887175.12312 уже есть в БД
2025-07-30 15:05:13,673 - download - INFO - Обрабатываю событие 1753887171.12309
2025-07-30 15:05:13,673 - download - INFO - Событие 1753887171.12309 уже есть в БД
2025-07-30 15:05:13,673 - download - INFO - Обрабатываю событие 1753887171.12309
2025-07-30 15:05:13,673 - download - INFO - Событие 1753887171.12309 уже есть в БД
2025-07-30 15:05:13,673 - download - INFO - Обрабатываю событие 1753887305.12343
2025-07-30 15:05:13,673 - download - INFO - Событие 1753887305.12343 уже есть в БД
2025-07-30 15:05:13,673 - download - INFO - Обрабатываю событие 1753887308.12346
2025-07-30 15:05:13,674 - download - INFO - Событие 1753887308.12346 уже есть в БД
2025-07-30 15:05:13,674 - download - INFO - Обрабатываю событие 1753887521.12375
2025-07-30 15:05:13,674 - download - INFO - Событие 1753887521.12375 уже есть в БД
2025-07-30 15:05:13,674 - download - INFO - Обрабатываю событие 1753887521.12375
2025-07-30 15:05:13,674 - download - INFO - Событие 1753887521.12375 уже есть в БД
2025-07-30 15:05:13,674 - download - INFO - Обрабатываю событие 1753887524.12378
2025-07-30 15:05:13,674 - download - INFO - Событие 1753887524.12378 уже есть в БД
2025-07-30 15:05:13,674 - download - INFO - Обрабатываю событие 1753887524.12378
2025-07-30 15:05:13,675 - download - INFO - Событие 1753887524.12378 уже есть в БД
2025-07-30 15:05:13,675 - download - INFO - Обрабатываю событие 1753887481.12366
2025-07-30 15:05:13,675 - download - INFO - Событие 1753887481.12366 уже есть в БД
2025-07-30 15:05:13,675 - download - INFO - Обрабатываю событие 1753887481.12366
2025-07-30 15:05:13,675 - download - INFO - Событие 1753887481.12366 уже есть в БД
2025-07-30 15:05:13,675 - download - INFO - Обрабатываю событие 1753887631.12395
2025-07-30 15:05:13,675 - download - INFO - Событие 1753887631.12395 уже есть в БД
2025-07-30 15:05:13,675 - download - INFO - Обрабатываю событие 1753887631.12395
2025-07-30 15:05:13,676 - download - INFO - Событие 1753887631.12395 уже есть в БД
2025-07-30 15:05:13,676 - download - INFO - Обрабатываю событие 1753887634.12398
2025-07-30 15:05:13,676 - download - INFO - Событие 1753887634.12398 уже есть в БД
2025-07-30 15:05:13,676 - download - INFO - Обрабатываю событие 1753887634.12398
2025-07-30 15:05:13,676 - download - INFO - Событие 1753887634.12398 уже есть в БД
2025-07-30 15:05:13,676 - download - INFO - Обрабатываю событие 1753887622.12392
2025-07-30 15:05:13,676 - download - INFO - Событие 1753887622.12392 уже есть в БД
2025-07-30 15:05:13,676 - download - INFO - Обрабатываю событие 1753887622.12392
2025-07-30 15:05:13,677 - download - INFO - Событие 1753887622.12392 уже есть в БД
2025-07-30 15:05:13,677 - download - INFO - Обрабатываю событие 1753887618.12389
2025-07-30 15:05:13,677 - download - INFO - Событие 1753887618.12389 уже есть в БД
2025-07-30 15:05:13,677 - download - INFO - Обрабатываю событие 1753887618.12389
2025-07-30 15:05:13,677 - download - INFO - Событие 1753887618.12389 уже есть в БД
2025-07-30 15:05:13,677 - download - INFO - Обрабатываю событие 1753887713.12410
2025-07-30 15:05:13,677 - download - INFO - Событие 1753887713.12410 уже есть в БД
2025-07-30 15:05:13,677 - download - INFO - Обрабатываю событие 1753887713.12410
2025-07-30 15:05:13,678 - download - INFO - Событие 1753887713.12410 уже есть в БД
2025-07-30 15:05:13,678 - download - INFO - Обрабатываю событие 1753887755.12418
2025-07-30 15:05:13,689 - download - INFO - ✅ Создана recovery запись call_id=218760 для 1753887755.12418
2025-07-30 15:05:13,689 - download - INFO - 🔗 UUID ссылка: https://bot.vochi.by/recordings/file/5fd4e39f-cebb-4e39-9f65-5e1545dd52dc
2025-07-30 15:05:13,696 - telegram.Bot - DEBUG - Set Bot API URL: https://api.telegram.org/bot7467098350:AAHi4AZA_smJ3pzkIfft45iY7RzOKjbbYCw
2025-07-30 15:05:13,696 - telegram.Bot - DEBUG - Set Bot API File URL: https://api.telegram.org/file/bot7467098350:AAHi4AZA_smJ3pzkIfft45iY7RzOKjbbYCw
2025-07-30 15:05:13,754 - telegram.Bot - DEBUG - Calling Bot API endpoint `sendMessage` with parameters `{'chat_id': '374573193', 'text': '🔄 Восстановленный неуспешный внутренний звонок\n☎️➡️\n☎️Номер не определен', 'parse_mode': 'HTML'}`
2025-07-30 15:05:13,755 - httpcore.connection - DEBUG - connect_tcp.started host='api.telegram.org' port=443 local_address=None timeout=5.0 socket_options=None
2025-07-30 15:05:13,772 - httpcore.connection - DEBUG - connect_tcp.complete return_value=<httpcore._backends.anyio.AnyIOStream object at 0x7fbe702a7910>
2025-07-30 15:05:13,772 - httpcore.connection - DEBUG - start_tls.started ssl_context=<ssl.SSLContext object at 0x7fbe70285940> server_hostname='api.telegram.org' timeout=5.0
2025-07-30 15:05:13,790 - httpcore.connection - DEBUG - start_tls.complete return_value=<httpcore._backends.anyio.AnyIOStream object at 0x7fbe702a75e0>
2025-07-30 15:05:13,791 - httpcore.http11 - DEBUG - send_request_headers.started request=<Request [b'POST']>
2025-07-30 15:05:13,791 - httpcore.http11 - DEBUG - send_request_headers.complete
2025-07-30 15:05:13,791 - httpcore.http11 - DEBUG - send_request_body.started request=<Request [b'POST']>
2025-07-30 15:05:13,791 - httpcore.http11 - DEBUG - send_request_body.complete
2025-07-30 15:05:13,791 - httpcore.http11 - DEBUG - receive_response_headers.started request=<Request [b'POST']>
2025-07-30 15:05:13,982 - httpcore.http11 - DEBUG - receive_response_headers.complete return_value=(b'HTTP/1.1', 200, b'OK', [(b'Server', b'nginx/1.18.0'), (b'Date', b'Wed, 30 Jul 2025 15:05:13 GMT'), (b'Content-Type', b'application/json'), (b'Content-Length', b'762'), (b'Connection', b'keep-alive'), (b'Strict-Transport-Security', b'max-age=31536000; includeSubDomains; preload'), (b'Access-Control-Allow-Origin', b'*'), (b'Access-Control-Allow-Methods', b'GET, POST, OPTIONS'), (b'Access-Control-Expose-Headers', b'Content-Length,Content-Type,Date,Server,Connection')])
2025-07-30 15:05:13,982 - httpx - INFO - HTTP Request: POST https://api.telegram.org/bot7467098350:AAHi4AZA_smJ3pzkIfft45iY7RzOKjbbYCw/sendMessage "HTTP/1.1 200 OK"
2025-07-30 15:05:13,983 - httpcore.http11 - DEBUG - receive_response_body.started request=<Request [b'POST']>
2025-07-30 15:05:13,983 - httpcore.http11 - DEBUG - receive_response_body.complete
2025-07-30 15:05:13,983 - httpcore.http11 - DEBUG - response_closed.started
2025-07-30 15:05:13,983 - httpcore.http11 - DEBUG - response_closed.complete
2025-07-30 15:05:13,983 - telegram.Bot - DEBUG - Call to Bot API endpoint `sendMessage` finished with return value `{'message_id': 203364, 'from': {'id': 7467098350, 'is_bot': True, 'first_name': '0351-MyCar-bot', 'username': 'MyCar_vochi_bot'}, 'chat': {'id': 374573193, 'first_name': 'Vochi-CRM', 'last_name': 'Баевский Евгений', 'username': 'VochiCRM', 'type': 'private'}, 'date': 1753887913, 'text': '🔄 Восстановленный неуспешный внутренний звонок\n☎️➡️\n☎️Номер не определен'}`
2025-07-30 15:05:13,983 - download - INFO - ✅ Отправлено Telegram сообщение для 1753887755.12418 в чат 374573193
2025-07-30 15:05:13,985 - download - INFO - 📱 Telegram уведомление отправлено для 1753887755.12418
2025-07-30 15:05:13,986 - download - INFO - Обрабатываю событие 1753887755.12418
2025-07-30 15:05:13,986 - download - INFO - Событие 1753887755.12418 уже есть в БД
2025-07-30 15:05:13,987 - download - INFO - Обрабатываю событие 1753887756.12421
2025-07-30 15:05:13,997 - download - INFO - ✅ Создана recovery запись call_id=218761 для 1753887756.12421
2025-07-30 15:05:13,997 - download - INFO - 🔗 UUID ссылка: https://bot.vochi.by/recordings/file/f85ef581-a07a-4484-81ae-8e93713df720
2025-07-30 15:05:14,008 - telegram.Bot - DEBUG - Set Bot API URL: https://api.telegram.org/bot7467098350:AAHi4AZA_smJ3pzkIfft45iY7RzOKjbbYCw
2025-07-30 15:05:14,008 - telegram.Bot - DEBUG - Set Bot API File URL: https://api.telegram.org/file/bot7467098350:AAHi4AZA_smJ3pzkIfft45iY7RzOKjbbYCw
2025-07-30 15:05:14,075 - telegram.Bot - DEBUG - Calling Bot API endpoint `sendMessage` with parameters `{'chat_id': '374573193', 'text': '🔄 Восстановленный неуспешный внутренний звонок\n☎️➡️\n☎️Номер не определен', 'parse_mode': 'HTML'}`
2025-07-30 15:05:14,075 - httpcore.connection - DEBUG - connect_tcp.started host='api.telegram.org' port=443 local_address=None timeout=5.0 socket_options=None
2025-07-30 15:05:14,093 - httpcore.connection - DEBUG - connect_tcp.complete return_value=<httpcore._backends.anyio.AnyIOStream object at 0x7fbe702f9b70>
2025-07-30 15:05:14,093 - httpcore.connection - DEBUG - start_tls.started ssl_context=<ssl.SSLContext object at 0x7fbe702860c0> server_hostname='api.telegram.org' timeout=5.0
2025-07-30 15:05:14,108 - httpcore.connection - DEBUG - start_tls.complete return_value=<httpcore._backends.anyio.AnyIOStream object at 0x7fbe702f9de0>
2025-07-30 15:05:14,108 - httpcore.http11 - DEBUG - send_request_headers.started request=<Request [b'POST']>
2025-07-30 15:05:14,109 - httpcore.http11 - DEBUG - send_request_headers.complete
2025-07-30 15:05:14,109 - httpcore.http11 - DEBUG - send_request_body.started request=<Request [b'POST']>
2025-07-30 15:05:14,109 - httpcore.http11 - DEBUG - send_request_body.complete
2025-07-30 15:05:14,109 - httpcore.http11 - DEBUG - receive_response_headers.started request=<Request [b'POST']>
2025-07-30 15:05:14,321 - httpcore.http11 - DEBUG - receive_response_headers.complete return_value=(b'HTTP/1.1', 200, b'OK', [(b'Server', b'nginx/1.18.0'), (b'Date', b'Wed, 30 Jul 2025 15:05:14 GMT'), (b'Content-Type', b'application/json'), (b'Content-Length', b'762'), (b'Connection', b'keep-alive'), (b'Strict-Transport-Security', b'max-age=31536000; includeSubDomains; preload'), (b'Access-Control-Allow-Origin', b'*'), (b'Access-Control-Allow-Methods', b'GET, POST, OPTIONS'), (b'Access-Control-Expose-Headers', b'Content-Length,Content-Type,Date,Server,Connection')])
2025-07-30 15:05:14,322 - httpx - INFO - HTTP Request: POST https://api.telegram.org/bot7467098350:AAHi4AZA_smJ3pzkIfft45iY7RzOKjbbYCw/sendMessage "HTTP/1.1 200 OK"
2025-07-30 15:05:14,322 - httpcore.http11 - DEBUG - receive_response_body.started request=<Request [b'POST']>
2025-07-30 15:05:14,322 - httpcore.http11 - DEBUG - receive_response_body.complete
2025-07-30 15:05:14,322 - httpcore.http11 - DEBUG - response_closed.started
2025-07-30 15:05:14,322 - httpcore.http11 - DEBUG - response_closed.complete
2025-07-30 15:05:14,323 - telegram.Bot - DEBUG - Call to Bot API endpoint `sendMessage` finished with return value `{'message_id': 203365, 'from': {'id': 7467098350, 'is_bot': True, 'first_name': '0351-MyCar-bot', 'username': 'MyCar_vochi_bot'}, 'chat': {'id': 374573193, 'first_name': 'Vochi-CRM', 'last_name': 'Баевский Евгений', 'username': 'VochiCRM', 'type': 'private'}, 'date': 1753887914, 'text': '🔄 Восстановленный неуспешный внутренний звонок\n☎️➡️\n☎️Номер не определен'}`
2025-07-30 15:05:14,323 - download - INFO - ✅ Отправлено Telegram сообщение для 1753887756.12421 в чат 374573193
2025-07-30 15:05:14,324 - download - INFO - 📱 Telegram уведомление отправлено для 1753887756.12421
2025-07-30 15:05:14,330 - download - INFO - Обрабатываю событие 1753887756.12421
2025-07-30 15:05:14,330 - download - INFO - Событие 1753887756.12421 уже есть в БД
2025-07-30 15:05:14,340 - download - INFO - Синхронизация live событий для 0351 завершена: 2 новых событий
2025-07-30 15:05:14,340 - download - INFO - Начинаю синхронизацию live событий для предприятия 0353
2025-07-30 15:05:15,605 - download - INFO - Найдено 0 неуспешных событий hangup для 0353
2025-07-30 15:05:15,605 - download - INFO - Синхронизация live событий для 0353 завершена: 0 новых событий
2025-07-30 15:05:15,605 - download - INFO - Начинаю синхронизацию live событий для предприятия 0354
2025-07-30 15:05:16,784 - download - INFO - Найдено 15 неуспешных событий hangup для 0354
2025-07-30 15:05:16,794 - download - INFO - Обрабатываю событие 1753861771.126
2025-07-30 15:05:16,797 - download - INFO - Событие 1753861771.126 уже есть в БД
2025-07-30 15:05:16,797 - download - INFO - Обрабатываю событие 1753861771.126
2025-07-30 15:05:16,798 - download - INFO - Событие 1753861771.126 уже есть в БД
2025-07-30 15:05:16,799 - download - INFO - Обрабатываю событие 1753870701.332
2025-07-30 15:05:16,799 - download - INFO - Событие 1753870701.332 уже есть в БД
2025-07-30 15:05:16,799 - download - INFO - Обрабатываю событие 1753870701.332
2025-07-30 15:05:16,800 - download - INFO - Событие 1753870701.332 уже есть в БД
2025-07-30 15:05:16,800 - download - INFO - Обрабатываю событие 1753883005.602
2025-07-30 15:05:16,801 - download - INFO - Событие 1753883005.602 уже есть в БД
2025-07-30 15:05:16,801 - download - INFO - Обрабатываю событие 1753883005.602
2025-07-30 15:05:16,801 - download - INFO - Событие 1753883005.602 уже есть в БД
2025-07-30 15:05:16,802 - download - INFO - Обрабатываю событие 1753882996.600
2025-07-30 15:05:16,802 - download - INFO - Событие 1753882996.600 уже есть в БД
2025-07-30 15:05:16,803 - download - INFO - Обрабатываю событие 1753882996.600
2025-07-30 15:05:16,803 - download - INFO - Событие 1753882996.600 уже есть в БД
2025-07-30 15:05:16,803 - download - INFO - Обрабатываю событие 1753883047.606
2025-07-30 15:05:16,804 - download - INFO - Событие 1753883047.606 уже есть в БД
2025-07-30 15:05:16,804 - download - INFO - Обрабатываю событие 1753883047.606
2025-07-30 15:05:16,805 - download - INFO - Событие 1753883047.606 уже есть в БД
2025-07-30 15:05:16,805 - download - INFO - Обрабатываю событие 1753883367.613
2025-07-30 15:05:16,805 - download - INFO - Событие 1753883367.613 уже есть в БД
2025-07-30 15:05:16,806 - download - INFO - Обрабатываю событие 1753883367.613
2025-07-30 15:05:16,806 - download - INFO - Событие 1753883367.613 уже есть в БД
2025-07-30 15:05:16,807 - download - INFO - Обрабатываю событие 1753884596.637
2025-07-30 15:05:16,807 - download - INFO - Событие 1753884596.637 уже есть в БД
2025-07-30 15:05:16,807 - download - INFO - Обрабатываю событие 1753884859.641
2025-07-30 15:05:16,808 - download - INFO - Событие 1753884859.641 уже есть в БД
2025-07-30 15:05:16,809 - download - INFO - Обрабатываю событие 1753884859.641
2025-07-30 15:05:16,810 - download - INFO - Событие 1753884859.641 уже есть в БД
2025-07-30 15:05:16,825 - download - INFO - Синхронизация live событий для 0354 завершена: 0 новых событий
2025-07-30 15:05:16,826 - download - INFO - Начинаю синхронизацию live событий для предприятия 0356
2025-07-30 15:05:17,939 - download - INFO - Найдено 29 неуспешных событий hangup для 0356
2025-07-30 15:05:17,945 - download - INFO - Обрабатываю событие 1753863657.553
2025-07-30 15:05:17,947 - download - INFO - Событие 1753863657.553 уже есть в БД
2025-07-30 15:05:17,947 - download - INFO - Обрабатываю событие 1753863657.553
2025-07-30 15:05:17,948 - download - INFO - Событие 1753863657.553 уже есть в БД
2025-07-30 15:05:17,948 - download - INFO - Обрабатываю событие 1753871753.1128
2025-07-30 15:05:17,948 - download - INFO - Событие 1753871753.1128 уже есть в БД
2025-07-30 15:05:17,948 - download - INFO - Обрабатываю событие 1753871753.1128
2025-07-30 15:05:17,949 - download - INFO - Событие 1753871753.1128 уже есть в БД
2025-07-30 15:05:17,949 - download - INFO - Обрабатываю событие 1753872456.1134
2025-07-30 15:05:17,949 - download - INFO - Событие 1753872456.1134 уже есть в БД
2025-07-30 15:05:17,949 - download - INFO - Обрабатываю событие 1753872456.1134
2025-07-30 15:05:17,950 - download - INFO - Событие 1753872456.1134 уже есть в БД
2025-07-30 15:05:17,950 - download - INFO - Обрабатываю событие 1753873544.1158
2025-07-30 15:05:17,950 - download - INFO - Событие 1753873544.1158 уже есть в БД
2025-07-30 15:05:17,950 - download - INFO - Обрабатываю событие 1753873544.1158
2025-07-30 15:05:17,951 - download - INFO - Событие 1753873544.1158 уже есть в БД
2025-07-30 15:05:17,951 - download - INFO - Обрабатываю событие 1753876978.1443
2025-07-30 15:05:17,951 - download - INFO - Событие 1753876978.1443 уже есть в БД
2025-07-30 15:05:17,951 - download - INFO - Обрабатываю событие 1753876978.1443
2025-07-30 15:05:17,952 - download - INFO - Событие 1753876978.1443 уже есть в БД
2025-07-30 15:05:17,952 - download - INFO - Обрабатываю событие 1753876899.1418
2025-07-30 15:05:17,952 - download - INFO - Событие 1753876899.1418 уже есть в БД
2025-07-30 15:05:17,952 - download - INFO - Обрабатываю событие 1753876899.1418
2025-07-30 15:05:17,953 - download - INFO - Событие 1753876899.1418 уже есть в БД
2025-07-30 15:05:17,953 - download - INFO - Обрабатываю событие 1753877013.1460
2025-07-30 15:05:17,953 - download - INFO - Событие 1753877013.1460 уже есть в БД
2025-07-30 15:05:17,954 - download - INFO - Обрабатываю событие 1753877013.1460
2025-07-30 15:05:17,954 - download - INFO - Событие 1753877013.1460 уже есть в БД
2025-07-30 15:05:17,954 - download - INFO - Обрабатываю событие 1753878459.1507
2025-07-30 15:05:17,955 - download - INFO - Событие 1753878459.1507 уже есть в БД
2025-07-30 15:05:17,955 - download - INFO - Обрабатываю событие 1753882971.1735
2025-07-30 15:05:17,955 - download - INFO - Событие 1753882971.1735 уже есть в БД
2025-07-30 15:05:17,956 - download - INFO - Обрабатываю событие 1753882971.1735
2025-07-30 15:05:17,956 - download - INFO - Событие 1753882971.1735 уже есть в БД
2025-07-30 15:05:17,956 - download - INFO - Обрабатываю событие 1753885541.1853
2025-07-30 15:05:17,957 - download - INFO - Событие 1753885541.1853 уже есть в БД
2025-07-30 15:05:17,957 - download - INFO - Обрабатываю событие 1753885753.1858
2025-07-30 15:05:17,958 - download - INFO - Событие 1753885753.1858 уже есть в БД
2025-07-30 15:05:17,958 - download - INFO - Обрабатываю событие 1753885847.1863
2025-07-30 15:05:17,958 - download - INFO - Событие 1753885847.1863 уже есть в БД
2025-07-30 15:05:17,958 - download - INFO - Обрабатываю событие 1753885821.1861
2025-07-30 15:05:17,959 - download - INFO - Событие 1753885821.1861 уже есть в БД
2025-07-30 15:05:17,959 - download - INFO - Обрабатываю событие 1753885920.1866
2025-07-30 15:05:17,959 - download - INFO - Событие 1753885920.1866 уже есть в БД
2025-07-30 15:05:17,959 - download - INFO - Обрабатываю событие 1753885920.1866
2025-07-30 15:05:17,960 - download - INFO - Событие 1753885920.1866 уже есть в БД
2025-07-30 15:05:17,960 - download - INFO - Обрабатываю событие 1753886101.1869
2025-07-30 15:05:17,961 - download - INFO - Событие 1753886101.1869 уже есть в БД
2025-07-30 15:05:17,961 - download - INFO - Обрабатываю событие 1753886101.1869
2025-07-30 15:05:17,961 - download - INFO - Событие 1753886101.1869 уже есть в БД
2025-07-30 15:05:17,961 - download - INFO - Обрабатываю событие 1753886210.1882
2025-07-30 15:05:17,962 - download - INFO - Событие 1753886210.1882 уже есть в БД
2025-07-30 15:05:17,962 - download - INFO - Обрабатываю событие 1753886210.1882
2025-07-30 15:05:17,962 - download - INFO - Событие 1753886210.1882 уже есть в БД
2025-07-30 15:05:17,963 - download - INFO - Обрабатываю событие 1753886280.1888
2025-07-30 15:05:17,963 - download - INFO - Событие 1753886280.1888 уже есть в БД
2025-07-30 15:05:17,963 - download - INFO - Обрабатываю событие 1753886280.1888
2025-07-30 15:05:17,963 - download - INFO - Событие 1753886280.1888 уже есть в БД
2025-07-30 15:05:17,976 - download - INFO - Синхронизация live событий для 0356 завершена: 0 новых событий
2025-07-30 15:05:17,976 - download - INFO - Начинаю синхронизацию live событий для предприятия 0357
2025-07-30 15:05:19,272 - download - INFO - Найдено 0 неуспешных событий hangup для 0357
2025-07-30 15:05:19,273 - download - INFO - Синхронизация live событий для 0357 завершена: 0 новых событий
2025-07-30 15:05:19,273 - download - INFO - Начинаю синхронизацию live событий для предприятия 0358
2025-07-30 15:05:20,320 - download - INFO - Найдено 9 неуспешных событий hangup для 0358
2025-07-30 15:05:20,328 - download - INFO - Обрабатываю событие 1753876954.21
2025-07-30 15:05:20,329 - download - INFO - Событие 1753876954.21 уже есть в БД
2025-07-30 15:05:20,330 - download - INFO - Обрабатываю событие 1753876954.21
2025-07-30 15:05:20,330 - download - INFO - Событие 1753876954.21 уже есть в БД
2025-07-30 15:05:20,330 - download - INFO - Обрабатываю событие 1753878651.39
2025-07-30 15:05:20,331 - download - INFO - Событие 1753878651.39 уже есть в БД
2025-07-30 15:05:20,331 - download - INFO - Обрабатываю событие 1753878651.39
2025-07-30 15:05:20,331 - download - INFO - Событие 1753878651.39 уже есть в БД
2025-07-30 15:05:20,331 - download - INFO - Обрабатываю событие 1753883069.55
2025-07-30 15:05:20,331 - download - INFO - Событие 1753883069.55 уже есть в БД
2025-07-30 15:05:20,331 - download - INFO - Обрабатываю событие 1753883069.55
2025-07-30 15:05:20,331 - download - INFO - Событие 1753883069.55 уже есть в БД
2025-07-30 15:05:20,332 - download - INFO - Обрабатываю событие 1753887711.66
2025-07-30 15:05:20,332 - download - INFO - Событие 1753887711.66 уже есть в БД
2025-07-30 15:05:20,332 - download - INFO - Обрабатываю событие 1753887711.66
2025-07-30 15:05:20,332 - download - INFO - Событие 1753887711.66 уже есть в БД
2025-07-30 15:05:20,332 - download - INFO - Обрабатываю событие 1753887695.64
2025-07-30 15:05:20,352 - download - INFO - ✅ Создана recovery запись call_id=218762 для 1753887695.64
2025-07-30 15:05:20,352 - download - INFO - 🔗 UUID ссылка: https://bot.vochi.by/recordings/file/c0660653-4cba-44c4-bab6-c6a878fe7596
2025-07-30 15:05:20,363 - telegram.Bot - DEBUG - Set Bot API URL: https://api.telegram.org/bot7895024949:AAGj7E6_ZYQ8yJ4uRW3SVmJYwCP3OAI6v3I
2025-07-30 15:05:20,363 - telegram.Bot - DEBUG - Set Bot API File URL: https://api.telegram.org/file/bot7895024949:AAGj7E6_ZYQ8yJ4uRW3SVmJYwCP3OAI6v3I
2025-07-30 15:05:20,501 - telegram.Bot - DEBUG - Calling Bot API endpoint `sendMessage` with parameters `{'chat_id': '7757573720', 'text': '🔄 Восстановленный пропущенный входящий\n💰+375296791069\nЛиния: 0001363\n⏰Начало звонка 18:01\n⌛ Дозванивался: 01:30', 'parse_mode': 'HTML'}`
2025-07-30 15:05:20,502 - httpcore.connection - DEBUG - connect_tcp.started host='api.telegram.org' port=443 local_address=None timeout=5.0 socket_options=None
2025-07-30 15:05:20,519 - httpcore.connection - DEBUG - connect_tcp.complete return_value=<httpcore._backends.anyio.AnyIOStream object at 0x7fbe702f88b0>
2025-07-30 15:05:20,519 - httpcore.connection - DEBUG - start_tls.started ssl_context=<ssl.SSLContext object at 0x7fbe70285cc0> server_hostname='api.telegram.org' timeout=5.0
2025-07-30 15:05:20,534 - httpcore.connection - DEBUG - start_tls.complete return_value=<httpcore._backends.anyio.AnyIOStream object at 0x7fbe702f8700>
2025-07-30 15:05:20,535 - httpcore.http11 - DEBUG - send_request_headers.started request=<Request [b'POST']>
2025-07-30 15:05:20,535 - httpcore.http11 - DEBUG - send_request_headers.complete
2025-07-30 15:05:20,535 - httpcore.http11 - DEBUG - send_request_body.started request=<Request [b'POST']>
2025-07-30 15:05:20,536 - httpcore.http11 - DEBUG - send_request_body.complete
2025-07-30 15:05:20,536 - httpcore.http11 - DEBUG - receive_response_headers.started request=<Request [b'POST']>
2025-07-30 15:05:20,578 - httpcore.http11 - DEBUG - receive_response_headers.complete return_value=(b'HTTP/1.1', 200, b'OK', [(b'Server', b'nginx/1.18.0'), (b'Date', b'Wed, 30 Jul 2025 15:05:20 GMT'), (b'Content-Type', b'application/json'), (b'Content-Length', b'767'), (b'Connection', b'keep-alive'), (b'Strict-Transport-Security', b'max-age=31536000; includeSubDomains; preload'), (b'Access-Control-Allow-Origin', b'*'), (b'Access-Control-Allow-Methods', b'GET, POST, OPTIONS'), (b'Access-Control-Expose-Headers', b'Content-Length,Content-Type,Date,Server,Connection')])
2025-07-30 15:05:20,578 - httpx - INFO - HTTP Request: POST https://api.telegram.org/bot7895024949:AAGj7E6_ZYQ8yJ4uRW3SVmJYwCP3OAI6v3I/sendMessage "HTTP/1.1 200 OK"
2025-07-30 15:05:20,579 - httpcore.http11 - DEBUG - receive_response_body.started request=<Request [b'POST']>
2025-07-30 15:05:20,579 - httpcore.http11 - DEBUG - receive_response_body.complete
2025-07-30 15:05:20,579 - httpcore.http11 - DEBUG - response_closed.started
2025-07-30 15:05:20,579 - httpcore.http11 - DEBUG - response_closed.complete
2025-07-30 15:05:20,580 - telegram.Bot - DEBUG - Call to Bot API endpoint `sendMessage` finished with return value `{'message_id': 2275, 'from': {'id': 7895024949, 'is_bot': True, 'first_name': '0358-Silvano-bot', 'username': 'silvano_vochi_bot'}, 'chat': {'id': 7757573720, 'first_name': 'VochiBotServer#3', 'type': 'private'}, 'date': 1753887920, 'text': '🔄 Восстановленный пропущенный входящий\n💰+375296791069\nЛиния: 0001363\n⏰Начало звонка 18:01\n⌛ Дозванивался: 01:30', 'entities': [{'offset': 42, 'length': 13, 'type': 'phone_number'}]}`
2025-07-30 15:05:20,580 - download - INFO - ✅ Отправлено Telegram сообщение для 1753887695.64 в чат 7757573720
2025-07-30 15:05:20,582 - download - INFO - 📱 Telegram уведомление отправлено для 1753887695.64
2025-07-30 15:05:20,595 - download - INFO - Синхронизация live событий для 0358 завершена: 1 новых событий
2025-07-30 15:05:20,595 - download - INFO - Начинаю синхронизацию live событий для предприятия 0360
2025-07-30 15:05:21,934 - download - ERROR - Ошибка выполнения команды: Error: no such table: AlternativeAPIlogs

2025-07-30 15:05:21,934 - download - INFO - Найдено 0 неуспешных событий hangup для 0360
2025-07-30 15:05:21,934 - download - INFO - Синхронизация live событий для 0360 завершена: 0 новых событий
2025-07-30 15:05:21,935 - download - INFO - Начинаю синхронизацию live событий для предприятия 0361
2025-07-30 15:05:23,418 - download - INFO - Найдено 3 неуспешных событий hangup для 0361
2025-07-30 15:05:23,425 - download - INFO - Обрабатываю событие 1753885185.11
2025-07-30 15:05:23,426 - download - INFO - Событие 1753885185.11 уже есть в БД
2025-07-30 15:05:23,426 - download - INFO - Обрабатываю событие 1753885185.11
2025-07-30 15:05:23,427 - download - INFO - Событие 1753885185.11 уже есть в БД
2025-07-30 15:05:23,427 - download - INFO - Обрабатываю событие 1753885779.17
2025-07-30 15:05:23,427 - download - INFO - Событие 1753885779.17 уже есть в БД
2025-07-30 15:05:23,443 - download - INFO - Синхронизация live событий для 0361 завершена: 0 новых событий
2025-07-30 15:05:23,444 - download - INFO - Начинаю синхронизацию live событий для предприятия 0362
2025-07-30 15:05:24,757 - download - INFO - Найдено 13 неуспешных событий hangup для 0362
2025-07-30 15:05:24,765 - download - INFO - Обрабатываю событие 1753870783.177
2025-07-30 15:05:24,768 - download - INFO - Событие 1753870783.177 уже есть в БД
2025-07-30 15:05:24,768 - download - INFO - Обрабатываю событие 1753870783.177
2025-07-30 15:05:24,768 - download - INFO - Событие 1753870783.177 уже есть в БД
2025-07-30 15:05:24,768 - download - INFO - Обрабатываю событие 1753872409.196
2025-07-30 15:05:24,768 - download - INFO - Событие 1753872409.196 уже есть в БД
2025-07-30 15:05:24,768 - download - INFO - Обрабатываю событие 1753872409.196
2025-07-30 15:05:24,769 - download - INFO - Событие 1753872409.196 уже есть в БД
2025-07-30 15:05:24,769 - download - INFO - Обрабатываю событие 1753873499.204
2025-07-30 15:05:24,769 - download - INFO - Событие 1753873499.204 уже есть в БД
2025-07-30 15:05:24,769 - download - INFO - Обрабатываю событие 1753873499.204
2025-07-30 15:05:24,769 - download - INFO - Событие 1753873499.204 уже есть в БД
2025-07-30 15:05:24,769 - download - INFO - Обрабатываю событие 1753873630.207
2025-07-30 15:05:24,770 - download - INFO - Событие 1753873630.207 уже есть в БД
2025-07-30 15:05:24,770 - download - INFO - Обрабатываю событие 1753878518.300
2025-07-30 15:05:24,770 - download - INFO - Событие 1753878518.300 уже есть в БД
2025-07-30 15:05:24,770 - download - INFO - Обрабатываю событие 1753878518.300
2025-07-30 15:05:24,770 - download - INFO - Событие 1753878518.300 уже есть в БД
2025-07-30 15:05:24,770 - download - INFO - Обрабатываю событие 1753883400.356
2025-07-30 15:05:24,771 - download - INFO - Событие 1753883400.356 уже есть в БД
2025-07-30 15:05:24,771 - download - INFO - Обрабатываю событие 1753883400.356
2025-07-30 15:05:24,771 - download - INFO - Событие 1753883400.356 уже есть в БД
2025-07-30 15:05:24,771 - download - INFO - Обрабатываю событие 1753885594.377
2025-07-30 15:05:24,771 - download - INFO - Событие 1753885594.377 уже есть в БД
2025-07-30 15:05:24,771 - download - INFO - Обрабатываю событие 1753885783.380
2025-07-30 15:05:24,772 - download - INFO - Событие 1753885783.380 уже есть в БД
2025-07-30 15:05:24,781 - download - INFO - Синхронизация live событий для 0362 завершена: 0 новых событий
2025-07-30 15:05:24,782 - download - INFO - Начинаю синхронизацию live событий для предприятия 0363
2025-07-30 15:05:26,083 - download - INFO - Найдено 2 неуспешных событий hangup для 0363
2025-07-30 15:05:26,091 - download - INFO - Обрабатываю событие 1753883364.151
2025-07-30 15:05:26,093 - download - INFO - Событие 1753883364.151 уже есть в БД
2025-07-30 15:05:26,093 - download - INFO - Обрабатываю событие 1753883364.151
2025-07-30 15:05:26,093 - download - INFO - Событие 1753883364.151 уже есть в БД
2025-07-30 15:05:26,103 - download - INFO - Синхронизация live событий для 0363 завершена: 0 новых событий
2025-07-30 15:05:26,104 - download - INFO - Начинаю синхронизацию live событий для предприятия 0367
2025-07-30 15:05:27,315 - download - INFO - Найдено 0 неуспешных событий hangup для 0367
2025-07-30 15:05:27,315 - download - INFO - Синхронизация live событий для 0367 завершена: 0 новых событий
2025-07-30 15:05:27,315 - download - INFO - Начинаю синхронизацию live событий для предприятия 0368
2025-07-30 15:05:28,468 - download - INFO - Найдено 6 неуспешных событий hangup для 0368
2025-07-30 15:05:28,477 - download - INFO - Обрабатываю событие 1753870607.69
2025-07-30 15:05:28,479 - download - INFO - Событие 1753870607.69 уже есть в БД
2025-07-30 15:05:28,479 - download - INFO - Обрабатываю событие 1753870607.69
2025-07-30 15:05:28,480 - download - INFO - Событие 1753870607.69 уже есть в БД
2025-07-30 15:05:28,480 - download - INFO - Обрабатываю событие 1753873428.75
2025-07-30 15:05:28,480 - download - INFO - Событие 1753873428.75 уже есть в БД
2025-07-30 15:05:28,480 - download - INFO - Обрабатываю событие 1753873428.75
2025-07-30 15:05:28,481 - download - INFO - Событие 1753873428.75 уже есть в БД
2025-07-30 15:05:28,481 - download - INFO - Обрабатываю событие 1753880919.78
2025-07-30 15:05:28,481 - download - INFO - Событие 1753880919.78 уже есть в БД
2025-07-30 15:05:28,482 - download - INFO - Обрабатываю событие 1753881605.90
2025-07-30 15:05:28,482 - download - INFO - Событие 1753881605.90 уже есть в БД
2025-07-30 15:05:28,494 - download - INFO - Синхронизация live событий для 0368 завершена: 0 новых событий
2025-07-30 15:05:28,494 - download - INFO - Начинаю синхронизацию live событий для предприятия 0370
2025-07-30 15:05:29,772 - download - INFO - Найдено 0 неуспешных событий hangup для 0370
2025-07-30 15:05:29,772 - download - INFO - Синхронизация live событий для 0370 завершена: 0 новых событий
2025-07-30 15:05:29,772 - download - INFO - Начинаю синхронизацию live событий для предприятия 0371
2025-07-30 15:05:31,012 - download - INFO - Найдено 0 неуспешных событий hangup для 0371
2025-07-30 15:05:31,013 - download - INFO - Синхронизация live событий для 0371 завершена: 0 новых событий
2025-07-30 15:05:31,013 - download - INFO - Начинаю синхронизацию live событий для предприятия 0373
2025-07-30 15:05:32,497 - download - INFO - Найдено 1 неуспешных событий hangup для 0373
2025-07-30 15:05:32,506 - download - INFO - Обрабатываю событие 1753875083.109
2025-07-30 15:05:32,510 - download - INFO - Событие 1753875083.109 уже есть в БД
2025-07-30 15:05:32,521 - download - INFO - Синхронизация live событий для 0373 завершена: 0 новых событий
2025-07-30 15:05:32,522 - download - INFO - Начинаю синхронизацию live событий для предприятия 0376
2025-07-30 15:05:33,798 - download - INFO - Найдено 13 неуспешных событий hangup для 0376
2025-07-30 15:05:33,811 - download - INFO - Обрабатываю событие 1753870744.382
2025-07-30 15:05:33,812 - download - INFO - Событие 1753870744.382 уже есть в БД
2025-07-30 15:05:33,813 - download - INFO - Обрабатываю событие 1753870744.382
2025-07-30 15:05:33,813 - download - INFO - Событие 1753870744.382 уже есть в БД
2025-07-30 15:05:33,813 - download - INFO - Обрабатываю событие 1753870768.384
2025-07-30 15:05:33,814 - download - INFO - Событие 1753870768.384 уже есть в БД
2025-07-30 15:05:33,814 - download - INFO - Обрабатываю событие 1753870768.384
2025-07-30 15:05:33,814 - download - INFO - Событие 1753870768.384 уже есть в БД
2025-07-30 15:05:33,814 - download - INFO - Обрабатываю событие 1753871246.397
2025-07-30 15:05:33,815 - download - INFO - Событие 1753871246.397 уже есть в БД
2025-07-30 15:05:33,815 - download - INFO - Обрабатываю событие 1753871802.411
2025-07-30 15:05:33,815 - download - INFO - Событие 1753871802.411 уже есть в БД
2025-07-30 15:05:33,816 - download - INFO - Обрабатываю событие 1753871802.411
2025-07-30 15:05:33,816 - download - INFO - Событие 1753871802.411 уже есть в БД
2025-07-30 15:05:33,816 - download - INFO - Обрабатываю событие 1753873403.432
2025-07-30 15:05:33,817 - download - INFO - Событие 1753873403.432 уже есть в БД
2025-07-30 15:05:33,817 - download - INFO - Обрабатываю событие 1753873403.432
2025-07-30 15:05:33,817 - download - INFO - Событие 1753873403.432 уже есть в БД
2025-07-30 15:05:33,817 - download - INFO - Обрабатываю событие 1753878538.548
2025-07-30 15:05:33,818 - download - INFO - Событие 1753878538.548 уже есть в БД
2025-07-30 15:05:33,818 - download - INFO - Обрабатываю событие 1753878538.548
2025-07-30 15:05:33,818 - download - INFO - Событие 1753878538.548 уже есть в БД
2025-07-30 15:05:33,818 - download - INFO - Обрабатываю событие 1753882962.585
2025-07-30 15:05:33,819 - download - INFO - Событие 1753882962.585 уже есть в БД
2025-07-30 15:05:33,819 - download - INFO - Обрабатываю событие 1753882962.585
2025-07-30 15:05:33,819 - download - INFO - Событие 1753882962.585 уже есть в БД
2025-07-30 15:05:33,830 - download - INFO - Синхронизация live событий для 0376 завершена: 0 новых событий
2025-07-30 15:05:33,830 - download - INFO - Начинаю синхронизацию live событий для предприятия 0378
2025-07-30 15:05:35,115 - download - INFO - Найдено 8 неуспешных событий hangup для 0378
2025-07-30 15:05:35,125 - download - INFO - Обрабатываю событие 1753861892.78
2025-07-30 15:05:35,126 - download - INFO - Событие 1753861892.78 уже есть в БД
2025-07-30 15:05:35,126 - download - INFO - Обрабатываю событие 1753861892.78
2025-07-30 15:05:35,127 - download - INFO - Событие 1753861892.78 уже есть в БД
2025-07-30 15:05:35,127 - download - INFO - Обрабатываю событие 1753862701.94
2025-07-30 15:05:35,127 - download - INFO - Событие 1753862701.94 уже есть в БД
2025-07-30 15:05:35,127 - download - INFO - Обрабатываю событие 1753862776.99
2025-07-30 15:05:35,128 - download - INFO - Событие 1753862776.99 уже есть в БД
2025-07-30 15:05:35,128 - download - INFO - Обрабатываю событие 1753865007.108
2025-07-30 15:05:35,128 - download - INFO - Событие 1753865007.108 уже есть в БД
2025-07-30 15:05:35,128 - download - INFO - Обрабатываю событие 1753869960.163
2025-07-30 15:05:35,129 - download - INFO - Событие 1753869960.163 уже есть в БД
2025-07-30 15:05:35,129 - download - INFO - Обрабатываю событие 1753870993.172
2025-07-30 15:05:35,129 - download - INFO - Событие 1753870993.172 уже есть в БД
2025-07-30 15:05:35,129 - download - INFO - Обрабатываю событие 1753873507.186
2025-07-30 15:05:35,130 - download - INFO - Событие 1753873507.186 уже есть в БД
2025-07-30 15:05:35,141 - download - INFO - Синхронизация live событий для 0378 завершена: 0 новых событий
2025-07-30 15:05:35,142 - download - INFO - Начинаю синхронизацию live событий для предприятия 0379
2025-07-30 15:05:36,315 - download - INFO - Найдено 2 неуспешных событий hangup для 0379
2025-07-30 15:05:36,323 - download - INFO - Обрабатываю событие 1753885986.40
2025-07-30 15:05:36,325 - download - INFO - Событие 1753885986.40 уже есть в БД
2025-07-30 15:05:36,325 - download - INFO - Обрабатываю событие 1753885986.40
2025-07-30 15:05:36,325 - download - INFO - Событие 1753885986.40 уже есть в БД
2025-07-30 15:05:36,337 - download - INFO - Синхронизация live событий для 0379 завершена: 0 новых событий
2025-07-30 15:05:36,337 - download - INFO - Начинаю синхронизацию live событий для предприятия 0380
2025-07-30 15:05:37,569 - download - INFO - Найдено 7 неуспешных событий hangup для 0380
2025-07-30 15:05:37,576 - download - INFO - Обрабатываю событие 1753861810.59
2025-07-30 15:05:37,577 - download - INFO - Событие 1753861810.59 уже есть в БД
2025-07-30 15:05:37,578 - download - INFO - Обрабатываю событие 1753861810.59
2025-07-30 15:05:37,578 - download - INFO - Событие 1753861810.59 уже есть в БД
2025-07-30 15:05:37,578 - download - INFO - Обрабатываю событие 1753871904.119
2025-07-30 15:05:37,578 - download - INFO - Событие 1753871904.119 уже есть в БД
2025-07-30 15:05:37,578 - download - INFO - Обрабатываю событие 1753871904.119
2025-07-30 15:05:37,579 - download - INFO - Событие 1753871904.119 уже есть в БД
2025-07-30 15:05:37,579 - download - INFO - Обрабатываю событие 1753872451.138
2025-07-30 15:05:37,579 - download - INFO - Событие 1753872451.138 уже есть в БД
2025-07-30 15:05:37,579 - download - INFO - Обрабатываю событие 1753872451.138
2025-07-30 15:05:37,580 - download - INFO - Событие 1753872451.138 уже есть в БД
2025-07-30 15:05:37,580 - download - INFO - Обрабатываю событие 1753874433.144
2025-07-30 15:05:37,580 - download - INFO - Событие 1753874433.144 уже есть в БД
2025-07-30 15:05:37,590 - download - INFO - Синхронизация live событий для 0380 завершена: 0 новых событий
2025-07-30 15:05:37,591 - download - INFO - Начинаю синхронизацию live событий для предприятия 0381
2025-07-30 15:05:54,423 - download - INFO - Найдено 0 неуспешных событий hangup для 0381
2025-07-30 15:05:54,423 - download - INFO - Синхронизация live событий для 0381 завершена: 0 новых событий
2025-07-30 15:05:54,423 - download - INFO - Начинаю синхронизацию live событий для предприятия 0385
2025-07-30 15:05:55,741 - download - INFO - Найдено 20 неуспешных событий hangup для 0385
2025-07-30 15:05:55,748 - download - INFO - Обрабатываю событие 1753873423.212
2025-07-30 15:05:55,749 - download - INFO - Событие 1753873423.212 уже есть в БД
2025-07-30 15:05:55,750 - download - INFO - Обрабатываю событие 1753873423.212
2025-07-30 15:05:55,750 - download - INFO - Событие 1753873423.212 уже есть в БД
2025-07-30 15:05:55,750 - download - INFO - Обрабатываю событие 1753873445.215
2025-07-30 15:05:55,751 - download - INFO - Событие 1753873445.215 уже есть в БД
2025-07-30 15:05:55,751 - download - INFO - Обрабатываю событие 1753873445.215
2025-07-30 15:05:55,751 - download - INFO - Событие 1753873445.215 уже есть в БД
2025-07-30 15:05:55,751 - download - INFO - Обрабатываю событие 1753876789.260
2025-07-30 15:05:55,752 - download - INFO - Событие 1753876789.260 уже есть в БД
2025-07-30 15:05:55,752 - download - INFO - Обрабатываю событие 1753876789.260
2025-07-30 15:05:55,752 - download - INFO - Событие 1753876789.260 уже есть в БД
2025-07-30 15:05:55,752 - download - INFO - Обрабатываю событие 1753883106.361
2025-07-30 15:05:55,752 - download - INFO - Событие 1753883106.361 уже есть в БД
2025-07-30 15:05:55,753 - download - INFO - Обрабатываю событие 1753883106.361
2025-07-30 15:05:55,763 - download - INFO - Событие 1753883106.361 уже есть в БД
2025-07-30 15:05:55,763 - download - INFO - Обрабатываю событие 1753883266.364
2025-07-30 15:05:55,764 - download - INFO - Событие 1753883266.364 уже есть в БД
2025-07-30 15:05:55,764 - download - INFO - Обрабатываю событие 1753883266.364
2025-07-30 15:05:55,764 - download - INFO - Событие 1753883266.364 уже есть в БД
2025-07-30 15:05:55,764 - download - INFO - Обрабатываю событие 1753883320.368
2025-07-30 15:05:55,765 - download - INFO - Событие 1753883320.368 уже есть в БД
2025-07-30 15:05:55,765 - download - INFO - Обрабатываю событие 1753883320.368
2025-07-30 15:05:55,765 - download - INFO - Событие 1753883320.368 уже есть в БД
2025-07-30 15:05:55,766 - download - INFO - Обрабатываю событие 1753883309.366
2025-07-30 15:05:55,767 - download - INFO - Событие 1753883309.366 уже есть в БД
2025-07-30 15:05:55,767 - download - INFO - Обрабатываю событие 1753883309.366
2025-07-30 15:05:55,767 - download - INFO - Событие 1753883309.366 уже есть в БД
2025-07-30 15:05:55,769 - download - INFO - Обрабатываю событие 1753883380.373
2025-07-30 15:05:55,770 - download - INFO - Событие 1753883380.373 уже есть в БД
2025-07-30 15:05:55,770 - download - INFO - Обрабатываю событие 1753883380.373
2025-07-30 15:05:55,771 - download - INFO - Событие 1753883380.373 уже есть в БД
2025-07-30 15:05:55,771 - download - INFO - Обрабатываю событие 1753887079.391
2025-07-30 15:05:55,771 - download - INFO - Событие 1753887079.391 уже есть в БД
2025-07-30 15:05:55,771 - download - INFO - Обрабатываю событие 1753887079.391
2025-07-30 15:05:55,771 - download - INFO - Событие 1753887079.391 уже есть в БД
2025-07-30 15:05:55,772 - download - INFO - Обрабатываю событие 1753887641.451
2025-07-30 15:05:55,772 - download - INFO - Событие 1753887641.451 уже есть в БД
2025-07-30 15:05:55,772 - download - INFO - Обрабатываю событие 1753887641.451
2025-07-30 15:05:55,772 - download - INFO - Событие 1753887641.451 уже есть в БД
2025-07-30 15:05:55,791 - download - INFO - Синхронизация live событий для 0385 завершена: 0 новых событий
2025-07-30 15:05:55,791 - download - INFO - Начинаю синхронизацию live событий для предприятия 0387
2025-07-30 15:05:57,126 - download - INFO - Найдено 7 неуспешных событий hangup для 0387
2025-07-30 15:05:57,134 - download - INFO - Обрабатываю событие 1753878784.521
2025-07-30 15:05:57,135 - download - INFO - Событие 1753878784.521 уже есть в БД
2025-07-30 15:05:57,135 - download - INFO - Обрабатываю событие 1753885184.670
2025-07-30 15:05:57,136 - download - INFO - Событие 1753885184.670 уже есть в БД
2025-07-30 15:05:57,136 - download - INFO - Обрабатываю событие 1753885184.670
2025-07-30 15:05:57,136 - download - INFO - Событие 1753885184.670 уже есть в БД
2025-07-30 15:05:57,136 - download - INFO - Обрабатываю событие 1753885772.681
2025-07-30 15:05:57,136 - download - INFO - Событие 1753885772.681 уже есть в БД
2025-07-30 15:05:57,136 - download - INFO - Обрабатываю событие 1753885772.681
2025-07-30 15:05:57,136 - download - INFO - Событие 1753885772.681 уже есть в БД
2025-07-30 15:05:57,137 - download - INFO - Обрабатываю событие 1753885871.687
2025-07-30 15:05:57,137 - download - INFO - Событие 1753885871.687 уже есть в БД
2025-07-30 15:05:57,137 - download - INFO - Обрабатываю событие 1753885871.687
2025-07-30 15:05:57,137 - download - INFO - Событие 1753885871.687 уже есть в БД
2025-07-30 15:05:57,146 - download - INFO - Синхронизация live событий для 0387 завершена: 0 новых событий
2025-07-30 15:05:57,146 - download - INFO - Начинаю синхронизацию live событий для предприятия 0388
2025-07-30 15:05:58,406 - download - INFO - Найдено 44 неуспешных событий hangup для 0388
2025-07-30 15:05:58,416 - download - INFO - Обрабатываю событие 1753857057.111
2025-07-30 15:05:58,417 - download - INFO - Событие 1753857057.111 уже есть в БД
2025-07-30 15:05:58,417 - download - INFO - Обрабатываю событие 1753864038.580
2025-07-30 15:05:58,417 - download - INFO - Событие 1753864038.580 уже есть в БД
2025-07-30 15:05:58,418 - download - INFO - Обрабатываю событие 1753864038.580
2025-07-30 15:05:58,418 - download - INFO - Событие 1753864038.580 уже есть в БД
2025-07-30 15:05:58,418 - download - INFO - Обрабатываю событие 1753864772.687
2025-07-30 15:05:58,418 - download - INFO - Событие 1753864772.687 уже есть в БД
2025-07-30 15:05:58,418 - download - INFO - Обрабатываю событие 1753866228.868
2025-07-30 15:05:58,419 - download - INFO - Событие 1753866228.868 уже есть в БД
2025-07-30 15:05:58,419 - download - INFO - Обрабатываю событие 1753866228.868
2025-07-30 15:05:58,419 - download - INFO - Событие 1753866228.868 уже есть в БД
2025-07-30 15:05:58,419 - download - INFO - Обрабатываю событие 1753871746.1116
2025-07-30 15:05:58,423 - download - INFO - Событие 1753871746.1116 уже есть в БД
2025-07-30 15:05:58,423 - download - INFO - Обрабатываю событие 1753871746.1116
2025-07-30 15:05:58,423 - download - INFO - Событие 1753871746.1116 уже есть в БД
2025-07-30 15:05:58,424 - download - INFO - Обрабатываю событие 1753873386.1215
2025-07-30 15:05:58,424 - download - INFO - Событие 1753873386.1215 уже есть в БД
2025-07-30 15:05:58,424 - download - INFO - Обрабатываю событие 1753873400.1234
2025-07-30 15:05:58,424 - download - INFO - Событие 1753873400.1234 уже есть в БД
2025-07-30 15:05:58,424 - download - INFO - Обрабатываю событие 1753873391.1225
2025-07-30 15:05:58,425 - download - INFO - Событие 1753873391.1225 уже есть в БД
2025-07-30 15:05:58,425 - download - INFO - Обрабатываю событие 1753873390.1217
2025-07-30 15:05:58,425 - download - INFO - Событие 1753873390.1217 уже есть в БД
2025-07-30 15:05:58,425 - download - INFO - Обрабатываю событие 1753878380.1732
2025-07-30 15:05:58,425 - download - INFO - Событие 1753878380.1732 уже есть в БД
2025-07-30 15:05:58,426 - download - INFO - Обрабатываю событие 1753878380.1732
2025-07-30 15:05:58,426 - download - INFO - Событие 1753878380.1732 уже есть в БД
2025-07-30 15:05:58,434 - download - INFO - Обрабатываю событие 1753878647.1757
2025-07-30 15:05:58,435 - download - INFO - Событие 1753878647.1757 уже есть в БД
2025-07-30 15:05:58,435 - download - INFO - Обрабатываю событие 1753878647.1757
2025-07-30 15:05:58,435 - download - INFO - Событие 1753878647.1757 уже есть в БД
2025-07-30 15:05:58,435 - download - INFO - Обрабатываю событие 1753883102.2153
2025-07-30 15:05:58,436 - download - INFO - Событие 1753883102.2153 уже есть в БД
2025-07-30 15:05:58,436 - download - INFO - Обрабатываю событие 1753883102.2153
2025-07-30 15:05:58,436 - download - INFO - Событие 1753883102.2153 уже есть в БД
2025-07-30 15:05:58,436 - download - INFO - Обрабатываю событие 1753883398.2167
2025-07-30 15:05:58,436 - download - INFO - Событие 1753883398.2167 уже есть в БД
2025-07-30 15:05:58,437 - download - INFO - Обрабатываю событие 1753883398.2167
2025-07-30 15:05:58,437 - download - INFO - Событие 1753883398.2167 уже есть в БД
2025-07-30 15:05:58,437 - download - INFO - Обрабатываю событие 1753883401.2170
2025-07-30 15:05:58,437 - download - INFO - Событие 1753883401.2170 уже есть в БД
2025-07-30 15:05:58,437 - download - INFO - Обрабатываю событие 1753883401.2170
2025-07-30 15:05:58,438 - download - INFO - Событие 1753883401.2170 уже есть в БД
2025-07-30 15:05:58,438 - download - INFO - Обрабатываю событие 1753883368.2159
2025-07-30 15:05:58,438 - download - INFO - Событие 1753883368.2159 уже есть в БД
2025-07-30 15:05:58,438 - download - INFO - Обрабатываю событие 1753883368.2159
2025-07-30 15:05:58,439 - download - INFO - Событие 1753883368.2159 уже есть в БД
2025-07-30 15:05:58,439 - download - INFO - Обрабатываю событие 1753884163.2261
2025-07-30 15:05:58,439 - download - INFO - Событие 1753884163.2261 уже есть в БД
2025-07-30 15:05:58,439 - download - INFO - Обрабатываю событие 1753884163.2261
2025-07-30 15:05:58,440 - download - INFO - Событие 1753884163.2261 уже есть в БД
2025-07-30 15:05:58,440 - download - INFO - Обрабатываю событие 1753884166.2264
2025-07-30 15:05:58,440 - download - INFO - Событие 1753884166.2264 уже есть в БД
2025-07-30 15:05:58,440 - download - INFO - Обрабатываю событие 1753884166.2264
2025-07-30 15:05:58,440 - download - INFO - Событие 1753884166.2264 уже есть в БД
2025-07-30 15:05:58,441 - download - INFO - Обрабатываю событие 1753884654.2329
2025-07-30 15:05:58,441 - download - INFO - Событие 1753884654.2329 уже есть в БД
2025-07-30 15:05:58,441 - download - INFO - Обрабатываю событие 1753884654.2329
2025-07-30 15:05:58,441 - download - INFO - Событие 1753884654.2329 уже есть в БД
2025-07-30 15:05:58,441 - download - INFO - Обрабатываю событие 1753884657.2332
2025-07-30 15:05:58,442 - download - INFO - Событие 1753884657.2332 уже есть в БД
2025-07-30 15:05:58,442 - download - INFO - Обрабатываю событие 1753884657.2332
2025-07-30 15:05:58,442 - download - INFO - Событие 1753884657.2332 уже есть в БД
2025-07-30 15:05:58,442 - download - INFO - Обрабатываю событие 1753885272.2393
2025-07-30 15:05:58,443 - download - INFO - Событие 1753885272.2393 уже есть в БД
2025-07-30 15:05:58,443 - download - INFO - Обрабатываю событие 1753885272.2393
2025-07-30 15:05:58,443 - download - INFO - Событие 1753885272.2393 уже есть в БД
2025-07-30 15:05:58,443 - download - INFO - Обрабатываю событие 1753885661.2429
2025-07-30 15:05:58,443 - download - INFO - Событие 1753885661.2429 уже есть в БД
2025-07-30 15:05:58,444 - download - INFO - Обрабатываю событие 1753885663.2432
2025-07-30 15:05:58,444 - download - INFO - Событие 1753885663.2432 уже есть в БД
2025-07-30 15:05:58,444 - download - INFO - Обрабатываю событие 1753885695.2434
2025-07-30 15:05:58,444 - download - INFO - Событие 1753885695.2434 уже есть в БД
2025-07-30 15:05:58,445 - download - INFO - Обрабатываю событие 1753885572.2426
2025-07-30 15:05:58,445 - download - INFO - Событие 1753885572.2426 уже есть в БД
2025-07-30 15:05:58,445 - download - INFO - Обрабатываю событие 1753885762.2442
2025-07-30 15:05:58,445 - download - INFO - Событие 1753885762.2442 уже есть в БД
2025-07-30 15:05:58,445 - download - INFO - Обрабатываю событие 1753885762.2442
2025-07-30 15:05:58,446 - download - INFO - Событие 1753885762.2442 уже есть в БД
2025-07-30 15:05:58,446 - download - INFO - Обрабатываю событие 1753885894.2457
2025-07-30 15:05:58,446 - download - INFO - Событие 1753885894.2457 уже есть в БД
2025-07-30 15:05:58,446 - download - INFO - Обрабатываю событие 1753885887.2455
2025-07-30 15:05:58,446 - download - INFO - Событие 1753885887.2455 уже есть в БД
2025-07-30 15:05:58,447 - download - INFO - Обрабатываю событие 1753887267.2543
2025-07-30 15:05:58,447 - download - INFO - Событие 1753887267.2543 уже есть в БД
2025-07-30 15:05:58,447 - download - INFO - Обрабатываю событие 1753887267.2543
2025-07-30 15:05:58,448 - download - INFO - Событие 1753887267.2543 уже есть в БД
2025-07-30 15:05:58,479 - download - INFO - Синхронизация live событий для 0388 завершена: 0 новых событий
2025-07-30 15:05:58,479 - download - INFO - Начинаю синхронизацию live событий для предприятия 0389
2025-07-30 15:05:59,798 - download - INFO - Найдено 52 неуспешных событий hangup для 0389
2025-07-30 15:05:59,806 - download - INFO - Обрабатываю событие 1753861913.41
2025-07-30 15:05:59,810 - download - INFO - Событие 1753861913.41 уже есть в БД
2025-07-30 15:05:59,810 - download - INFO - Обрабатываю событие 1753861913.41
2025-07-30 15:05:59,811 - download - INFO - Событие 1753861913.41 уже есть в БД
2025-07-30 15:05:59,811 - download - INFO - Обрабатываю событие 1753870523.310
2025-07-30 15:05:59,812 - download - INFO - Событие 1753870523.310 уже есть в БД
2025-07-30 15:05:59,812 - download - INFO - Обрабатываю событие 1753870523.310
2025-07-30 15:05:59,812 - download - INFO - Событие 1753870523.310 уже есть в БД
2025-07-30 15:05:59,813 - download - INFO - Обрабатываю событие 1753870682.319
2025-07-30 15:05:59,813 - download - INFO - Событие 1753870682.319 уже есть в БД
2025-07-30 15:05:59,813 - download - INFO - Обрабатываю событие 1753870682.319
2025-07-30 15:05:59,814 - download - INFO - Событие 1753870682.319 уже есть в БД
2025-07-30 15:05:59,814 - download - INFO - Обрабатываю событие 1753870825.331
2025-07-30 15:05:59,814 - download - INFO - Событие 1753870825.331 уже есть в БД
2025-07-30 15:05:59,815 - download - INFO - Обрабатываю событие 1753870825.331
2025-07-30 15:05:59,815 - download - INFO - Событие 1753870825.331 уже есть в БД
2025-07-30 15:05:59,816 - download - INFO - Обрабатываю событие 1753871727.370
2025-07-30 15:05:59,816 - download - INFO - Событие 1753871727.370 уже есть в БД
2025-07-30 15:05:59,816 - download - INFO - Обрабатываю событие 1753871727.370
2025-07-30 15:05:59,817 - download - INFO - Событие 1753871727.370 уже есть в БД
2025-07-30 15:05:59,817 - download - INFO - Обрабатываю событие 1753873422.400
2025-07-30 15:05:59,817 - download - INFO - Событие 1753873422.400 уже есть в БД
2025-07-30 15:05:59,818 - download - INFO - Обрабатываю событие 1753873422.400
2025-07-30 15:05:59,818 - download - INFO - Событие 1753873422.400 уже есть в БД
2025-07-30 15:05:59,818 - download - INFO - Обрабатываю событие 1753873456.407
2025-07-30 15:05:59,819 - download - INFO - Событие 1753873456.407 уже есть в БД
2025-07-30 15:05:59,819 - download - INFO - Обрабатываю событие 1753873456.407
2025-07-30 15:05:59,820 - download - INFO - Событие 1753873456.407 уже есть в БД
2025-07-30 15:05:59,820 - download - INFO - Обрабатываю событие 1753873571.419
2025-07-30 15:05:59,820 - download - INFO - Событие 1753873571.419 уже есть в БД
2025-07-30 15:05:59,820 - download - INFO - Обрабатываю событие 1753873571.419
2025-07-30 15:05:59,821 - download - INFO - Событие 1753873571.419 уже есть в БД
2025-07-30 15:05:59,821 - download - INFO - Обрабатываю событие 1753876962.591
2025-07-30 15:05:59,821 - download - INFO - Событие 1753876962.591 уже есть в БД
2025-07-30 15:05:59,822 - download - INFO - Обрабатываю событие 1753876962.591
2025-07-30 15:05:59,822 - download - INFO - Событие 1753876962.591 уже есть в БД
2025-07-30 15:05:59,822 - download - INFO - Обрабатываю событие 1753877022.596
2025-07-30 15:05:59,823 - download - INFO - Событие 1753877022.596 уже есть в БД
2025-07-30 15:05:59,823 - download - INFO - Обрабатываю событие 1753877022.596
2025-07-30 15:05:59,824 - download - INFO - Событие 1753877022.596 уже есть в БД
2025-07-30 15:05:59,824 - download - INFO - Обрабатываю событие 1753877023.599
2025-07-30 15:05:59,824 - download - INFO - Событие 1753877023.599 уже есть в БД
2025-07-30 15:05:59,825 - download - INFO - Обрабатываю событие 1753877023.599
2025-07-30 15:05:59,825 - download - INFO - Событие 1753877023.599 уже есть в БД
2025-07-30 15:05:59,825 - download - INFO - Обрабатываю событие 1753878645.669
2025-07-30 15:05:59,826 - download - INFO - Событие 1753878645.669 уже есть в БД
2025-07-30 15:05:59,826 - download - INFO - Обрабатываю событие 1753878645.669
2025-07-30 15:05:59,826 - download - INFO - Событие 1753878645.669 уже есть в БД
2025-07-30 15:05:59,826 - download - INFO - Обрабатываю событие 1753883103.803
2025-07-30 15:05:59,827 - download - INFO - Событие 1753883103.803 уже есть в БД
2025-07-30 15:05:59,827 - download - INFO - Обрабатываю событие 1753883103.803
2025-07-30 15:05:59,828 - download - INFO - Событие 1753883103.803 уже есть в БД
2025-07-30 15:05:59,828 - download - INFO - Обрабатываю событие 1753883127.806
2025-07-30 15:05:59,828 - download - INFO - Событие 1753883127.806 уже есть в БД
2025-07-30 15:05:59,829 - download - INFO - Обрабатываю событие 1753883127.806
2025-07-30 15:05:59,829 - download - INFO - Событие 1753883127.806 уже есть в БД
2025-07-30 15:05:59,829 - download - INFO - Обрабатываю событие 1753882582.796
2025-07-30 15:05:59,830 - download - INFO - Событие 1753882582.796 уже есть в БД
2025-07-30 15:05:59,830 - download - INFO - Обрабатываю событие 1753882582.796
2025-07-30 15:05:59,830 - download - INFO - Событие 1753882582.796 уже есть в БД
2025-07-30 15:05:59,831 - download - INFO - Обрабатываю событие 1753884111.817
2025-07-30 15:05:59,831 - download - INFO - Событие 1753884111.817 уже есть в БД
2025-07-30 15:05:59,831 - download - INFO - Обрабатываю событие 1753884111.817
2025-07-30 15:05:59,832 - download - INFO - Событие 1753884111.817 уже есть в БД
2025-07-30 15:05:59,832 - download - INFO - Обрабатываю событие 1753885283.852
2025-07-30 15:05:59,833 - download - INFO - Событие 1753885283.852 уже есть в БД
2025-07-30 15:05:59,833 - download - INFO - Обрабатываю событие 1753885283.852
2025-07-30 15:05:59,834 - download - INFO - Событие 1753885283.852 уже есть в БД
2025-07-30 15:05:59,834 - download - INFO - Обрабатываю событие 1753885418.875
2025-07-30 15:05:59,834 - download - INFO - Событие 1753885418.875 уже есть в БД
2025-07-30 15:05:59,834 - download - INFO - Обрабатываю событие 1753886038.881
2025-07-30 15:05:59,835 - download - INFO - Событие 1753886038.881 уже есть в БД
2025-07-30 15:05:59,835 - download - INFO - Обрабатываю событие 1753886038.881
2025-07-30 15:05:59,836 - download - INFO - Событие 1753886038.881 уже есть в БД
2025-07-30 15:05:59,836 - download - INFO - Обрабатываю событие 1753886039.884
2025-07-30 15:05:59,837 - download - INFO - Событие 1753886039.884 уже есть в БД
2025-07-30 15:05:59,837 - download - INFO - Обрабатываю событие 1753886039.884
2025-07-30 15:05:59,837 - download - INFO - Событие 1753886039.884 уже есть в БД
2025-07-30 15:05:59,838 - download - INFO - Обрабатываю событие 1753886080.899
2025-07-30 15:05:59,838 - download - INFO - Событие 1753886080.899 уже есть в БД
2025-07-30 15:05:59,838 - download - INFO - Обрабатываю событие 1753886080.899
2025-07-30 15:05:59,839 - download - INFO - Событие 1753886080.899 уже есть в БД
2025-07-30 15:05:59,839 - download - INFO - Обрабатываю событие 1753887259.926
2025-07-30 15:05:59,839 - download - INFO - Событие 1753887259.926 уже есть в БД
2025-07-30 15:05:59,839 - download - INFO - Обрабатываю событие 1753887259.926
2025-07-30 15:05:59,840 - download - INFO - Событие 1753887259.926 уже есть в БД
2025-07-30 15:05:59,840 - download - INFO - Обрабатываю событие 1753887282.928
2025-07-30 15:05:59,843 - download - INFO - Событие 1753887282.928 уже есть в БД
2025-07-30 15:05:59,843 - download - INFO - Обрабатываю событие 1753887282.928
2025-07-30 15:05:59,843 - download - INFO - Событие 1753887282.928 уже есть в БД
2025-07-30 15:05:59,843 - download - INFO - Обрабатываю событие 1753887503.946
2025-07-30 15:05:59,844 - download - INFO - Событие 1753887503.946 уже есть в БД
2025-07-30 15:05:59,844 - download - INFO - Обрабатываю событие 1753887503.946
2025-07-30 15:05:59,845 - download - INFO - Событие 1753887503.946 уже есть в БД
2025-07-30 15:05:59,845 - download - INFO - Обрабатываю событие 1753887550.949
2025-07-30 15:05:59,845 - download - INFO - Событие 1753887550.949 уже есть в БД
2025-07-30 15:05:59,845 - download - INFO - Обрабатываю событие 1753887550.949
2025-07-30 15:05:59,846 - download - INFO - Событие 1753887550.949 уже есть в БД
2025-07-30 15:05:59,846 - download - INFO - Обрабатываю событие 1753887624.952
2025-07-30 15:05:59,846 - download - INFO - Событие 1753887624.952 уже есть в БД
2025-07-30 15:05:59,847 - download - INFO - Обрабатываю событие 1753887666.956
2025-07-30 15:05:59,847 - download - INFO - Событие 1753887666.956 уже есть в БД
2025-07-30 15:05:59,847 - download - INFO - Обрабатываю событие 1753887681.960
2025-07-30 15:05:59,848 - download - INFO - Событие 1753887681.960 уже есть в БД
2025-07-30 15:05:59,867 - download - INFO - Синхронизация live событий для 0389 завершена: 0 новых событий
2025-07-30 15:05:59,867 - download - INFO - Автосинхронизация: добавлено 8 новых событий
2025-07-30 15:05:59,889 - uvicorn.access - INFO - 127.0.0.1:49886 - "GET /sync/live/today HTTP/1.1" 200
2025-07-30 15:06:03,214 - uvicorn.access - INFO - 127.0.0.1:41706 - "GET /sync/live/today HTTP/1.1" 200
2025-07-30 15:06:55,092 - uvicorn.access - INFO - 127.0.0.1:46230 - "GET /sync/live/today HTTP/1.1" 200
2025-07-30 15:07:45,151 - uvicorn.access - INFO - 127.0.0.1:51346 - "GET /sync/live/today HTTP/1.1" 200
2025-07-30 15:08:26,506 - uvicorn.error - WARNING - StatReload detected changes in 'app/routers/admin.py'. Reloading...
2025-07-30 15:08:26,521 - uvicorn.error - INFO - Shutting down
2025-07-30 15:08:26,621 - uvicorn.error - INFO - Waiting for application shutdown.
2025-07-30 15:08:26,622 - uvicorn.error - INFO - Application shutdown complete.
2025-07-30 15:08:26,622 - uvicorn.error - INFO - Finished server process [3624847]
2025-07-30 15:08:26,736 - asyncio - DEBUG - Using selector: EpollSelector
2025-07-30 15:08:27,542 - uvicorn.error - INFO - Started server process [3632116]
2025-07-30 15:08:27,543 - uvicorn.error - INFO - Waiting for application startup.
2025-07-30 15:08:27,543 - download - INFO - Запуск сервиса загрузки, автосинхронизация каждые 5 минут
2025-07-30 15:08:27,543 - download - INFO - Запуск автоматической синхронизации live событий
2025-07-30 15:08:27,569 - download - INFO - Начинаю синхронизацию live событий для предприятия 0100
2025-07-30 15:08:29,059 - download - INFO - Найдено 0 неуспешных событий hangup для 0100
2025-07-30 15:08:29,059 - download - INFO - Синхронизация live событий для 0100 завершена: 0 новых событий
2025-07-30 15:08:29,059 - download - INFO - Начинаю синхронизацию live событий для предприятия 0103
2025-07-30 15:08:30,294 - download - INFO - Найдено 2 неуспешных событий hangup для 0103
2025-07-30 15:08:30,302 - download - INFO - Обрабатываю событие 1753858720.24
2025-07-30 15:08:30,304 - download - INFO - Событие 1753858720.24 уже есть в БД
2025-07-30 15:08:30,304 - download - INFO - Обрабатываю событие 1753885807.95
2025-07-30 15:08:30,304 - download - INFO - Событие 1753885807.95 уже есть в БД
2025-07-30 15:08:30,317 - download - INFO - Синхронизация live событий для 0103 завершена: 0 новых событий
2025-07-30 15:08:30,318 - download - INFO - Начинаю синхронизацию live событий для предприятия 0104
2025-07-30 15:08:31,807 - download - INFO - Найдено 0 неуспешных событий hangup для 0104
2025-07-30 15:08:31,807 - download - INFO - Синхронизация live событий для 0104 завершена: 0 новых событий
2025-07-30 15:08:31,807 - download - INFO - Начинаю синхронизацию live событий для предприятия 0106
2025-07-30 15:08:33,296 - download - INFO - Найдено 0 неуспешных событий hangup для 0106
2025-07-30 15:08:33,297 - download - INFO - Синхронизация live событий для 0106 завершена: 0 новых событий
2025-07-30 15:08:33,297 - download - INFO - Начинаю синхронизацию live событий для предприятия 0107
2025-07-30 15:08:34,560 - download - INFO - Найдено 8 неуспешных событий hangup для 0107
2025-07-30 15:08:34,568 - download - INFO - Обрабатываю событие 1753860963.124
2025-07-30 15:08:34,570 - download - INFO - Событие 1753860963.124 уже есть в БД
2025-07-30 15:08:34,570 - download - INFO - Обрабатываю событие 1753860963.124
2025-07-30 15:08:34,571 - download - INFO - Событие 1753860963.124 уже есть в БД
2025-07-30 15:08:34,571 - download - INFO - Обрабатываю событие 1753870766.265
2025-07-30 15:08:34,571 - download - INFO - Событие 1753870766.265 уже есть в БД
2025-07-30 15:08:34,571 - download - INFO - Обрабатываю событие 1753870766.265
2025-07-30 15:08:34,572 - download - INFO - Событие 1753870766.265 уже есть в БД
2025-07-30 15:08:34,572 - download - INFO - Обрабатываю событие 1753874485.295
2025-07-30 15:08:34,572 - download - INFO - Событие 1753874485.295 уже есть в БД
2025-07-30 15:08:34,573 - download - INFO - Обрабатываю событие 1753874485.295
2025-07-30 15:08:34,573 - download - INFO - Событие 1753874485.295 уже есть в БД
2025-07-30 15:08:34,573 - download - INFO - Обрабатываю событие 1753878572.374
2025-07-30 15:08:34,574 - download - INFO - Событие 1753878572.374 уже есть в БД
2025-07-30 15:08:34,574 - download - INFO - Обрабатываю событие 1753878572.374
2025-07-30 15:08:34,575 - download - INFO - Событие 1753878572.374 уже есть в БД
2025-07-30 15:08:34,586 - download - INFO - Синхронизация live событий для 0107 завершена: 0 новых событий
2025-07-30 15:08:34,586 - download - INFO - Начинаю синхронизацию live событий для предприятия 0110
2025-07-30 15:08:35,919 - download - INFO - Найдено 0 неуспешных событий hangup для 0110
2025-07-30 15:08:35,919 - download - INFO - Синхронизация live событий для 0110 завершена: 0 новых событий
2025-07-30 15:08:35,919 - download - INFO - Начинаю синхронизацию live событий для предприятия 0111
2025-07-30 15:08:37,180 - download - INFO - Найдено 2 неуспешных событий hangup для 0111
2025-07-30 15:08:37,187 - download - INFO - Обрабатываю событие 1753873455.20
2025-07-30 15:08:37,189 - download - INFO - Событие 1753873455.20 уже есть в БД
2025-07-30 15:08:37,189 - download - INFO - Обрабатываю событие 1753873455.20
2025-07-30 15:08:37,190 - download - INFO - Событие 1753873455.20 уже есть в БД
2025-07-30 15:08:37,201 - download - INFO - Синхронизация live событий для 0111 завершена: 0 новых событий
2025-07-30 15:08:37,201 - download - INFO - Начинаю синхронизацию live событий для предприятия 0113
2025-07-30 15:08:38,616 - download - INFO - Найдено 54 неуспешных событий hangup для 0113
2025-07-30 15:08:38,629 - download - INFO - Обрабатываю событие 1753861862.522
2025-07-30 15:08:38,631 - download - INFO - Событие 1753861862.522 уже есть в БД
2025-07-30 15:08:38,631 - download - INFO - Обрабатываю событие 1753861862.522
2025-07-30 15:08:38,631 - download - INFO - Событие 1753861862.522 уже есть в БД
2025-07-30 15:08:38,631 - download - INFO - Обрабатываю событие 1753863781.600
2025-07-30 15:08:38,632 - download - INFO - Событие 1753863781.600 уже есть в БД
2025-07-30 15:08:38,632 - download - INFO - Обрабатываю событие 1753863781.600
2025-07-30 15:08:38,632 - download - INFO - Событие 1753863781.600 уже есть в БД
2025-07-30 15:08:38,632 - download - INFO - Обрабатываю событие 1753870649.1264
2025-07-30 15:08:38,633 - download - INFO - Событие 1753870649.1264 уже есть в БД
2025-07-30 15:08:38,633 - download - INFO - Обрабатываю событие 1753870649.1264
2025-07-30 15:08:38,634 - download - INFO - Событие 1753870649.1264 уже есть в БД
2025-07-30 15:08:38,634 - download - INFO - Обрабатываю событие 1753870574.1262
2025-07-30 15:08:38,634 - download - INFO - Событие 1753870574.1262 уже есть в БД
2025-07-30 15:08:38,634 - download - INFO - Обрабатываю событие 1753870574.1262
2025-07-30 15:08:38,635 - download - INFO - Событие 1753870574.1262 уже есть в БД
2025-07-30 15:08:38,635 - download - INFO - Обрабатываю событие 1753870685.1272
2025-07-30 15:08:38,635 - download - INFO - Событие 1753870685.1272 уже есть в БД
2025-07-30 15:08:38,635 - download - INFO - Обрабатываю событие 1753870685.1272
2025-07-30 15:08:38,636 - download - INFO - Событие 1753870685.1272 уже есть в БД
2025-07-30 15:08:38,636 - download - INFO - Обрабатываю событие 1753870827.1281
2025-07-30 15:08:38,636 - download - INFO - Событие 1753870827.1281 уже есть в БД
2025-07-30 15:08:38,637 - download - INFO - Обрабатываю событие 1753870827.1281
2025-07-30 15:08:38,637 - download - INFO - Событие 1753870827.1281 уже есть в БД
2025-07-30 15:08:38,637 - download - INFO - Обрабатываю событие 1753871652.1322
2025-07-30 15:08:38,637 - download - INFO - Событие 1753871652.1322 уже есть в БД
2025-07-30 15:08:38,638 - download - INFO - Обрабатываю событие 1753871652.1322
2025-07-30 15:08:38,638 - download - INFO - Событие 1753871652.1322 уже есть в БД
2025-07-30 15:08:38,638 - download - INFO - Обрабатываю событие 1753871837.1347
2025-07-30 15:08:38,639 - download - INFO - Событие 1753871837.1347 уже есть в БД
2025-07-30 15:08:38,639 - download - INFO - Обрабатываю событие 1753871837.1347
2025-07-30 15:08:38,639 - download - INFO - Событие 1753871837.1347 уже есть в БД
2025-07-30 15:08:38,639 - download - INFO - Обрабатываю событие 1753871850.1351
2025-07-30 15:08:38,640 - download - INFO - Событие 1753871850.1351 уже есть в БД
2025-07-30 15:08:38,640 - download - INFO - Обрабатываю событие 1753871850.1351
2025-07-30 15:08:38,640 - download - INFO - Событие 1753871850.1351 уже есть в БД
2025-07-30 15:08:38,640 - download - INFO - Обрабатываю событие 1753876896.1562
2025-07-30 15:08:38,641 - download - INFO - Событие 1753876896.1562 уже есть в БД
2025-07-30 15:08:38,641 - download - INFO - Обрабатываю событие 1753876896.1562
2025-07-30 15:08:38,641 - download - INFO - Событие 1753876896.1562 уже есть в БД
2025-07-30 15:08:38,641 - download - INFO - Обрабатываю событие 1753876951.1566
2025-07-30 15:08:38,642 - download - INFO - Событие 1753876951.1566 уже есть в БД
2025-07-30 15:08:38,643 - download - INFO - Обрабатываю событие 1753876951.1566
2025-07-30 15:08:38,643 - download - INFO - Событие 1753876951.1566 уже есть в БД
2025-07-30 15:08:38,643 - download - INFO - Обрабатываю событие 1753876994.1574
2025-07-30 15:08:38,644 - download - INFO - Событие 1753876994.1574 уже есть в БД
2025-07-30 15:08:38,644 - download - INFO - Обрабатываю событие 1753876994.1574
2025-07-30 15:08:38,645 - download - INFO - Событие 1753876994.1574 уже есть в БД
2025-07-30 15:08:38,645 - download - INFO - Обрабатываю событие 1753878531.1747
2025-07-30 15:08:38,645 - download - INFO - Событие 1753878531.1747 уже есть в БД
2025-07-30 15:08:38,646 - download - INFO - Обрабатываю событие 1753878531.1747
2025-07-30 15:08:38,646 - download - INFO - Событие 1753878531.1747 уже есть в БД
2025-07-30 15:08:38,646 - download - INFO - Обрабатываю событие 1753883008.1947
2025-07-30 15:08:38,647 - download - INFO - Событие 1753883008.1947 уже есть в БД
2025-07-30 15:08:38,647 - download - INFO - Обрабатываю событие 1753883008.1947
2025-07-30 15:08:38,648 - download - INFO - Событие 1753883008.1947 уже есть в БД
2025-07-30 15:08:38,648 - download - INFO - Обрабатываю событие 1753883050.1950
2025-07-30 15:08:38,649 - download - INFO - Событие 1753883050.1950 уже есть в БД
2025-07-30 15:08:38,649 - download - INFO - Обрабатываю событие 1753883050.1950
2025-07-30 15:08:38,649 - download - INFO - Событие 1753883050.1950 уже есть в БД
2025-07-30 15:08:38,650 - download - INFO - Обрабатываю событие 1753883114.1957
2025-07-30 15:08:38,650 - download - INFO - Событие 1753883114.1957 уже есть в БД
2025-07-30 15:08:38,650 - download - INFO - Обрабатываю событие 1753883114.1957
2025-07-30 15:08:38,651 - download - INFO - Событие 1753883114.1957 уже есть в БД
2025-07-30 15:08:38,651 - download - INFO - Обрабатываю событие 1753883099.1952
2025-07-30 15:08:38,651 - download - INFO - Событие 1753883099.1952 уже есть в БД
2025-07-30 15:08:38,652 - download - INFO - Обрабатываю событие 1753883099.1952
2025-07-30 15:08:38,652 - download - INFO - Событие 1753883099.1952 уже есть в БД
2025-07-30 15:08:38,652 - download - INFO - Обрабатываю событие 1753883178.1960
2025-07-30 15:08:38,653 - download - INFO - Событие 1753883178.1960 уже есть в БД
2025-07-30 15:08:38,653 - download - INFO - Обрабатываю событие 1753883178.1960
2025-07-30 15:08:38,654 - download - INFO - Событие 1753883178.1960 уже есть в БД
2025-07-30 15:08:38,654 - download - INFO - Обрабатываю событие 1753883269.1970
2025-07-30 15:08:38,654 - download - INFO - Событие 1753883269.1970 уже есть в БД
2025-07-30 15:08:38,654 - download - INFO - Обрабатываю событие 1753883269.1970
2025-07-30 15:08:38,655 - download - INFO - Событие 1753883269.1970 уже есть в БД
2025-07-30 15:08:38,655 - download - INFO - Обрабатываю событие 1753883303.1977
2025-07-30 15:08:38,655 - download - INFO - Событие 1753883303.1977 уже есть в БД
2025-07-30 15:08:38,655 - download - INFO - Обрабатываю событие 1753883303.1977
2025-07-30 15:08:38,656 - download - INFO - Событие 1753883303.1977 уже есть в БД
2025-07-30 15:08:38,656 - download - INFO - Обрабатываю событие 1753883348.1983
2025-07-30 15:08:38,656 - download - INFO - Событие 1753883348.1983 уже есть в БД
2025-07-30 15:08:38,657 - download - INFO - Обрабатываю событие 1753883348.1983
2025-07-30 15:08:38,657 - download - INFO - Событие 1753883348.1983 уже есть в БД
2025-07-30 15:08:38,657 - download - INFO - Обрабатываю событие 1753883356.1985
2025-07-30 15:08:38,657 - download - INFO - Событие 1753883356.1985 уже есть в БД
2025-07-30 15:08:38,658 - download - INFO - Обрабатываю событие 1753883356.1985
2025-07-30 15:08:38,658 - download - INFO - Событие 1753883356.1985 уже есть в БД
2025-07-30 15:08:38,659 - download - INFO - Обрабатываю событие 1753883381.1990
2025-07-30 15:08:38,659 - download - INFO - Событие 1753883381.1990 уже есть в БД
2025-07-30 15:08:38,660 - download - INFO - Обрабатываю событие 1753883381.1990
2025-07-30 15:08:38,660 - download - INFO - Событие 1753883381.1990 уже есть в БД
2025-07-30 15:08:38,660 - download - INFO - Обрабатываю событие 1753883965.2042
2025-07-30 15:08:38,661 - download - INFO - Событие 1753883965.2042 уже есть в БД
2025-07-30 15:08:38,661 - download - INFO - Обрабатываю событие 1753883965.2042
2025-07-30 15:08:38,661 - download - INFO - Событие 1753883965.2042 уже есть в БД
2025-07-30 15:08:38,661 - download - INFO - Обрабатываю событие 1753885202.2078
2025-07-30 15:08:38,662 - download - INFO - Событие 1753885202.2078 уже есть в БД
2025-07-30 15:08:38,662 - download - INFO - Обрабатываю событие 1753885202.2078
2025-07-30 15:08:38,662 - download - INFO - Событие 1753885202.2078 уже есть в БД
2025-07-30 15:08:38,662 - download - INFO - Обрабатываю событие 1753887529.2139
2025-07-30 15:08:38,662 - download - INFO - Событие 1753887529.2139 уже есть в БД
2025-07-30 15:08:38,663 - download - INFO - Обрабатываю событие 1753887529.2139
2025-07-30 15:08:38,663 - download - INFO - Событие 1753887529.2139 уже есть в БД
2025-07-30 15:08:38,663 - download - INFO - Обрабатываю событие 1753887584.2146
2025-07-30 15:08:38,663 - download - INFO - Событие 1753887584.2146 уже есть в БД
2025-07-30 15:08:38,663 - download - INFO - Обрабатываю событие 1753887584.2146
2025-07-30 15:08:38,663 - download - INFO - Событие 1753887584.2146 уже есть в БД
2025-07-30 15:08:38,673 - download - INFO - Синхронизация live событий для 0113 завершена: 0 новых событий
2025-07-30 15:08:38,673 - download - INFO - Начинаю синхронизацию live событий для предприятия 0114
2025-07-30 15:08:40,180 - download - INFO - Найдено 0 неуспешных событий hangup для 0114
2025-07-30 15:08:40,180 - download - INFO - Синхронизация live событий для 0114 завершена: 0 новых событий
2025-07-30 15:08:40,180 - download - INFO - Начинаю синхронизацию live событий для предприятия 0115
2025-07-30 15:08:41,340 - download - INFO - Найдено 0 неуспешных событий hangup для 0115
2025-07-30 15:08:41,340 - download - INFO - Синхронизация live событий для 0115 завершена: 0 новых событий
2025-07-30 15:08:41,341 - download - INFO - Начинаю синхронизацию live событий для предприятия 0116
2025-07-30 15:08:42,629 - download - INFO - Найдено 5 неуспешных событий hangup для 0116
2025-07-30 15:08:42,635 - download - INFO - Обрабатываю событие 1753882617.266
2025-07-30 15:08:42,637 - download - INFO - Событие 1753882617.266 уже есть в БД
2025-07-30 15:08:42,637 - download - INFO - Обрабатываю событие 1753884019.269
2025-07-30 15:08:42,638 - download - INFO - Событие 1753884019.269 уже есть в БД
2025-07-30 15:08:42,638 - download - INFO - Обрабатываю событие 1753884019.269
2025-07-30 15:08:42,638 - download - INFO - Событие 1753884019.269 уже есть в БД
2025-07-30 15:08:42,638 - download - INFO - Обрабатываю событие 1753885964.272
2025-07-30 15:08:42,638 - download - INFO - Событие 1753885964.272 уже есть в БД
2025-07-30 15:08:42,638 - download - INFO - Обрабатываю событие 1753885964.272
2025-07-30 15:08:42,638 - download - INFO - Событие 1753885964.272 уже есть в БД
2025-07-30 15:08:42,647 - download - INFO - Синхронизация live событий для 0116 завершена: 0 новых событий
2025-07-30 15:08:42,647 - download - INFO - Начинаю синхронизацию live событий для предприятия 0117
2025-07-30 15:08:43,888 - download - INFO - Найдено 14 неуспешных событий hangup для 0117
2025-07-30 15:08:43,896 - download - INFO - Обрабатываю событие 1753873372.840
2025-07-30 15:08:43,898 - download - INFO - Событие 1753873372.840 уже есть в БД
2025-07-30 15:08:43,898 - download - INFO - Обрабатываю событие 1753873372.840
2025-07-30 15:08:43,898 - download - INFO - Событие 1753873372.840 уже есть в БД
2025-07-30 15:08:43,898 - download - INFO - Обрабатываю событие 1753878598.1032
2025-07-30 15:08:43,899 - download - INFO - Событие 1753878598.1032 уже есть в БД
2025-07-30 15:08:43,899 - download - INFO - Обрабатываю событие 1753878598.1032
2025-07-30 15:08:43,899 - download - INFO - Событие 1753878598.1032 уже есть в БД
2025-07-30 15:08:43,899 - download - INFO - Обрабатываю событие 1753883098.1161
2025-07-30 15:08:43,900 - download - INFO - Событие 1753883098.1161 уже есть в БД
2025-07-30 15:08:43,900 - download - INFO - Обрабатываю событие 1753883098.1161
2025-07-30 15:08:43,900 - download - INFO - Событие 1753883098.1161 уже есть в БД
2025-07-30 15:08:43,901 - download - INFO - Обрабатываю событие 1753887133.1319
2025-07-30 15:08:43,901 - download - INFO - Событие 1753887133.1319 уже есть в БД
2025-07-30 15:08:43,901 - download - INFO - Обрабатываю событие 1753887133.1319
2025-07-30 15:08:43,902 - download - INFO - Событие 1753887133.1319 уже есть в БД
2025-07-30 15:08:43,902 - download - INFO - Обрабатываю событие 1753887282.1322
2025-07-30 15:08:43,902 - download - INFO - Событие 1753887282.1322 уже есть в БД
2025-07-30 15:08:43,903 - download - INFO - Обрабатываю событие 1753887282.1322
2025-07-30 15:08:43,903 - download - INFO - Событие 1753887282.1322 уже есть в БД
2025-07-30 15:08:43,903 - download - INFO - Обрабатываю событие 1753887286.1325
2025-07-30 15:08:43,904 - download - INFO - Событие 1753887286.1325 уже есть в БД
2025-07-30 15:08:43,904 - download - INFO - Обрабатываю событие 1753887286.1325
2025-07-30 15:08:43,904 - download - INFO - Событие 1753887286.1325 уже есть в БД
2025-07-30 15:08:43,904 - download - INFO - Обрабатываю событие 1753887365.1332
2025-07-30 15:08:43,905 - download - INFO - Событие 1753887365.1332 уже есть в БД
2025-07-30 15:08:43,905 - download - INFO - Обрабатываю событие 1753887365.1332
2025-07-30 15:08:43,905 - download - INFO - Событие 1753887365.1332 уже есть в БД
2025-07-30 15:08:43,918 - download - INFO - Синхронизация live событий для 0117 завершена: 0 новых событий
2025-07-30 15:08:43,918 - download - INFO - Начинаю синхронизацию live событий для предприятия 0200
2025-07-30 15:08:45,530 - download - INFO - Найдено 0 неуспешных событий hangup для 0200
2025-07-30 15:08:45,530 - download - INFO - Синхронизация live событий для 0200 завершена: 0 новых событий
2025-07-30 15:08:45,530 - download - INFO - Начинаю синхронизацию live событий для предприятия 0201
2025-07-30 15:08:46,931 - uvicorn.error - WARNING - StatReload detected changes in 'app/routers/admin.py'. Reloading...
2025-07-30 15:08:47,069 - download - INFO - Найдено 2 неуспешных событий hangup для 0201
2025-07-30 15:08:47,075 - download - INFO - Обрабатываю событие 1753883028.52
2025-07-30 15:08:47,077 - download - INFO - Событие 1753883028.52 уже есть в БД
2025-07-30 15:08:47,077 - download - INFO - Обрабатываю событие 1753883028.52
2025-07-30 15:08:47,078 - download - INFO - Событие 1753883028.52 уже есть в БД
2025-07-30 15:08:47,087 - download - INFO - Синхронизация live событий для 0201 завершена: 0 новых событий
2025-07-30 15:08:47,087 - download - INFO - Начинаю синхронизацию live событий для предприятия 0206
2025-07-30 15:08:48,267 - download - INFO - Найдено 8 неуспешных событий hangup для 0206
2025-07-30 15:08:48,276 - download - INFO - Обрабатываю событие 1753877040.29
2025-07-30 15:08:48,278 - download - INFO - Событие 1753877040.29 уже есть в БД
2025-07-30 15:08:48,278 - download - INFO - Обрабатываю событие 1753877040.29
2025-07-30 15:08:48,278 - download - INFO - Событие 1753877040.29 уже есть в БД
2025-07-30 15:08:48,279 - download - INFO - Обрабатываю событие 1753884000.55
2025-07-30 15:08:48,279 - download - INFO - Событие 1753884000.55 уже есть в БД
2025-07-30 15:08:48,279 - download - INFO - Обрабатываю событие 1753884000.55
2025-07-30 15:08:48,280 - download - INFO - Событие 1753884000.55 уже есть в БД
2025-07-30 15:08:48,280 - download - INFO - Обрабатываю событие 1753885678.68
2025-07-30 15:08:48,280 - download - INFO - Событие 1753885678.68 уже есть в БД
2025-07-30 15:08:48,280 - download - INFO - Обрабатываю событие 1753885672.65
2025-07-30 15:08:48,280 - download - INFO - Событие 1753885672.65 уже есть в БД
2025-07-30 15:08:48,281 - download - INFO - Обрабатываю событие 1753885884.74
2025-07-30 15:08:48,281 - download - INFO - Событие 1753885884.74 уже есть в БД
2025-07-30 15:08:48,281 - download - INFO - Обрабатываю событие 1753885884.74
2025-07-30 15:08:48,281 - download - INFO - Событие 1753885884.74 уже есть в БД
2025-07-30 15:08:48,293 - download - INFO - Синхронизация live событий для 0206 завершена: 0 новых событий
2025-07-30 15:08:48,293 - download - INFO - Начинаю синхронизацию live событий для предприятия 0223
2025-07-30 15:08:49,492 - download - INFO - Найдено 0 неуспешных событий hangup для 0223
2025-07-30 15:08:49,492 - download - INFO - Синхронизация live событий для 0223 завершена: 0 новых событий
2025-07-30 15:08:49,492 - download - INFO - Начинаю синхронизацию live событий для предприятия 0226
2025-07-30 15:08:50,736 - download - INFO - Найдено 0 неуспешных событий hangup для 0226
2025-07-30 15:08:50,737 - download - INFO - Синхронизация live событий для 0226 завершена: 0 новых событий
2025-07-30 15:08:50,737 - download - INFO - Начинаю синхронизацию live событий для предприятия 0230
2025-07-30 15:08:51,960 - download - INFO - Найдено 17 неуспешных событий hangup для 0230
2025-07-30 15:08:51,968 - download - INFO - Обрабатываю событие 1753861901.112
2025-07-30 15:08:51,970 - download - INFO - Событие 1753861901.112 уже есть в БД
2025-07-30 15:08:51,970 - download - INFO - Обрабатываю событие 1753861901.112
2025-07-30 15:08:51,971 - download - INFO - Событие 1753861901.112 уже есть в БД
2025-07-30 15:08:51,971 - download - INFO - Обрабатываю событие 1753871863.793
2025-07-30 15:08:51,971 - download - INFO - Событие 1753871863.793 уже есть в БД
2025-07-30 15:08:51,971 - download - INFO - Обрабатываю событие 1753871863.793
2025-07-30 15:08:51,972 - download - INFO - Событие 1753871863.793 уже есть в БД
2025-07-30 15:08:51,972 - download - INFO - Обрабатываю событие 1753872479.856
2025-07-30 15:08:51,973 - download - INFO - Событие 1753872479.856 уже есть в БД
2025-07-30 15:08:51,973 - download - INFO - Обрабатываю событие 1753872479.856
2025-07-30 15:08:51,973 - download - INFO - Событие 1753872479.856 уже есть в БД
2025-07-30 15:08:51,973 - download - INFO - Обрабатываю событие 1753878590.1129
2025-07-30 15:08:51,974 - download - INFO - Событие 1753878590.1129 уже есть в БД
2025-07-30 15:08:51,974 - download - INFO - Обрабатываю событие 1753878590.1129
2025-07-30 15:08:51,974 - download - INFO - Событие 1753878590.1129 уже есть в БД
2025-07-30 15:08:51,975 - download - INFO - Обрабатываю событие 1753878669.1131
2025-07-30 15:08:51,975 - download - INFO - Событие 1753878669.1131 уже есть в БД
2025-07-30 15:08:51,975 - download - INFO - Обрабатываю событие 1753878669.1131
2025-07-30 15:08:51,976 - download - INFO - Событие 1753878669.1131 уже есть в БД
2025-07-30 15:08:51,976 - download - INFO - Обрабатываю событие 1753882970.1330
2025-07-30 15:08:51,976 - download - INFO - Событие 1753882970.1330 уже есть в БД
2025-07-30 15:08:51,977 - download - INFO - Обрабатываю событие 1753882970.1330
2025-07-30 15:08:51,977 - download - INFO - Событие 1753882970.1330 уже есть в БД
2025-07-30 15:08:51,977 - download - INFO - Обрабатываю событие 1753884609.1368
2025-07-30 15:08:51,977 - download - INFO - Событие 1753884609.1368 уже есть в БД
2025-07-30 15:08:51,978 - download - INFO - Обрабатываю событие 1753884609.1368
2025-07-30 15:08:51,978 - download - INFO - Событие 1753884609.1368 уже есть в БД
2025-07-30 15:08:51,978 - download - INFO - Обрабатываю событие 1753885516.0
2025-07-30 15:08:51,979 - download - INFO - Событие 1753885516.0 уже есть в БД
2025-07-30 15:08:51,979 - download - INFO - Обрабатываю событие 1753885731.15
2025-07-30 15:08:51,979 - download - INFO - Событие 1753885731.15 уже есть в БД
2025-07-30 15:08:51,980 - download - INFO - Обрабатываю событие 1753887475.70
2025-07-30 15:08:51,980 - download - INFO - Событие 1753887475.70 уже есть в БД
2025-07-30 15:08:51,992 - download - INFO - Синхронизация live событий для 0230 завершена: 0 новых событий
2025-07-30 15:08:51,992 - download - INFO - Начинаю синхронизацию live событий для предприятия 0233
2025-07-30 15:08:53,365 - download - INFO - Найдено 93 неуспешных событий hangup для 0233
2025-07-30 15:08:53,372 - download - INFO - Обрабатываю событие 1753870428.6501
2025-07-30 15:08:53,374 - download - INFO - Событие 1753870428.6501 уже есть в БД
2025-07-30 15:08:53,374 - download - INFO - Обрабатываю событие 1753870428.6501
2025-07-30 15:08:53,374 - download - INFO - Событие 1753870428.6501 уже есть в БД
2025-07-30 15:08:53,374 - download - INFO - Обрабатываю событие 1753870430.6504
2025-07-30 15:08:53,375 - download - INFO - Событие 1753870430.6504 уже есть в БД
2025-07-30 15:08:53,375 - download - INFO - Обрабатываю событие 1753870430.6504
2025-07-30 15:08:53,376 - download - INFO - Событие 1753870430.6504 уже есть в БД
2025-07-30 15:08:53,376 - download - INFO - Обрабатываю событие 1753870570.6563
2025-07-30 15:08:53,376 - download - INFO - Событие 1753870570.6563 уже есть в БД
2025-07-30 15:08:53,376 - download - INFO - Обрабатываю событие 1753870570.6563
2025-07-30 15:08:53,376 - download - INFO - Событие 1753870570.6563 уже есть в БД
2025-07-30 15:08:53,376 - download - INFO - Обрабатываю событие 1753870731.6616
2025-07-30 15:08:53,376 - download - INFO - Событие 1753870731.6616 уже есть в БД
2025-07-30 15:08:53,377 - download - INFO - Обрабатываю событие 1753870731.6616
2025-07-30 15:08:53,377 - download - INFO - Событие 1753870731.6616 уже есть в БД
2025-07-30 15:08:53,377 - download - INFO - Обрабатываю событие 1753870714.6614
2025-07-30 15:08:53,377 - download - INFO - Событие 1753870714.6614 уже есть в БД
2025-07-30 15:08:53,377 - download - INFO - Обрабатываю событие 1753870714.6614
2025-07-30 15:08:53,377 - download - INFO - Событие 1753870714.6614 уже есть в БД
2025-07-30 15:08:53,377 - download - INFO - Обрабатываю событие 1753870689.6605
2025-07-30 15:08:53,378 - download - INFO - Событие 1753870689.6605 уже есть в БД
2025-07-30 15:08:53,378 - download - INFO - Обрабатываю событие 1753870689.6605
2025-07-30 15:08:53,378 - download - INFO - Событие 1753870689.6605 уже есть в БД
2025-07-30 15:08:53,378 - download - INFO - Обрабатываю событие 1753870814.6679
2025-07-30 15:08:53,378 - download - INFO - Событие 1753870814.6679 уже есть в БД
2025-07-30 15:08:53,378 - download - INFO - Обрабатываю событие 1753870814.6679
2025-07-30 15:08:53,379 - download - INFO - Событие 1753870814.6679 уже есть в БД
2025-07-30 15:08:53,379 - download - INFO - Обрабатываю событие 1753871840.7376
2025-07-30 15:08:53,379 - download - INFO - Событие 1753871840.7376 уже есть в БД
2025-07-30 15:08:53,379 - download - INFO - Обрабатываю событие 1753871840.7376
2025-07-30 15:08:53,379 - download - INFO - Событие 1753871840.7376 уже есть в БД
2025-07-30 15:08:53,379 - download - INFO - Обрабатываю событие 1753871843.7383
2025-07-30 15:08:53,379 - download - INFO - Событие 1753871843.7383 уже есть в БД
2025-07-30 15:08:53,380 - download - INFO - Обрабатываю событие 1753871843.7383
2025-07-30 15:08:53,380 - download - INFO - Событие 1753871843.7383 уже есть в БД
2025-07-30 15:08:53,380 - download - INFO - Обрабатываю событие 1753871832.7358
2025-07-30 15:08:53,380 - download - INFO - Событие 1753871832.7358 уже есть в БД
2025-07-30 15:08:53,380 - download - INFO - Обрабатываю событие 1753871832.7358
2025-07-30 15:08:53,381 - download - INFO - Событие 1753871832.7358 уже есть в БД
2025-07-30 15:08:53,381 - download - INFO - Обрабатываю событие 1753872455.7608
2025-07-30 15:08:53,381 - download - INFO - Событие 1753872455.7608 уже есть в БД
2025-07-30 15:08:53,381 - download - INFO - Обрабатываю событие 1753872455.7608
2025-07-30 15:08:53,381 - download - INFO - Событие 1753872455.7608 уже есть в БД
2025-07-30 15:08:53,381 - download - INFO - Обрабатываю событие 1753873371.8018
2025-07-30 15:08:53,381 - download - INFO - Событие 1753873371.8018 уже есть в БД
2025-07-30 15:08:53,382 - download - INFO - Обрабатываю событие 1753873371.8018
2025-07-30 15:08:53,382 - download - INFO - Событие 1753873371.8018 уже есть в БД
2025-07-30 15:08:53,382 - download - INFO - Обрабатываю событие 1753873367.8015
2025-07-30 15:08:53,383 - download - INFO - Событие 1753873367.8015 уже есть в БД
2025-07-30 15:08:53,383 - download - INFO - Обрабатываю событие 1753873367.8015
2025-07-30 15:08:53,383 - download - INFO - Событие 1753873367.8015 уже есть в БД
2025-07-30 15:08:53,383 - download - INFO - Обрабатываю событие 1753873447.8064
2025-07-30 15:08:53,383 - download - INFO - Событие 1753873447.8064 уже есть в БД
2025-07-30 15:08:53,383 - download - INFO - Обрабатываю событие 1753873447.8064
2025-07-30 15:08:53,383 - download - INFO - Событие 1753873447.8064 уже есть в БД
2025-07-30 15:08:53,383 - download - INFO - Обрабатываю событие 1753873269.7995
2025-07-30 15:08:53,384 - download - INFO - Событие 1753873269.7995 уже есть в БД
2025-07-30 15:08:53,384 - download - INFO - Обрабатываю событие 1753873269.7995
2025-07-30 15:08:53,384 - download - INFO - Событие 1753873269.7995 уже есть в БД
2025-07-30 15:08:53,384 - download - INFO - Обрабатываю событие 1753874626.8778
2025-07-30 15:08:53,385 - download - INFO - Событие 1753874626.8778 уже есть в БД
2025-07-30 15:08:53,385 - download - INFO - Обрабатываю событие 1753874626.8778
2025-07-30 15:08:53,385 - download - INFO - Событие 1753874626.8778 уже есть в БД
2025-07-30 15:08:53,385 - download - INFO - Обрабатываю событие 1753874663.8802
2025-07-30 15:08:53,386 - download - INFO - Событие 1753874663.8802 уже есть в БД
2025-07-30 15:08:53,386 - download - INFO - Обрабатываю событие 1753874663.8802
2025-07-30 15:08:53,386 - download - INFO - Событие 1753874663.8802 уже есть в БД
2025-07-30 15:08:53,386 - download - INFO - Обрабатываю событие 1753874663.8803
2025-07-30 15:08:53,386 - download - INFO - Событие 1753874663.8803 уже есть в БД
2025-07-30 15:08:53,386 - download - INFO - Обрабатываю событие 1753874663.8803
2025-07-30 15:08:53,387 - download - INFO - Событие 1753874663.8803 уже есть в БД
2025-07-30 15:08:53,387 - download - INFO - Обрабатываю событие 1753876743.9530
2025-07-30 15:08:53,387 - download - INFO - Событие 1753876743.9530 уже есть в БД
2025-07-30 15:08:53,387 - download - INFO - Обрабатываю событие 1753876743.9530
2025-07-30 15:08:53,387 - download - INFO - Событие 1753876743.9530 уже есть в БД
2025-07-30 15:08:53,387 - download - INFO - Обрабатываю событие 1753876957.9583
2025-07-30 15:08:53,388 - download - INFO - Событие 1753876957.9583 уже есть в БД
2025-07-30 15:08:53,388 - download - INFO - Обрабатываю событие 1753876957.9583
2025-07-30 15:08:53,388 - download - INFO - Событие 1753876957.9583 уже есть в БД
2025-07-30 15:08:53,388 - download - INFO - Обрабатываю событие 1753878490.10038
2025-07-30 15:08:53,388 - download - INFO - Событие 1753878490.10038 уже есть в БД
2025-07-30 15:08:53,388 - download - INFO - Обрабатываю событие 1753878492.10041
2025-07-30 15:08:53,389 - download - INFO - Событие 1753878492.10041 уже есть в БД
2025-07-30 15:08:53,389 - download - INFO - Обрабатываю событие 1753878570.10079
2025-07-30 15:08:53,389 - download - INFO - Событие 1753878570.10079 уже есть в БД
2025-07-30 15:08:53,389 - download - INFO - Обрабатываю событие 1753878570.10079
2025-07-30 15:08:53,389 - download - INFO - Событие 1753878570.10079 уже есть в БД
2025-07-30 15:08:53,389 - download - INFO - Обрабатываю событие 1753878572.10082
2025-07-30 15:08:53,389 - download - INFO - Событие 1753878572.10082 уже есть в БД
2025-07-30 15:08:53,390 - download - INFO - Обрабатываю событие 1753878572.10082
2025-07-30 15:08:53,390 - download - INFO - Событие 1753878572.10082 уже есть в БД
2025-07-30 15:08:53,390 - download - INFO - Обрабатываю событие 1753878637.10091
2025-07-30 15:08:53,390 - download - INFO - Событие 1753878637.10091 уже есть в БД
2025-07-30 15:08:53,390 - download - INFO - Обрабатываю событие 1753878637.10091
2025-07-30 15:08:53,390 - download - INFO - Событие 1753878637.10091 уже есть в БД
2025-07-30 15:08:53,390 - download - INFO - Обрабатываю событие 1753878640.10094
2025-07-30 15:08:53,391 - download - INFO - Событие 1753878640.10094 уже есть в БД
2025-07-30 15:08:53,391 - download - INFO - Обрабатываю событие 1753878640.10094
2025-07-30 15:08:53,392 - download - INFO - Событие 1753878640.10094 уже есть в БД
2025-07-30 15:08:53,392 - download - INFO - Обрабатываю событие 1753882973.11257
2025-07-30 15:08:53,392 - download - INFO - Событие 1753882973.11257 уже есть в БД
2025-07-30 15:08:53,392 - download - INFO - Обрабатываю событие 1753882973.11257
2025-07-30 15:08:53,392 - download - INFO - Событие 1753882973.11257 уже есть в БД
2025-07-30 15:08:53,392 - download - INFO - Обрабатываю событие 1753882976.11260
2025-07-30 15:08:53,393 - download - INFO - Событие 1753882976.11260 уже есть в БД
2025-07-30 15:08:53,393 - download - INFO - Обрабатываю событие 1753882976.11260
2025-07-30 15:08:53,393 - download - INFO - Событие 1753882976.11260 уже есть в БД
2025-07-30 15:08:53,393 - download - INFO - Обрабатываю событие 1753883159.11277
2025-07-30 15:08:53,393 - download - INFO - Событие 1753883159.11277 уже есть в БД
2025-07-30 15:08:53,393 - download - INFO - Обрабатываю событие 1753883159.11277
2025-07-30 15:08:53,394 - download - INFO - Событие 1753883159.11277 уже есть в БД
2025-07-30 15:08:53,394 - download - INFO - Обрабатываю событие 1753883161.11280
2025-07-30 15:08:53,394 - download - INFO - Событие 1753883161.11280 уже есть в БД
2025-07-30 15:08:53,394 - download - INFO - Обрабатываю событие 1753883161.11280
2025-07-30 15:08:53,394 - download - INFO - Событие 1753883161.11280 уже есть в БД
2025-07-30 15:08:53,394 - download - INFO - Обрабатываю событие 1753883196.11293
2025-07-30 15:08:53,395 - download - INFO - Событие 1753883196.11293 уже есть в БД
2025-07-30 15:08:53,395 - download - INFO - Обрабатываю событие 1753883193.11290
2025-07-30 15:08:53,395 - download - INFO - Событие 1753883193.11290 уже есть в БД
2025-07-30 15:08:53,395 - download - INFO - Обрабатываю событие 1753883189.11283
2025-07-30 15:08:53,395 - download - INFO - Событие 1753883189.11283 уже есть в БД
2025-07-30 15:08:53,396 - download - INFO - Обрабатываю событие 1753883189.11283
2025-07-30 15:08:53,396 - download - INFO - Событие 1753883189.11283 уже есть в БД
2025-07-30 15:08:53,396 - download - INFO - Обрабатываю событие 1753883191.11286
2025-07-30 15:08:53,396 - download - INFO - Событие 1753883191.11286 уже есть в БД
2025-07-30 15:08:53,396 - download - INFO - Обрабатываю событие 1753883191.11286
2025-07-30 15:08:53,397 - download - INFO - Событие 1753883191.11286 уже есть в БД
2025-07-30 15:08:53,397 - download - INFO - Обрабатываю событие 1753883402.11312
2025-07-30 15:08:53,397 - download - INFO - Событие 1753883402.11312 уже есть в БД
2025-07-30 15:08:53,397 - download - INFO - Обрабатываю событие 1753885215.11895
2025-07-30 15:08:53,397 - download - INFO - Событие 1753885215.11895 уже есть в БД
2025-07-30 15:08:53,398 - download - INFO - Обрабатываю событие 1753885673.12031
2025-07-30 15:08:53,398 - download - INFO - Событие 1753885673.12031 уже есть в БД
2025-07-30 15:08:53,398 - download - INFO - Обрабатываю событие 1753885670.12028
2025-07-30 15:08:53,398 - download - INFO - Событие 1753885670.12028 уже есть в БД
2025-07-30 15:08:53,398 - download - INFO - Обрабатываю событие 1753885821.12067
2025-07-30 15:08:53,399 - download - INFO - Событие 1753885821.12067 уже есть в БД
2025-07-30 15:08:53,399 - download - INFO - Обрабатываю событие 1753885826.12070
2025-07-30 15:08:53,399 - download - INFO - Событие 1753885826.12070 уже есть в БД
2025-07-30 15:08:53,399 - download - INFO - Обрабатываю событие 1753885713.12033
2025-07-30 15:08:53,400 - download - INFO - Событие 1753885713.12033 уже есть в БД
2025-07-30 15:08:53,400 - download - INFO - Обрабатываю событие 1753885981.12131
2025-07-30 15:08:53,400 - download - INFO - Событие 1753885981.12131 уже есть в БД
2025-07-30 15:08:53,401 - download - INFO - Обрабатываю событие 1753885981.12131
2025-07-30 15:08:53,401 - download - INFO - Событие 1753885981.12131 уже есть в БД
2025-07-30 15:08:53,401 - download - INFO - Обрабатываю событие 1753885984.12135
2025-07-30 15:08:53,401 - download - INFO - Событие 1753885984.12135 уже есть в БД
2025-07-30 15:08:53,401 - download - INFO - Обрабатываю событие 1753885984.12135
2025-07-30 15:08:53,402 - download - INFO - Событие 1753885984.12135 уже есть в БД
2025-07-30 15:08:53,402 - download - INFO - Обрабатываю событие 1753886073.12170
2025-07-30 15:08:53,402 - download - INFO - Событие 1753886073.12170 уже есть в БД
2025-07-30 15:08:53,402 - download - INFO - Обрабатываю событие 1753886073.12170
2025-07-30 15:08:53,403 - download - INFO - Событие 1753886073.12170 уже есть в БД
2025-07-30 15:08:53,403 - download - INFO - Обрабатываю событие 1753886074.12173
2025-07-30 15:08:53,403 - download - INFO - Событие 1753886074.12173 уже есть в БД
2025-07-30 15:08:53,403 - download - INFO - Обрабатываю событие 1753886074.12173
2025-07-30 15:08:53,403 - download - INFO - Событие 1753886074.12173 уже есть в БД
2025-07-30 15:08:53,403 - download - INFO - Обрабатываю событие 1753885944.12104
2025-07-30 15:08:53,404 - download - INFO - Событие 1753885944.12104 уже есть в БД
2025-07-30 15:08:53,404 - download - INFO - Обрабатываю событие 1753885944.12104
2025-07-30 15:08:53,404 - download - INFO - Событие 1753885944.12104 уже есть в БД
2025-07-30 15:08:53,404 - download - INFO - Обрабатываю событие 1753886422.12296
2025-07-30 15:08:53,405 - download - INFO - Событие 1753886422.12296 уже есть в БД
2025-07-30 15:08:53,405 - download - INFO - Обрабатываю событие 1753886422.12296
2025-07-30 15:08:53,405 - download - INFO - Событие 1753886422.12296 уже есть в БД
2025-07-30 15:08:53,405 - download - INFO - Обрабатываю событие 1753887105.12638
2025-07-30 15:08:53,406 - download - INFO - Событие 1753887105.12638 уже есть в БД
2025-07-30 15:08:53,406 - download - INFO - Обрабатываю событие 1753887105.12638
2025-07-30 15:08:53,406 - download - INFO - Событие 1753887105.12638 уже есть в БД
2025-07-30 15:08:53,406 - download - INFO - Обрабатываю событие 1753887394.12779
2025-07-30 15:08:53,406 - download - INFO - Событие 1753887394.12779 уже есть в БД
2025-07-30 15:08:53,407 - download - INFO - Обрабатываю событие 1753887394.12779
2025-07-30 15:08:53,407 - download - INFO - Событие 1753887394.12779 уже есть в БД
2025-07-30 15:08:53,407 - download - INFO - Обрабатываю событие 1753887396.12782
2025-07-30 15:08:53,407 - download - INFO - Событие 1753887396.12782 уже есть в БД
2025-07-30 15:08:53,407 - download - INFO - Обрабатываю событие 1753887396.12782
2025-07-30 15:08:53,408 - download - INFO - Событие 1753887396.12782 уже есть в БД
2025-07-30 15:08:53,408 - download - INFO - Обрабатываю событие 1753887434.12786
2025-07-30 15:08:53,409 - download - INFO - Событие 1753887434.12786 уже есть в БД
2025-07-30 15:08:53,409 - download - INFO - Обрабатываю событие 1753887434.12786
2025-07-30 15:08:53,409 - download - INFO - Событие 1753887434.12786 уже есть в БД
2025-07-30 15:08:53,409 - download - INFO - Обрабатываю событие 1753887588.12800
2025-07-30 15:08:53,410 - download - INFO - Событие 1753887588.12800 уже есть в БД
2025-07-30 15:08:53,410 - download - INFO - Обрабатываю событие 1753887588.12800
2025-07-30 15:08:53,410 - download - INFO - Событие 1753887588.12800 уже есть в БД
2025-07-30 15:08:53,420 - download - INFO - Синхронизация live событий для 0233 завершена: 0 новых событий
2025-07-30 15:08:53,420 - download - INFO - Начинаю синхронизацию live событий для предприятия 0245
2025-07-30 15:08:54,687 - download - INFO - Найдено 1 неуспешных событий hangup для 0245
2025-07-30 15:08:54,694 - download - INFO - Обрабатываю событие 1753873667.63
2025-07-30 15:08:54,702 - download - INFO - Событие 1753873667.63 уже есть в БД
2025-07-30 15:08:54,737 - download - INFO - Синхронизация live событий для 0245 завершена: 0 новых событий
2025-07-30 15:08:54,737 - download - INFO - Начинаю синхронизацию live событий для предприятия 0246
2025-07-30 15:08:56,448 - download - INFO - Найдено 19 неуспешных событий hangup для 0246
2025-07-30 15:08:56,456 - download - INFO - Обрабатываю событие 1753870716.248
2025-07-30 15:08:56,459 - download - INFO - Событие 1753870716.248 уже есть в БД
2025-07-30 15:08:56,459 - download - INFO - Обрабатываю событие 1753870716.248
2025-07-30 15:08:56,460 - download - INFO - Событие 1753870716.248 уже есть в БД
2025-07-30 15:08:56,460 - download - INFO - Обрабатываю событие 1753870804.253
2025-07-30 15:08:56,460 - download - INFO - Событие 1753870804.253 уже есть в БД
2025-07-30 15:08:56,460 - download - INFO - Обрабатываю событие 1753870804.253
2025-07-30 15:08:56,461 - download - INFO - Событие 1753870804.253 уже есть в БД
2025-07-30 15:08:56,461 - download - INFO - Обрабатываю событие 1753871529.276
2025-07-30 15:08:56,461 - download - INFO - Событие 1753871529.276 уже есть в БД
2025-07-30 15:08:56,461 - download - INFO - Обрабатываю событие 1753871529.276
2025-07-30 15:08:56,461 - download - INFO - Событие 1753871529.276 уже есть в БД
2025-07-30 15:08:56,461 - download - INFO - Обрабатываю событие 1753878532.451
2025-07-30 15:08:56,462 - download - INFO - Событие 1753878532.451 уже есть в БД
2025-07-30 15:08:56,462 - download - INFO - Обрабатываю событие 1753878532.451
2025-07-30 15:08:56,465 - download - INFO - Событие 1753878532.451 уже есть в БД
2025-07-30 15:08:56,465 - download - INFO - Обрабатываю событие 1753883328.505
2025-07-30 15:08:56,466 - download - INFO - Событие 1753883328.505 уже есть в БД
2025-07-30 15:08:56,466 - download - INFO - Обрабатываю событие 1753883328.505
2025-07-30 15:08:56,466 - download - INFO - Событие 1753883328.505 уже есть в БД
2025-07-30 15:08:56,466 - download - INFO - Обрабатываю событие 1753885635.525
2025-07-30 15:08:56,466 - download - INFO - Событие 1753885635.525 уже есть в БД
2025-07-30 15:08:56,466 - download - INFO - Обрабатываю событие 1753887099.556
2025-07-30 15:08:56,467 - download - INFO - Событие 1753887099.556 уже есть в БД
2025-07-30 15:08:56,467 - download - INFO - Обрабатываю событие 1753887099.556
2025-07-30 15:08:56,467 - download - INFO - Событие 1753887099.556 уже есть в БД
2025-07-30 15:08:56,467 - download - INFO - Обрабатываю событие 1753887474.561
2025-07-30 15:08:56,468 - download - INFO - Событие 1753887474.561 уже есть в БД
2025-07-30 15:08:56,468 - download - INFO - Обрабатываю событие 1753887474.561
2025-07-30 15:08:56,469 - download - INFO - Событие 1753887474.561 уже есть в БД
2025-07-30 15:08:56,469 - download - INFO - Обрабатываю событие 1753887571.567
2025-07-30 15:08:56,469 - download - INFO - Событие 1753887571.567 уже есть в БД
2025-07-30 15:08:56,469 - download - INFO - Обрабатываю событие 1753887571.567
2025-07-30 15:08:56,469 - download - INFO - Событие 1753887571.567 уже есть в БД
2025-07-30 15:08:56,469 - download - INFO - Обрабатываю событие 1753887522.565
2025-07-30 15:08:56,470 - download - INFO - Событие 1753887522.565 уже есть в БД
2025-07-30 15:08:56,470 - download - INFO - Обрабатываю событие 1753887522.565
2025-07-30 15:08:56,470 - download - INFO - Событие 1753887522.565 уже есть в БД
2025-07-30 15:08:56,480 - download - INFO - Синхронизация live событий для 0246 завершена: 0 новых событий
2025-07-30 15:08:56,480 - download - INFO - Начинаю синхронизацию live событий для предприятия 0252
2025-07-30 15:08:57,779 - download - INFO - Найдено 0 неуспешных событий hangup для 0252
2025-07-30 15:08:57,779 - download - INFO - Синхронизация live событий для 0252 завершена: 0 новых событий
2025-07-30 15:08:57,779 - download - INFO - Начинаю синхронизацию live событий для предприятия 0262
2025-07-30 15:08:59,047 - download - INFO - Найдено 83 неуспешных событий hangup для 0262
2025-07-30 15:08:59,054 - download - INFO - Обрабатываю событие 1753861744.2295
2025-07-30 15:08:59,055 - download - INFO - Событие 1753861744.2295 уже есть в БД
2025-07-30 15:08:59,055 - download - INFO - Обрабатываю событие 1753861744.2295
2025-07-30 15:08:59,056 - download - INFO - Событие 1753861744.2295 уже есть в БД
2025-07-30 15:08:59,056 - download - INFO - Обрабатываю событие 1753861919.2313
2025-07-30 15:08:59,056 - download - INFO - Событие 1753861919.2313 уже есть в БД
2025-07-30 15:08:59,056 - download - INFO - Обрабатываю событие 1753861919.2313
2025-07-30 15:08:59,056 - download - INFO - Событие 1753861919.2313 уже есть в БД
2025-07-30 15:08:59,056 - download - INFO - Обрабатываю событие 1753861931.2323
2025-07-30 15:08:59,057 - download - INFO - Событие 1753861931.2323 уже есть в БД
2025-07-30 15:08:59,057 - download - INFO - Обрабатываю событие 1753861931.2323
2025-07-30 15:08:59,057 - download - INFO - Событие 1753861931.2323 уже есть в БД
2025-07-30 15:08:59,057 - download - INFO - Обрабатываю событие 1753862109.2347
2025-07-30 15:08:59,058 - download - INFO - Событие 1753862109.2347 уже есть в БД
2025-07-30 15:08:59,059 - download - INFO - Обрабатываю событие 1753862169.2350
2025-07-30 15:08:59,059 - download - INFO - Событие 1753862169.2350 уже есть в БД
2025-07-30 15:08:59,059 - download - INFO - Обрабатываю событие 1753863788.2851
2025-07-30 15:08:59,060 - download - INFO - Событие 1753863788.2851 уже есть в БД
2025-07-30 15:08:59,060 - download - INFO - Обрабатываю событие 1753863788.2851
2025-07-30 15:08:59,061 - download - INFO - Событие 1753863788.2851 уже есть в БД
2025-07-30 15:08:59,061 - download - INFO - Обрабатываю событие 1753863829.2863
2025-07-30 15:08:59,061 - download - INFO - Событие 1753863829.2863 уже есть в БД
2025-07-30 15:08:59,062 - download - INFO - Обрабатываю событие 1753863829.2863
2025-07-30 15:08:59,062 - download - INFO - Событие 1753863829.2863 уже есть в БД
2025-07-30 15:08:59,062 - download - INFO - Обрабатываю событие 1753865141.3390
2025-07-30 15:08:59,062 - download - INFO - Событие 1753865141.3390 уже есть в БД
2025-07-30 15:08:59,062 - download - INFO - Обрабатываю событие 1753865100.3362
2025-07-30 15:08:59,063 - download - INFO - Событие 1753865100.3362 уже есть в БД
2025-07-30 15:08:59,063 - download - INFO - Обрабатываю событие 1753865097.3361
2025-07-30 15:08:59,063 - download - INFO - Событие 1753865097.3361 уже есть в БД
2025-07-30 15:08:59,063 - download - INFO - Обрабатываю событие 1753865040.3337
2025-07-30 15:08:59,063 - download - INFO - Событие 1753865040.3337 уже есть в БД
2025-07-30 15:08:59,064 - download - INFO - Обрабатываю событие 1753865169.3395
2025-07-30 15:08:59,064 - download - INFO - Событие 1753865169.3395 уже есть в БД
2025-07-30 15:08:59,064 - download - INFO - Обрабатываю событие 1753869650.4726
2025-07-30 15:08:59,064 - download - INFO - Событие 1753869650.4726 уже есть в БД
2025-07-30 15:08:59,064 - download - INFO - Обрабатываю событие 1753869670.4734
2025-07-30 15:08:59,064 - download - INFO - Событие 1753869670.4734 уже есть в БД
2025-07-30 15:08:59,064 - download - INFO - Обрабатываю событие 1753870638.4936
2025-07-30 15:08:59,065 - download - INFO - Событие 1753870638.4936 уже есть в БД
2025-07-30 15:08:59,065 - download - INFO - Обрабатываю событие 1753870638.4936
2025-07-30 15:08:59,065 - download - INFO - Событие 1753870638.4936 уже есть в БД
2025-07-30 15:08:59,065 - download - INFO - Обрабатываю событие 1753870578.4912
2025-07-30 15:08:59,065 - download - INFO - Событие 1753870578.4912 уже есть в БД
2025-07-30 15:08:59,065 - download - INFO - Обрабатываю событие 1753870578.4912
2025-07-30 15:08:59,066 - download - INFO - Событие 1753870578.4912 уже есть в БД
2025-07-30 15:08:59,066 - download - INFO - Обрабатываю событие 1753870549.4903
2025-07-30 15:08:59,066 - download - INFO - Событие 1753870549.4903 уже есть в БД
2025-07-30 15:08:59,066 - download - INFO - Обрабатываю событие 1753870549.4903
2025-07-30 15:08:59,066 - download - INFO - Событие 1753870549.4903 уже есть в БД
2025-07-30 15:08:59,066 - download - INFO - Обрабатываю событие 1753871815.5165
2025-07-30 15:08:59,067 - download - INFO - Событие 1753871815.5165 уже есть в БД
2025-07-30 15:08:59,067 - download - INFO - Обрабатываю событие 1753871815.5165
2025-07-30 15:08:59,067 - download - INFO - Событие 1753871815.5165 уже есть в БД
2025-07-30 15:08:59,067 - download - INFO - Обрабатываю событие 1753871809.5163
2025-07-30 15:08:59,067 - download - INFO - Событие 1753871809.5163 уже есть в БД
2025-07-30 15:08:59,067 - download - INFO - Обрабатываю событие 1753871809.5163
2025-07-30 15:08:59,068 - download - INFO - Событие 1753871809.5163 уже есть в БД
2025-07-30 15:08:59,068 - download - INFO - Обрабатываю событие 1753871827.5178
2025-07-30 15:08:59,068 - download - INFO - Событие 1753871827.5178 уже есть в БД
2025-07-30 15:08:59,068 - download - INFO - Обрабатываю событие 1753871827.5178
2025-07-30 15:08:59,068 - download - INFO - Событие 1753871827.5178 уже есть в БД
2025-07-30 15:08:59,068 - download - INFO - Обрабатываю событие 1753872382.5466
2025-07-30 15:08:59,069 - download - INFO - Событие 1753872382.5466 уже есть в БД
2025-07-30 15:08:59,069 - download - INFO - Обрабатываю событие 1753872382.5466
2025-07-30 15:08:59,069 - download - INFO - Событие 1753872382.5466 уже есть в БД
2025-07-30 15:08:59,069 - download - INFO - Обрабатываю событие 1753872246.5405
2025-07-30 15:08:59,069 - download - INFO - Событие 1753872246.5405 уже есть в БД
2025-07-30 15:08:59,069 - download - INFO - Обрабатываю событие 1753872246.5405
2025-07-30 15:08:59,070 - download - INFO - Событие 1753872246.5405 уже есть в БД
2025-07-30 15:08:59,070 - download - INFO - Обрабатываю событие 1753872441.5486
2025-07-30 15:08:59,070 - download - INFO - Событие 1753872441.5486 уже есть в БД
2025-07-30 15:08:59,070 - download - INFO - Обрабатываю событие 1753872441.5486
2025-07-30 15:08:59,070 - download - INFO - Событие 1753872441.5486 уже есть в БД
2025-07-30 15:08:59,070 - download - INFO - Обрабатываю событие 1753873468.5600
2025-07-30 15:08:59,071 - download - INFO - Событие 1753873468.5600 уже есть в БД
2025-07-30 15:08:59,071 - download - INFO - Обрабатываю событие 1753873468.5600
2025-07-30 15:08:59,071 - download - INFO - Событие 1753873468.5600 уже есть в БД
2025-07-30 15:08:59,071 - download - INFO - Обрабатываю событие 1753873487.5604
2025-07-30 15:08:59,071 - download - INFO - Событие 1753873487.5604 уже есть в БД
2025-07-30 15:08:59,071 - download - INFO - Обрабатываю событие 1753873487.5604
2025-07-30 15:08:59,071 - download - INFO - Событие 1753873487.5604 уже есть в БД
2025-07-30 15:08:59,072 - download - INFO - Обрабатываю событие 1753873312.5576
2025-07-30 15:08:59,072 - download - INFO - Событие 1753873312.5576 уже есть в БД
2025-07-30 15:08:59,072 - download - INFO - Обрабатываю событие 1753873312.5576
2025-07-30 15:08:59,072 - download - INFO - Событие 1753873312.5576 уже есть в БД
2025-07-30 15:08:59,072 - download - INFO - Обрабатываю событие 1753873764.5658
2025-07-30 15:08:59,072 - download - INFO - Событие 1753873764.5658 уже есть в БД
2025-07-30 15:08:59,072 - download - INFO - Обрабатываю событие 1753873761.5657
2025-07-30 15:08:59,073 - download - INFO - Событие 1753873761.5657 уже есть в БД
2025-07-30 15:08:59,073 - download - INFO - Обрабатываю событие 1753874634.5814
2025-07-30 15:08:59,073 - download - INFO - Событие 1753874634.5814 уже есть в БД
2025-07-30 15:08:59,073 - download - INFO - Обрабатываю событие 1753874634.5814
2025-07-30 15:08:59,073 - download - INFO - Событие 1753874634.5814 уже есть в БД
2025-07-30 15:08:59,074 - download - INFO - Обрабатываю событие 1753874536.5787
2025-07-30 15:08:59,074 - download - INFO - Событие 1753874536.5787 уже есть в БД
2025-07-30 15:08:59,074 - download - INFO - Обрабатываю событие 1753874536.5787
2025-07-30 15:08:59,075 - download - INFO - Событие 1753874536.5787 уже есть в БД
2025-07-30 15:08:59,075 - download - INFO - Обрабатываю событие 1753874594.5805
2025-07-30 15:08:59,075 - download - INFO - Событие 1753874594.5805 уже есть в БД
2025-07-30 15:08:59,075 - download - INFO - Обрабатываю событие 1753874594.5805
2025-07-30 15:08:59,075 - download - INFO - Событие 1753874594.5805 уже есть в БД
2025-07-30 15:08:59,075 - download - INFO - Обрабатываю событие 1753881716.6936
2025-07-30 15:08:59,075 - download - INFO - Событие 1753881716.6936 уже есть в БД
2025-07-30 15:08:59,076 - download - INFO - Обрабатываю событие 1753881686.6928
2025-07-30 15:08:59,076 - download - INFO - Событие 1753881686.6928 уже есть в БД
2025-07-30 15:08:59,076 - download - INFO - Обрабатываю событие 1753882970.7188
2025-07-30 15:08:59,076 - download - INFO - Событие 1753882970.7188 уже есть в БД
2025-07-30 15:08:59,076 - download - INFO - Обрабатываю событие 1753882970.7188
2025-07-30 15:08:59,076 - download - INFO - Событие 1753882970.7188 уже есть в БД
2025-07-30 15:08:59,076 - download - INFO - Обрабатываю событие 1753882923.7178
2025-07-30 15:08:59,077 - download - INFO - Событие 1753882923.7178 уже есть в БД
2025-07-30 15:08:59,077 - download - INFO - Обрабатываю событие 1753882923.7178
2025-07-30 15:08:59,077 - download - INFO - Событие 1753882923.7178 уже есть в БД
2025-07-30 15:08:59,077 - download - INFO - Обрабатываю событие 1753883060.7199
2025-07-30 15:08:59,078 - download - INFO - Событие 1753883060.7199 уже есть в БД
2025-07-30 15:08:59,078 - download - INFO - Обрабатываю событие 1753883060.7199
2025-07-30 15:08:59,078 - download - INFO - Событие 1753883060.7199 уже есть в БД
2025-07-30 15:08:59,078 - download - INFO - Обрабатываю событие 1753883242.7215
2025-07-30 15:08:59,078 - download - INFO - Событие 1753883242.7215 уже есть в БД
2025-07-30 15:08:59,078 - download - INFO - Обрабатываю событие 1753883242.7215
2025-07-30 15:08:59,079 - download - INFO - Событие 1753883242.7215 уже есть в БД
2025-07-30 15:08:59,079 - download - INFO - Обрабатываю событие 1753883445.7231
2025-07-30 15:08:59,079 - download - INFO - Событие 1753883445.7231 уже есть в БД
2025-07-30 15:08:59,079 - download - INFO - Обрабатываю событие 1753883445.7231
2025-07-30 15:08:59,079 - download - INFO - Событие 1753883445.7231 уже есть в БД
2025-07-30 15:08:59,079 - download - INFO - Обрабатываю событие 1753883988.7341
2025-07-30 15:08:59,079 - download - INFO - Событие 1753883988.7341 уже есть в БД
2025-07-30 15:08:59,079 - download - INFO - Обрабатываю событие 1753883988.7341
2025-07-30 15:08:59,080 - download - INFO - Событие 1753883988.7341 уже есть в БД
2025-07-30 15:08:59,080 - download - INFO - Обрабатываю событие 1753884598.7432
2025-07-30 15:08:59,080 - download - INFO - Событие 1753884598.7432 уже есть в БД
2025-07-30 15:08:59,080 - download - INFO - Обрабатываю событие 1753884598.7432
2025-07-30 15:08:59,080 - download - INFO - Событие 1753884598.7432 уже есть в БД
2025-07-30 15:08:59,080 - download - INFO - Обрабатываю событие 1753884642.7434
2025-07-30 15:08:59,080 - download - INFO - Событие 1753884642.7434 уже есть в БД
2025-07-30 15:08:59,080 - download - INFO - Обрабатываю событие 1753884642.7434
2025-07-30 15:08:59,081 - download - INFO - Событие 1753884642.7434 уже есть в БД
2025-07-30 15:08:59,081 - download - INFO - Обрабатываю событие 1753885731.3
2025-07-30 15:08:59,081 - download - INFO - Событие 1753885731.3 уже есть в БД
2025-07-30 15:08:59,081 - download - INFO - Обрабатываю событие 1753885814.6
2025-07-30 15:08:59,081 - download - INFO - Событие 1753885814.6 уже есть в БД
2025-07-30 15:08:59,081 - download - INFO - Обрабатываю событие 1753885865.9
2025-07-30 15:08:59,082 - download - INFO - Событие 1753885865.9 уже есть в БД
2025-07-30 15:08:59,082 - download - INFO - Обрабатываю событие 1753885878.12
2025-07-30 15:08:59,082 - download - INFO - Событие 1753885878.12 уже есть в БД
2025-07-30 15:08:59,082 - download - INFO - Обрабатываю событие 1753885967.18
2025-07-30 15:08:59,082 - download - INFO - Событие 1753885967.18 уже есть в БД
2025-07-30 15:08:59,082 - download - INFO - Обрабатываю событие 1753885967.18
2025-07-30 15:08:59,082 - download - INFO - Событие 1753885967.18 уже есть в БД
2025-07-30 15:08:59,083 - download - INFO - Обрабатываю событие 1753886348.46
2025-07-30 15:08:59,083 - download - INFO - Событие 1753886348.46 уже есть в БД
2025-07-30 15:08:59,083 - download - INFO - Обрабатываю событие 1753886348.46
2025-07-30 15:08:59,083 - download - INFO - Событие 1753886348.46 уже есть в БД
2025-07-30 15:08:59,083 - download - INFO - Обрабатываю событие 1753887149.115
2025-07-30 15:08:59,083 - download - INFO - Событие 1753887149.115 уже есть в БД
2025-07-30 15:08:59,083 - download - INFO - Обрабатываю событие 1753887149.115
2025-07-30 15:08:59,084 - download - INFO - Событие 1753887149.115 уже есть в БД
2025-07-30 15:08:59,084 - download - INFO - Обрабатываю событие 1753887460.125
2025-07-30 15:08:59,084 - download - INFO - Событие 1753887460.125 уже есть в БД
2025-07-30 15:08:59,084 - download - INFO - Обрабатываю событие 1753887460.125
2025-07-30 15:08:59,085 - download - INFO - Событие 1753887460.125 уже есть в БД
2025-07-30 15:08:59,085 - download - INFO - Обрабатываю событие 1753887646.141
2025-07-30 15:08:59,085 - download - INFO - Событие 1753887646.141 уже есть в БД
2025-07-30 15:08:59,085 - download - INFO - Обрабатываю событие 1753887646.141
2025-07-30 15:08:59,085 - download - INFO - Событие 1753887646.141 уже есть в БД
2025-07-30 15:08:59,097 - download - INFO - Синхронизация live событий для 0262 завершена: 0 новых событий
2025-07-30 15:08:59,097 - download - INFO - Начинаю синхронизацию live событий для предприятия 0263
2025-07-30 15:09:00,236 - download - INFO - Найдено 12 неуспешных событий hangup для 0263
2025-07-30 15:09:00,243 - download - INFO - Обрабатываю событие 1753861588.226
2025-07-30 15:09:00,244 - download - INFO - Событие 1753861588.226 уже есть в БД
2025-07-30 15:09:00,244 - download - INFO - Обрабатываю событие 1753861588.226
2025-07-30 15:09:00,245 - download - INFO - Событие 1753861588.226 уже есть в БД
2025-07-30 15:09:00,245 - download - INFO - Обрабатываю событие 1753871850.715
2025-07-30 15:09:00,245 - download - INFO - Событие 1753871850.715 уже есть в БД
2025-07-30 15:09:00,245 - download - INFO - Обрабатываю событие 1753871850.715
2025-07-30 15:09:00,245 - download - INFO - Событие 1753871850.715 уже есть в БД
2025-07-30 15:09:00,245 - download - INFO - Обрабатываю событие 1753883259.1087
2025-07-30 15:09:00,246 - download - INFO - Событие 1753883259.1087 уже есть в БД
2025-07-30 15:09:00,246 - download - INFO - Обрабатываю событие 1753883280.1102
2025-07-30 15:09:00,246 - download - INFO - Событие 1753883280.1102 уже есть в БД
2025-07-30 15:09:00,246 - download - INFO - Обрабатываю событие 1753883280.1102
2025-07-30 15:09:00,246 - download - INFO - Событие 1753883280.1102 уже есть в БД
2025-07-30 15:09:00,246 - download - INFO - Обрабатываю событие 1753885925.1186
2025-07-30 15:09:00,247 - download - INFO - Событие 1753885925.1186 уже есть в БД
2025-07-30 15:09:00,247 - download - INFO - Обрабатываю событие 1753887223.1231
2025-07-30 15:09:00,247 - download - INFO - Событие 1753887223.1231 уже есть в БД
2025-07-30 15:09:00,247 - download - INFO - Обрабатываю событие 1753887223.1231
2025-07-30 15:09:00,247 - download - INFO - Событие 1753887223.1231 уже есть в БД
2025-07-30 15:09:00,247 - download - INFO - Обрабатываю событие 1753887243.1246
2025-07-30 15:09:00,247 - download - INFO - Событие 1753887243.1246 уже есть в БД
2025-07-30 15:09:00,248 - download - INFO - Обрабатываю событие 1753887243.1246
2025-07-30 15:09:00,248 - download - INFO - Событие 1753887243.1246 уже есть в БД
2025-07-30 15:09:00,257 - download - INFO - Синхронизация live событий для 0263 завершена: 0 новых событий
2025-07-30 15:09:00,258 - download - INFO - Начинаю синхронизацию live событий для предприятия 0270
2025-07-30 15:09:01,542 - download - INFO - Найдено 0 неуспешных событий hangup для 0270
2025-07-30 15:09:01,542 - download - INFO - Синхронизация live событий для 0270 завершена: 0 новых событий
2025-07-30 15:09:01,542 - download - INFO - Начинаю синхронизацию live событий для предприятия 0271
2025-07-30 15:09:02,649 - download - INFO - Найдено 4 неуспешных событий hangup для 0271
2025-07-30 15:09:02,658 - download - INFO - Обрабатываю событие 1753873412.206
2025-07-30 15:09:02,659 - download - INFO - Событие 1753873412.206 уже есть в БД
2025-07-30 15:09:02,659 - download - INFO - Обрабатываю событие 1753873412.206
2025-07-30 15:09:02,660 - download - INFO - Событие 1753873412.206 уже есть в БД
2025-07-30 15:09:02,660 - download - INFO - Обрабатываю событие 1753883060.277
2025-07-30 15:09:02,660 - download - INFO - Событие 1753883060.277 уже есть в БД
2025-07-30 15:09:02,660 - download - INFO - Обрабатываю событие 1753883060.277
2025-07-30 15:09:02,660 - download - INFO - Событие 1753883060.277 уже есть в БД
2025-07-30 15:09:02,673 - download - INFO - Синхронизация live событий для 0271 завершена: 0 новых событий
2025-07-30 15:09:02,673 - download - INFO - Начинаю синхронизацию live событий для предприятия 0275
2025-07-30 15:09:03,859 - download - INFO - Найдено 14 неуспешных событий hangup для 0275
2025-07-30 15:09:03,867 - download - INFO - Обрабатываю событие 1753861140.86
2025-07-30 15:09:03,869 - download - INFO - Событие 1753861140.86 уже есть в БД
2025-07-30 15:09:03,869 - download - INFO - Обрабатываю событие 1753861140.86
2025-07-30 15:09:03,870 - download - INFO - Событие 1753861140.86 уже есть в БД
2025-07-30 15:09:03,870 - download - INFO - Обрабатываю событие 1753861137.83
2025-07-30 15:09:03,871 - download - INFO - Событие 1753861137.83 уже есть в БД
2025-07-30 15:09:03,871 - download - INFO - Обрабатываю событие 1753861137.83
2025-07-30 15:09:03,871 - download - INFO - Событие 1753861137.83 уже есть в БД
2025-07-30 15:09:03,871 - download - INFO - Обрабатываю событие 1753873437.314
2025-07-30 15:09:03,872 - download - INFO - Событие 1753873437.314 уже есть в БД
2025-07-30 15:09:03,872 - download - INFO - Обрабатываю событие 1753873437.314
2025-07-30 15:09:03,872 - download - INFO - Событие 1753873437.314 уже есть в БД
2025-07-30 15:09:03,872 - download - INFO - Обрабатываю событие 1753873414.306
2025-07-30 15:09:03,873 - download - INFO - Событие 1753873414.306 уже есть в БД
2025-07-30 15:09:03,873 - download - INFO - Обрабатываю событие 1753873414.306
2025-07-30 15:09:03,873 - download - INFO - Событие 1753873414.306 уже есть в БД
2025-07-30 15:09:03,873 - download - INFO - Обрабатываю событие 1753882929.505
2025-07-30 15:09:03,874 - download - INFO - Событие 1753882929.505 уже есть в БД
2025-07-30 15:09:03,874 - download - INFO - Обрабатываю событие 1753882929.505
2025-07-30 15:09:03,874 - download - INFO - Событие 1753882929.505 уже есть в БД
2025-07-30 15:09:03,874 - download - INFO - Обрабатываю событие 1753883342.516
2025-07-30 15:09:03,874 - download - INFO - Событие 1753883342.516 уже есть в БД
2025-07-30 15:09:03,874 - download - INFO - Обрабатываю событие 1753883342.516
2025-07-30 15:09:03,874 - download - INFO - Событие 1753883342.516 уже есть в БД
2025-07-30 15:09:03,875 - download - INFO - Обрабатываю событие 1753885758.578
2025-07-30 15:09:03,875 - download - INFO - Событие 1753885758.578 уже есть в БД
2025-07-30 15:09:03,875 - download - INFO - Обрабатываю событие 1753885736.570
2025-07-30 15:09:03,875 - download - INFO - Событие 1753885736.570 уже есть в БД
2025-07-30 15:09:03,888 - download - INFO - Синхронизация live событий для 0275 завершена: 0 новых событий
2025-07-30 15:09:03,888 - download - INFO - Начинаю синхронизацию live событий для предприятия 0280
2025-07-30 15:09:05,103 - download - INFO - Найдено 6 неуспешных событий hangup для 0280
2025-07-30 15:09:05,111 - download - INFO - Обрабатываю событие 1753862762.187
2025-07-30 15:09:05,113 - download - INFO - Событие 1753862762.187 уже есть в БД
2025-07-30 15:09:05,113 - download - INFO - Обрабатываю событие 1753887173.674
2025-07-30 15:09:05,114 - download - INFO - Событие 1753887173.674 уже есть в БД
2025-07-30 15:09:05,114 - download - INFO - Обрабатываю событие 1753887173.674
2025-07-30 15:09:05,114 - download - INFO - Событие 1753887173.674 уже есть в БД
2025-07-30 15:09:05,114 - download - INFO - Обрабатываю событие 1753887551.677
2025-07-30 15:09:05,115 - download - INFO - Событие 1753887551.677 уже есть в БД
2025-07-30 15:09:05,115 - download - INFO - Обрабатываю событие 1753887672.680
2025-07-30 15:09:05,115 - download - INFO - Событие 1753887672.680 уже есть в БД
2025-07-30 15:09:05,116 - download - INFO - Обрабатываю событие 1753887672.680
2025-07-30 15:09:05,116 - download - INFO - Событие 1753887672.680 уже есть в БД
2025-07-30 15:09:05,127 - download - INFO - Синхронизация live событий для 0280 завершена: 0 новых событий
2025-07-30 15:09:05,128 - download - INFO - Начинаю синхронизацию live событий для предприятия 0281
2025-07-30 15:09:06,484 - download - INFO - Найдено 24 неуспешных событий hangup для 0281
2025-07-30 15:09:06,492 - download - INFO - Обрабатываю событие 1753861900.338
2025-07-30 15:09:06,495 - download - INFO - Событие 1753861900.338 уже есть в БД
2025-07-30 15:09:06,496 - download - INFO - Обрабатываю событие 1753861900.338
2025-07-30 15:09:06,496 - download - INFO - Событие 1753861900.338 уже есть в БД
2025-07-30 15:09:06,496 - download - INFO - Обрабатываю событие 1753861921.341
2025-07-30 15:09:06,496 - download - INFO - Событие 1753861921.341 уже есть в БД
2025-07-30 15:09:06,496 - download - INFO - Обрабатываю событие 1753861921.341
2025-07-30 15:09:06,497 - download - INFO - Событие 1753861921.341 уже есть в БД
2025-07-30 15:09:06,497 - download - INFO - Обрабатываю событие 1753872489.679
2025-07-30 15:09:06,497 - download - INFO - Событие 1753872489.679 уже есть в БД
2025-07-30 15:09:06,497 - download - INFO - Обрабатываю событие 1753872489.679
2025-07-30 15:09:06,498 - download - INFO - Событие 1753872489.679 уже есть в БД
2025-07-30 15:09:06,498 - download - INFO - Обрабатываю событие 1753873422.689
2025-07-30 15:09:06,498 - download - INFO - Событие 1753873422.689 уже есть в БД
2025-07-30 15:09:06,498 - download - INFO - Обрабатываю событие 1753873422.689
2025-07-30 15:09:06,498 - download - INFO - Событие 1753873422.689 уже есть в БД
2025-07-30 15:09:06,498 - download - INFO - Обрабатываю событие 1753874589.727
2025-07-30 15:09:06,499 - download - INFO - Событие 1753874589.727 уже есть в БД
2025-07-30 15:09:06,499 - download - INFO - Обрабатываю событие 1753874589.727
2025-07-30 15:09:06,499 - download - INFO - Событие 1753874589.727 уже есть в БД
2025-07-30 15:09:06,499 - download - INFO - Обрабатываю событие 1753878600.875
2025-07-30 15:09:06,500 - download - INFO - Событие 1753878600.875 уже есть в БД
2025-07-30 15:09:06,500 - download - INFO - Обрабатываю событие 1753878600.875
2025-07-30 15:09:06,500 - download - INFO - Событие 1753878600.875 уже есть в БД
2025-07-30 15:09:06,500 - download - INFO - Обрабатываю событие 1753878603.878
2025-07-30 15:09:06,500 - download - INFO - Событие 1753878603.878 уже есть в БД
2025-07-30 15:09:06,500 - download - INFO - Обрабатываю событие 1753878603.878
2025-07-30 15:09:06,501 - download - INFO - Событие 1753878603.878 уже есть в БД
2025-07-30 15:09:06,501 - download - INFO - Обрабатываю событие 1753878646.884
2025-07-30 15:09:06,501 - download - INFO - Событие 1753878646.884 уже есть в БД
2025-07-30 15:09:06,501 - download - INFO - Обрабатываю событие 1753878646.884
2025-07-30 15:09:06,502 - download - INFO - Событие 1753878646.884 уже есть в БД
2025-07-30 15:09:06,502 - download - INFO - Обрабатываю событие 1753878699.887
2025-07-30 15:09:06,502 - download - INFO - Событие 1753878699.887 уже есть в БД
2025-07-30 15:09:06,502 - download - INFO - Обрабатываю событие 1753878699.887
2025-07-30 15:09:06,503 - download - INFO - Событие 1753878699.887 уже есть в БД
2025-07-30 15:09:06,503 - download - INFO - Обрабатываю событие 1753883113.1168
2025-07-30 15:09:06,503 - download - INFO - Событие 1753883113.1168 уже есть в БД
2025-07-30 15:09:06,503 - download - INFO - Обрабатываю событие 1753883113.1168
2025-07-30 15:09:06,503 - download - INFO - Событие 1753883113.1168 уже есть в БД
2025-07-30 15:09:06,504 - download - INFO - Обрабатываю событие 1753883332.1172
2025-07-30 15:09:06,504 - download - INFO - Событие 1753883332.1172 уже есть в БД
2025-07-30 15:09:06,504 - download - INFO - Обрабатываю событие 1753883332.1172
2025-07-30 15:09:06,504 - download - INFO - Событие 1753883332.1172 уже есть в БД
2025-07-30 15:09:06,504 - download - INFO - Обрабатываю событие 1753883334.1175
2025-07-30 15:09:06,505 - download - INFO - Событие 1753883334.1175 уже есть в БД
2025-07-30 15:09:06,505 - download - INFO - Обрабатываю событие 1753883334.1175
2025-07-30 15:09:06,505 - download - INFO - Событие 1753883334.1175 уже есть в БД
2025-07-30 15:09:06,520 - download - INFO - Синхронизация live событий для 0281 завершена: 0 новых событий
2025-07-30 15:09:06,521 - download - INFO - Начинаю синхронизацию live событий для предприятия 0283
2025-07-30 15:09:07,984 - download - INFO - Найдено 2 неуспешных событий hangup для 0283
2025-07-30 15:09:07,993 - download - INFO - Обрабатываю событие 1753884512.379
2025-07-30 15:09:07,995 - download - INFO - Событие 1753884512.379 уже есть в БД
2025-07-30 15:09:07,995 - download - INFO - Обрабатываю событие 1753884512.379
2025-07-30 15:09:07,995 - download - INFO - Событие 1753884512.379 уже есть в БД
2025-07-30 15:09:08,008 - download - INFO - Синхронизация live событий для 0283 завершена: 0 новых событий
2025-07-30 15:09:08,008 - download - INFO - Начинаю синхронизацию live событий для предприятия 0286
2025-07-30 15:09:09,260 - download - INFO - Найдено 16 неуспешных событий hangup для 0286
2025-07-30 15:09:09,268 - download - INFO - Обрабатываю событие 1753861895.284
2025-07-30 15:09:09,270 - download - INFO - Событие 1753861895.284 уже есть в БД
2025-07-30 15:09:09,270 - download - INFO - Обрабатываю событие 1753861895.284
2025-07-30 15:09:09,272 - download - INFO - Событие 1753861895.284 уже есть в БД
2025-07-30 15:09:09,272 - download - INFO - Обрабатываю событие 1753861898.287
2025-07-30 15:09:09,273 - download - INFO - Событие 1753861898.287 уже есть в БД
2025-07-30 15:09:09,273 - download - INFO - Обрабатываю событие 1753861898.287
2025-07-30 15:09:09,273 - download - INFO - Событие 1753861898.287 уже есть в БД
2025-07-30 15:09:09,273 - download - INFO - Обрабатываю событие 1753873483.757
2025-07-30 15:09:09,273 - download - INFO - Событие 1753873483.757 уже есть в БД
2025-07-30 15:09:09,273 - download - INFO - Обрабатываю событие 1753873483.757
2025-07-30 15:09:09,273 - download - INFO - Событие 1753873483.757 уже есть в БД
2025-07-30 15:09:09,274 - download - INFO - Обрабатываю событие 1753876926.881
2025-07-30 15:09:09,274 - download - INFO - Событие 1753876926.881 уже есть в БД
2025-07-30 15:09:09,274 - download - INFO - Обрабатываю событие 1753876926.881
2025-07-30 15:09:09,274 - download - INFO - Событие 1753876926.881 уже есть в БД
2025-07-30 15:09:09,275 - download - INFO - Обрабатываю событие 1753876995.896
2025-07-30 15:09:09,275 - download - INFO - Событие 1753876995.896 уже есть в БД
2025-07-30 15:09:09,275 - download - INFO - Обрабатываю событие 1753876995.896
2025-07-30 15:09:09,275 - download - INFO - Событие 1753876995.896 уже есть в БД
2025-07-30 15:09:09,275 - download - INFO - Обрабатываю событие 1753876993.893
2025-07-30 15:09:09,275 - download - INFO - Событие 1753876993.893 уже есть в БД
2025-07-30 15:09:09,275 - download - INFO - Обрабатываю событие 1753876993.893
2025-07-30 15:09:09,276 - download - INFO - Событие 1753876993.893 уже есть в БД
2025-07-30 15:09:09,276 - download - INFO - Обрабатываю событие 1753883020.1082
2025-07-30 15:09:09,276 - download - INFO - Событие 1753883020.1082 уже есть в БД
2025-07-30 15:09:09,276 - download - INFO - Обрабатываю событие 1753883020.1082
2025-07-30 15:09:09,276 - download - INFO - Событие 1753883020.1082 уже есть в БД
2025-07-30 15:09:09,276 - download - INFO - Обрабатываю событие 1753883018.1079
2025-07-30 15:09:09,277 - download - INFO - Событие 1753883018.1079 уже есть в БД
2025-07-30 15:09:09,277 - download - INFO - Обрабатываю событие 1753883018.1079
2025-07-30 15:09:09,277 - download - INFO - Событие 1753883018.1079 уже есть в БД
2025-07-30 15:09:09,288 - download - INFO - Синхронизация live событий для 0286 завершена: 0 новых событий
2025-07-30 15:09:09,288 - download - INFO - Начинаю синхронизацию live событий для предприятия 0288
2025-07-30 15:09:10,443 - download - INFO - Найдено 2 неуспешных событий hangup для 0288
2025-07-30 15:09:10,451 - download - INFO - Обрабатываю событие 1753874643.34
2025-07-30 15:09:10,455 - download - INFO - Событие 1753874643.34 уже есть в БД
2025-07-30 15:09:10,455 - download - INFO - Обрабатываю событие 1753874643.34
2025-07-30 15:09:10,455 - download - INFO - Событие 1753874643.34 уже есть в БД
2025-07-30 15:09:10,465 - download - INFO - Синхронизация live событий для 0288 завершена: 0 новых событий
2025-07-30 15:09:10,465 - download - INFO - Начинаю синхронизацию live событий для предприятия 0291
2025-07-30 15:09:12,029 - download - INFO - Найдено 2 неуспешных событий hangup для 0291
2025-07-30 15:09:12,039 - download - INFO - Обрабатываю событие 1753883374.203
2025-07-30 15:09:12,041 - download - INFO - Событие 1753883374.203 уже есть в БД
2025-07-30 15:09:12,041 - download - INFO - Обрабатываю событие 1753883374.203
2025-07-30 15:09:12,041 - download - INFO - Событие 1753883374.203 уже есть в БД
2025-07-30 15:09:12,052 - download - INFO - Синхронизация live событий для 0291 завершена: 0 новых событий
2025-07-30 15:09:12,052 - download - INFO - Начинаю синхронизацию live событий для предприятия 0292
2025-07-30 15:09:13,321 - download - INFO - Найдено 0 неуспешных событий hangup для 0292
2025-07-30 15:09:13,322 - download - INFO - Синхронизация live событий для 0292 завершена: 0 новых событий
2025-07-30 15:09:13,322 - download - INFO - Начинаю синхронизацию live событий для предприятия 0294
2025-07-30 15:09:14,655 - download - INFO - Найдено 2 неуспешных событий hangup для 0294
2025-07-30 15:09:14,663 - download - INFO - Обрабатываю событие 1753887046.48
2025-07-30 15:09:14,664 - download - INFO - Событие 1753887046.48 уже есть в БД
2025-07-30 15:09:14,665 - download - INFO - Обрабатываю событие 1753887046.48
2025-07-30 15:09:14,665 - download - INFO - Событие 1753887046.48 уже есть в БД
2025-07-30 15:09:14,676 - download - INFO - Синхронизация live событий для 0294 завершена: 0 новых событий
2025-07-30 15:09:14,677 - download - INFO - Начинаю синхронизацию live событий для предприятия 0295
2025-07-30 15:09:15,848 - download - INFO - Найдено 6 неуспешных событий hangup для 0295
2025-07-30 15:09:15,857 - download - INFO - Обрабатываю событие 1753874522.93
2025-07-30 15:09:15,859 - download - INFO - Событие 1753874522.93 уже есть в БД
2025-07-30 15:09:15,859 - download - INFO - Обрабатываю событие 1753874522.93
2025-07-30 15:09:15,859 - download - INFO - Событие 1753874522.93 уже есть в БД
2025-07-30 15:09:15,860 - download - INFO - Обрабатываю событие 1753878521.167
2025-07-30 15:09:15,860 - download - INFO - Событие 1753878521.167 уже есть в БД
2025-07-30 15:09:15,860 - download - INFO - Обрабатываю событие 1753878521.167
2025-07-30 15:09:15,861 - download - INFO - Событие 1753878521.167 уже есть в БД
2025-07-30 15:09:15,861 - download - INFO - Обрабатываю событие 1753883027.219
2025-07-30 15:09:15,861 - download - INFO - Событие 1753883027.219 уже есть в БД
2025-07-30 15:09:15,862 - download - INFO - Обрабатываю событие 1753883027.219
2025-07-30 15:09:15,862 - download - INFO - Событие 1753883027.219 уже есть в БД
2025-07-30 15:09:15,876 - download - INFO - Синхронизация live событий для 0295 завершена: 0 новых событий
2025-07-30 15:09:15,876 - download - INFO - Начинаю синхронизацию live событий для предприятия 0298
2025-07-30 15:09:16,078 - download - ERROR - Ошибка выполнения команды: 
2025-07-30 15:09:16,078 - download - INFO - Найдено 0 неуспешных событий hangup для 0298
2025-07-30 15:09:16,078 - download - INFO - Синхронизация live событий для 0298 завершена: 0 новых событий
2025-07-30 15:09:16,078 - download - INFO - Начинаю синхронизацию live событий для предприятия 0307
